=== node=pgi15-gpu9.iff.kfa-juelich.de Thu Jul 23 05:19:06 AM UTC 2026 ===
=== AOJ=1 graphax=e2f83df core: a face slot callable may return the micro-action it chose ===
=== alphagrad=babcf3f approx: per-slot chooser so face masking happens against the live operand ===
usage: ppo_ray.py [-h] [--seed SEED] [--dataset DATASET] [--lr LR]
                  [--latency-inner-reps LATENCY_INNER_REPS] [--name NAME]
                  [--wandb {disabled,offline,online}] [--episodes EPISODES]
                  [--no-jit] [--exec-on-gpu]
                  [--cpu-actor-num-gpus CPU_ACTOR_NUM_GPUS]
                  [--best-sequences-json BEST_SEQUENCES_JSON]
                  [--best-sequences-every BEST_SEQUENCES_EVERY]
                  [--example EXAMPLE] [--cmp-type {graphax,flops,latency}]
                  [--mem-type {graphax,bytes_accessed,peak_memory,xla_peak_memory}]
                  [--rewards {cmp,mem,acc,all} [{cmp,mem,acc,all} ...]]
                  [--lambda-cmp LAMBDA_CMP] [--lambda-mem LAMBDA_MEM]
                  [--lambda-acc LAMBDA_ACC] [--lambda-frob LAMBDA_FROB]
                  [--lambda-cossim-guide LAMBDA_COSSIM_GUIDE]
                  [--measure-latency] [--latency-samples LATENCY_SAMPLES]
                  [--num-data-points NUM_DATA_POINTS]
                  [--reps-per-point REPS_PER_POINT]
                  [--percentile-keep PERCENTILE_KEEP]
                  [--latency-warmup LATENCY_WARMUP]
                  [--latency-winsor LATENCY_WINSOR] [--measure-grad]
                  [--quant-once] [--seed-vertices]
                  [--latency-timer {perf_counter,rm}]
                  [--max-wall-seconds MAX_WALL_SECONDS] [--spread-cpu-actors]
                  [--cpu-cores-shared]
                  [--replay-buffer-size REPLAY_BUFFER_SIZE]
                  [--replay-sample-trajs REPLAY_SAMPLE_TRAJS]
                  [--vtrace-rho-bar VTRACE_RHO_BAR]
                  [--vtrace-c-bar VTRACE_C_BAR] [--async-pipeline]
                  [--async-updates-per-step ASYNC_UPDATES_PER_STEP]
                  [--async-weight-sync-every ASYNC_WEIGHT_SYNC_EVERY]
                  [--async-warmup-trajs ASYNC_WARMUP_TRAJS]
                  [--async-compile-split]
                  [--cpu-cores-per-actor CPU_CORES_PER_ACTOR]
                  [--measure-queue]
                  [--reserved-driver-cores RESERVED_DRIVER_CORES]
                  [--flop-gate-threshold FLOP_GATE_THRESHOLD]
                  [--slow-exec-cutoff-seconds SLOW_EXEC_CUTOFF_SECONDS]
                  [--cost-pipeline-schedule {always_full,cheap_first}]
                  [--phase-cutover-ep PHASE_CUTOVER_EP]
                  [--phase-cutover-kl-threshold PHASE_CUTOVER_KL_THRESHOLD]
                  [--phase-cutover-kl-window PHASE_CUTOVER_KL_WINDOW]
                  [--reward-pipeline {legacy,pca2}]
                  [--pca-refit-every PCA_REFIT_EVERY]
                  [--pca-warmup-episodes PCA_WARMUP_EPISODES]
                  [--running-max-channels RUNNING_MAX_CHANNELS]
                  [--preference-sampler {dirichlet,kronecker}]
                  [--intermediate-rewards | --no-intermediate-rewards]
                  [--num-eval-samples NUM_EVAL_SAMPLES]
                  [--dataset-size DATASET_SIZE] [--num-envs NUM_ENVS]
                  [--minibatches MINIBATCHES] [--ppo-epochs PPO_EPOCHS]
                  [--advantage-norm {gdpo,scalar}] [--ppo-eps PPO_EPS]
                  [--value-coef VALUE_COEF] [--entropy-coef ENTROPY_COEF]
                  [--entropy-coef-final ENTROPY_COEF_FINAL]
                  [--gae-lambda GAE_LAMBDA] [--discount DISCOUNT]
                  [--reward-condition [REWARD_CONDITION ...]]
                  [--lr-decay-min-mult LR_DECAY_MIN_MULT]
                  [--max-grad-norm MAX_GRAD_NORM] [--adam-eps ADAM_EPS]
                  [--dynamic-substeps] [--max-substeps MAX_SUBSTEPS]
                  [--factors FACTORS]
                  [--variant {custom,ve_only,diag_gcd,diag_factor,compress,compress_scalar,quantize,quant_smallest_float,diag_compress,diag_quant,compress_quant,full}]
                  [--vocab-size VOCAB_SIZE] [--embd-dim EMBD_DIM]
                  [--num-layers NUM_LAYERS] [--num-heads NUM_HEADS]
                  [--hidden-dim HIDDEN_DIM] [--policy-dims POLICY_DIMS]
                  [--value-dims VALUE_DIMS]
                  [--num-cpu-workers NUM_CPU_WORKERS]
                  [--ray-address RAY_ADDRESS] [--wandb-project WANDB_PROJECT]
                  [--wandb-entity WANDB_ENTITY]
                  [--cpu-callback-timeout CPU_CALLBACK_TIMEOUT]
                  [--cpu-callback-initial-timeout CPU_CALLBACK_INITIAL_TIMEOUT]
                  [--cpu-callback-warm-after CPU_CALLBACK_WARM_AFTER]
                  [--cpu-worker-recycle-every CPU_WORKER_RECYCLE_EVERY]
                  [--calibrate-steps CALIBRATE_STEPS]
                  [--quant-dtypes QUANT_DTYPES]
                  [--compile-cache-size COMPILE_CACHE_SIZE]
                  [--checkpoint-path CHECKPOINT_PATH]
                  [--checkpoint-every CHECKPOINT_EVERY]
                  [--actor-num-gpus ACTOR_NUM_GPUS] [--use-placement-group]
ppo_ray.py: error: unrecognized arguments: --value-norm popart --cosine-lower-bound 0.0 --cosine-upper-bound 1.0
=== RC=2 Thu Jul 23 05:19:06 AM UTC 2026 ===
