=== node=pgi15-gpu9.iff.kfa-juelich.de Thu Jul 23 05:27:13 AM UTC 2026 ===
=== AOJ=1 graphax=82d71a7 core: export inline_call_primitives so callers can number vertices correctly ===
=== alphagrad=c586ca8 approx: number vertices on the INLINED jaxpr, the one that is actually eliminated ===
2026-07-23 05:27:16,544	INFO worker.py:2012 -- Started a local Ray instance.
/Users/assmuth/dsnn/.venv/lib/python3.13/site-packages/ray/_private/worker.py:2051: FutureWarning: Tip: In future versions of Ray, Ray will no longer override accelerator visible devices env var if num_gpus=0 or num_gpus=None (default). To enable this behavior and turn off this error message, set RAY_ACCEL_ENV_VAR_OVERRIDE_ON_ZERO=0
  warnings.warn(
wandb: Loading settings from /Users/assmuth/.config/wandb/settings
wandb: [wandb.login()] Loaded credentials for https://api.wandb.ai from /Users/assmuth/.netrc.
wandb: Currently logged in as: florian-assmuth (dll-streetview) to https://api.wandb.ai. Use `wandb login --relogin` to force relogin
wandb: WARNING Using a boolean value for 'reinit' is deprecated. Use 'return_previous' or 'finish_previous' instead.
wandb: setting up run 1t6n11p6
wandb: Tracking run with wandb version 0.25.0
wandb: Run data is saved locally in /Users/assmuth/dsnn/alphagrad/wandb/run-20260723_052717-1t6n11p6
wandb: Run `wandb offline` to turn off syncing.
wandb: Syncing run nn256_aoj_sub1_s7
wandb: ⭐️ View project at https://wandb.ai/dll-streetview/dsnn-aoj-perpath
wandb: 🚀 View run at https://wandb.ai/dll-streetview/dsnn-aoj-perpath/runs/1t6n11p6
[33m(raylet)[0m It looks like you're creating a detached actor in an anonymous namespace. In order to access this actor in the future, you will need to explicitly connect to this namespace with ray.init(namespace="6ddd303b-d6ac-4ad0-bafc-09b9cc45c8f4", ...)
[36m(CpuApproximationActor pid=2775193)[0m W0723 05:27:25.059968 2775193 text_format.cc:393] Warning parsing text-format xla.TritonGemmConfigsProto: 15:53 (N = 1): text format contains deprecated field "split_k"
[36m(CpuApproximationActor pid=2775193)[0m W0723 05:27:25.060003 2775193 text_format.cc:393] Warning parsing text-format xla.TritonGemmConfigsProto: 16:53 (N = 2): text format contains deprecated field "split_k"
[36m(CpuApproximationActor pid=2775193)[0m W0723 05:27:25.060012 2775193 text_format.cc:393] Warning parsing text-format xla.TritonGemmConfigsProto: 18:53 (N = 4): text format contains deprecated field "split_k"
[36m(CpuApproximationActor pid=2775193)[0m W0723 05:27:25.060021 2775193 text_format.cc:393] Warning parsing text-format xla.TritonGemmConfigsProto: 22:53 (N = 8): text format contains deprecated field "split_k"
[36m(CpuApproximationActor pid=2775193)[0m W0723 05:27:25.060036 2775193 text_format.cc:393] Warning parsing text-format xla.TritonGemmConfigsProto: 30:53 (N = 16): text format contains deprecated field "split_k"
[36m(CpuApproximationActor pid=2775193)[0m W0723 05:27:25.060065 2775193 text_format.cc:393] Warning parsing text-format xla.TritonGemmConfigsProto: 16:52 (N = 32): text format contains deprecated field "split_k"
[36m(CpuApproximationActor pid=2775193)[0m W0723 05:27:25.060117 2775193 text_format.cc:393] Warning parsing text-format xla.TritonGemmConfigsProto: 48:53 (N = 64): text format contains deprecated field "split_k"
[36m(CpuApproximationActor pid=2775193)[0m W0723 05:27:25.060218 2775193 text_format.cc:393] Warning parsing text-format xla.TritonGemmConfigsProto: 78:53 (N = 128): text format contains deprecated field "split_k"
[36m(CpuApproximationActor pid=2775193)[0m W0723 05:27:25.060406 2775193 text_format.cc:393] Warning parsing text-format xla.TritonGemmConfigsProto: 36:55 (N = 256): text format contains deprecated field "split_k"
[36m(CpuApproximationActor pid=2775193)[0m [cpu_approx_worker pid=2775193] env: ALPHAGRAD_MEASURE_VIA_AOJ=1 JAX_COMPILATION_CACHE_DIR=/tmp/dsnn-jax-cache-55134-pgi15-gpu9
[36m(CpuApproximationActor pid=2775193)[0m [measure-actor 0] host=pgi15-gpu9.iff.kfa-juelich.de CUDA_VISIBLE_DEVICES=1 jax_devices=[CudaDevice(id=0)]
[33m(raylet)[0m It looks like you're creating a detached actor in an anonymous namespace. In order to access this actor in the future, you will need to explicitly connect to this namespace with ray.init(namespace="6ddd303b-d6ac-4ad0-bafc-09b9cc45c8f4", ...)
[36m(PPOActor pid=2775192)[0m [ppo_ray] ADDITIVE failed/sentinel penalty = -2.0 (bounded-negative, INCLUDED in advantage+loss -- replaces the failed-row mask; failed rows are repulsive, never a zero-gradient no-op).
[36m(PPOActor pid=2775192)[0m [ppo_ray] V2 anti-hack: failed_adv_stamp=1.0 (post-z-score advantage overwrite on failed rows), cost_symlog_cap=0.0 (symlog'd cost channels clipped to +/-cap).
[36m(PPOActor pid=2775192)[0m [ppo_ray] PopArt value norm ON: beta=0.01 sigma_min(base=0.1, quality[6,9]=0.2) sigma_max=1e+12 robust_std=True (winsor k=5.0) — replaces the rollout advantage z-score; under pure-PopArt advantage a failed row is truly-neutral (A==0), no constant stamp.
[36m(PPOActor pid=2775192)[0m [ppo_ray] DYNAMIC SENTINEL ON: failed/sentinel terminals get per-channel mu_c - 2.0*sigma_c (EMA beta=0.01) instead of -1e10. The additive failed_penalty stamp AND the post-z-score failed_adv_stamp are DISABLED (dynamic value supersedes them); failed_transitions logging + PopArt exclusion unchanged.
[36m(PPOActor pid=2775192)[0m [ppo_ray] RAW COSSIM THREAD ON: env emits full-range cosine_sim in idx6; worker applies guide cap=None into the GAE buffer only, logs reward/cosine_sim_raw from the uncapped value.
[36m(CpuApproximationActor pid=2775194)[0m [cpu_approx_worker pid=2775194] env: ALPHAGRAD_MEASURE_VIA_AOJ=1 JAX_COMPILATION_CACHE_DIR=/tmp/dsnn-jax-cache-55134-pgi15-gpu9[32m [repeated 2x across cluster] (Ray deduplicates logs by default. Set RAY_DEDUP_LOGS=0 to disable log deduplication, or see https://docs.ray.io/en/master/ray-observability/user-guides/configure-logging.html#log-deduplication for more options.)[0m
[36m(CpuApproximationActor pid=2775194)[0m [measure-actor 1] host=pgi15-gpu9.iff.kfa-juelich.de CUDA_VISIBLE_DEVICES=2 jax_devices=[CudaDevice(id=0)][32m [repeated 2x across cluster][0m
[36m(PPOActor pid=2775192)[0m [ppo_ray_worker] POLICY V2 ACTIVE: MicroPPOAgent = TRANSFORMER backbone + PointerVertexPolicy + MicroActionPolicy(max_substeps=1) + separate value pool; factor tables up to axis size 784 (observed max 784).
[36m(PPOActor pid=2775192)[0m [ppo_ray_worker] V2 policy heads scaled by 0.1 (near-uniform initial policy).
[36m(PPOActor pid=2775192)[0m jax.io_callback failed
[36m(PPOActor pid=2775192)[0m Traceback (most recent call last):
[36m(PPOActor pid=2775192)[0m   File "/Users/assmuth/dsnn/.venv/lib/python3.13/site-packages/jax/_src/callback.py", line 436, in io_callback_impl
[36m(PPOActor pid=2775192)[0m     return tree_util.tree_map(np.asarray, callback(*args))
[36m(PPOActor pid=2775192)[0m                                           ~~~~~~~~^^^^^^^
[36m(PPOActor pid=2775192)[0m   File "/Users/assmuth/dsnn/.venv/lib/python3.13/site-packages/jax/_src/callback.py", line 70, in __call__
[36m(PPOActor pid=2775192)[0m     return tree_util.tree_leaves(self.callback_func(*args, **kwargs))
[36m(PPOActor pid=2775192)[0m                                  ~~~~~~~~~~~~~~~~~~^^^^^^^^^^^^^^^^^
[36m(PPOActor pid=2775192)[0m   File "/Users/assmuth/dsnn/alphagrad/src/alphagrad/approx/env.py", line 2700, in _callback
[36m(PPOActor pid=2775192)[0m     ve = extract_jaxpr(
[36m(PPOActor pid=2775192)[0m         config.jaxpr,
[36m(PPOActor pid=2775192)[0m     ...<5 lines>...
[36m(PPOActor pid=2775192)[0m         transforms=transforms,
[36m(PPOActor pid=2775192)[0m     )
[36m(PPOActor pid=2775192)[0m   File "/Users/assmuth/dsnn/graphax/src/graphax/core.py", line 2779, in extract_jaxpr
[36m(PPOActor pid=2775192)[0m     closed = jax.make_jaxpr(eval_graph)(*dummy_args)
[36m(PPOActor pid=2775192)[0m   File "/Users/assmuth/dsnn/.venv/lib/python3.13/site-packages/jax/_src/traceback_util.py", line 196, in reraise_with_filtered_traceback
[36m(PPOActor pid=2775192)[0m     return fun(*args, **kwargs)
[36m(PPOActor pid=2775192)[0m   File "/Users/assmuth/dsnn/.venv/lib/python3.13/site-packages/jax/_src/api.py", line 2028, in make_jaxpr_f
[36m(PPOActor pid=2775192)[0m     traced = jit(fun, static_argnums=static_argnums).trace(*args, **kwargs)
[36m(PPOActor pid=2775192)[0m   File "/Users/assmuth/dsnn/.venv/lib/python3.13/site-packages/jax/_src/traceback_util.py", line 196, in reraise_with_filtered_traceback
[36m(PPOActor pid=2775192)[0m     return fun(*args, **kwargs)
[36m(PPOActor pid=2775192)[0m   File "/Users/assmuth/dsnn/.venv/lib/python3.13/site-packages/jax/_src/pjit.py", line 292, in jit_trace
[36m(PPOActor pid=2775192)[0m     p, args_flat = _infer_params(jit_func._fun, jit_func._jit_info, args, kwargs)
[36m(PPOActor pid=2775192)[0m                    ~~~~~~~~~~~~~^^^^^^^^^^^^^^^^^^^^^^^^^^^^^^^^^^^^^^^^^^^^^^^^^
[36m(PPOActor pid=2775192)[0m   File "/Users/assmuth/dsnn/.venv/lib/python3.13/site-packages/jax/_src/pjit.py", line 620, in _infer_params
[36m(PPOActor pid=2775192)[0m     p = _trace_for_jit(fun, ji, ctx_mesh, dbg_fn(), avals, args, kwargs)
[36m(PPOActor pid=2775192)[0m   File "/Users/assmuth/dsnn/.venv/lib/python3.13/site-packages/jax/_src/pjit.py", line 522, in _trace_for_jit
[36m(PPOActor pid=2775192)[0m     jaxpr, out_avals = pe.trace_to_jaxpr(fun, in_type, dbg, qdd_token)
[36m(PPOActor pid=2775192)[0m                        ~~~~~~~~~~~~~~~~~^^^^^^^^^^^^^^^^^^^^^^^^^^^^^^
[36m(PPOActor pid=2775192)[0m   File "/Users/assmuth/dsnn/.venv/lib/python3.13/site-packages/jax/_src/interpreters/partial_eval.py", line 2295, in trace_to_jaxpr
[36m(PPOActor pid=2775192)[0m     ans_pytree = fun(*args, **kwargs)
[36m(PPOActor pid=2775192)[0m   File "/Users/assmuth/dsnn/graphax/src/graphax/core.py", line 2742, in eval_graph
[36m(PPOActor pid=2775192)[0m     res = vertex_elimination_jaxpr(
[36m(PPOActor pid=2775192)[0m         jaxpr,
[36m(PPOActor pid=2775192)[0m     ...<5 lines>...
[36m(PPOActor pid=2775192)[0m         transforms=_transforms,
[36m(PPOActor pid=2775192)[0m     )
[36m(PPOActor pid=2775192)[0m   File "/Users/assmuth/dsnn/graphax/src/graphax/core.py", line 2568, in vertex_elimination_jaxpr
[36m(PPOActor pid=2775192)[0m     raise ValueError(
[36m(PPOActor pid=2775192)[0m     ...<8 lines>...
[36m(PPOActor pid=2775192)[0m     )
[36m(PPOActor pid=2775192)[0m ValueError: jacve: the elimination order left 12 intermediate vertex/vertices with live edges un-eliminated — the dense Jacobian would silently drop every path through them (this typically means the numeric order was built from the non-inlined jaxpr; jacve inlines jit/pjit/custom_jvp bodies, which adds equations). Pass a full order or set GRAPHAX_ALLOW_PARTIAL_ORDER=1 to accept a partial Jacobian.
[36m(PPOActor pid=2775192)[0m W0723 05:27:25.345580 2775192 text_format.cc:393] Warning parsing text-format xla.TritonGemmConfigsProto: 36:55 (N = 256): text format contains deprecated field "split_k"[32m [repeated 27x across cluster][0m
  actors spawned + JIT-warm in 36.4s
ppo_ray:   0%|                                                                                                                                             | 0/3400 [00:00<?, ?it/s][36m(PPOActor pid=2775192)[0m jax.io_callback failed
[36m(PPOActor pid=2775192)[0m Traceback (most recent call last):
[36m(PPOActor pid=2775192)[0m   File "/Users/assmuth/dsnn/.venv/lib/python3.13/site-packages/jax/_src/callback.py", line 436, in io_callback_impl
[36m(PPOActor pid=2775192)[0m     return tree_util.tree_map(np.asarray, callback(*args))
[36m(PPOActor pid=2775192)[0m                                           ~~~~~~~~^^^^^^^
[36m(PPOActor pid=2775192)[0m   File "/Users/assmuth/dsnn/.venv/lib/python3.13/site-packages/jax/_src/callback.py", line 70, in __call__
[36m(PPOActor pid=2775192)[0m     return tree_util.tree_leaves(self.callback_func(*args, **kwargs))
[36m(PPOActor pid=2775192)[0m                                  ~~~~~~~~~~~~~~~~~~^^^^^^^^^^^^^^^^^
[36m(PPOActor pid=2775192)[0m   File "/Users/assmuth/dsnn/alphagrad/src/alphagrad/approx/env.py", line 2700, in _callback
[36m(PPOActor pid=2775192)[0m     ve = extract_jaxpr(
[36m(PPOActor pid=2775192)[0m         config.jaxpr,
[36m(PPOActor pid=2775192)[0m     ...<5 lines>...
[36m(PPOActor pid=2775192)[0m         transforms=transforms,
[36m(PPOActor pid=2775192)[0m     )
[36m(PPOActor pid=2775192)[0m   File "/Users/assmuth/dsnn/graphax/src/graphax/core.py", line 2779, in extract_jaxpr
[36m(PPOActor pid=2775192)[0m     closed = jax.make_jaxpr(eval_graph)(*dummy_args)
[36m(PPOActor pid=2775192)[0m   File "/Users/assmuth/dsnn/.venv/lib/python3.13/site-packages/jax/_src/traceback_util.py", line 196, in reraise_with_filtered_traceback
[36m(PPOActor pid=2775192)[0m     return fun(*args, **kwargs)
[36m(PPOActor pid=2775192)[0m   File "/Users/assmuth/dsnn/.venv/lib/python3.13/site-packages/jax/_src/api.py", line 2028, in make_jaxpr_f
[36m(PPOActor pid=2775192)[0m     traced = jit(fun, static_argnums=static_argnums).trace(*args, **kwargs)
[36m(PPOActor pid=2775192)[0m   File "/Users/assmuth/dsnn/.venv/lib/python3.13/site-packages/jax/_src/traceback_util.py", line 196, in reraise_with_filtered_traceback
[36m(PPOActor pid=2775192)[0m     return fun(*args, **kwargs)
[36m(PPOActor pid=2775192)[0m   File "/Users/assmuth/dsnn/.venv/lib/python3.13/site-packages/jax/_src/pjit.py", line 292, in jit_trace
[36m(PPOActor pid=2775192)[0m     p, args_flat = _infer_params(jit_func._fun, jit_func._jit_info, args, kwargs)
[36m(PPOActor pid=2775192)[0m                    ~~~~~~~~~~~~~^^^^^^^^^^^^^^^^^^^^^^^^^^^^^^^^^^^^^^^^^^^^^^^^^
[36m(PPOActor pid=2775192)[0m   File "/Users/assmuth/dsnn/.venv/lib/python3.13/site-packages/jax/_src/pjit.py", line 620, in _infer_params
[36m(PPOActor pid=2775192)[0m     p = _trace_for_jit(fun, ji, ctx_mesh, dbg_fn(), avals, args, kwargs)
[36m(PPOActor pid=2775192)[0m   File "/Users/assmuth/dsnn/.venv/lib/python3.13/site-packages/jax/_src/pjit.py", line 522, in _trace_for_jit
[36m(PPOActor pid=2775192)[0m     jaxpr, out_avals = pe.trace_to_jaxpr(fun, in_type, dbg, qdd_token)
[36m(PPOActor pid=2775192)[0m                        ~~~~~~~~~~~~~~~~~^^^^^^^^^^^^^^^^^^^^^^^^^^^^^^
[36m(PPOActor pid=2775192)[0m   File "/Users/assmuth/dsnn/.venv/lib/python3.13/site-packages/jax/_src/interpreters/partial_eval.py", line 2295, in trace_to_jaxpr
[36m(PPOActor pid=2775192)[0m     ans_pytree = fun(*args, **kwargs)
[36m(PPOActor pid=2775192)[0m   File "/Users/assmuth/dsnn/graphax/src/graphax/core.py", line 2742, in eval_graph
[36m(PPOActor pid=2775192)[0m     res = vertex_elimination_jaxpr(
[36m(PPOActor pid=2775192)[0m         jaxpr,
[36m(PPOActor pid=2775192)[0m     ...<5 lines>...
[36m(PPOActor pid=2775192)[0m         transforms=_transforms,
[36m(PPOActor pid=2775192)[0m     )
[36m(PPOActor pid=2775192)[0m   File "/Users/assmuth/dsnn/graphax/src/graphax/core.py", line 2568, in vertex_elimination_jaxpr
[36m(PPOActor pid=2775192)[0m     raise ValueError(
[36m(PPOActor pid=2775192)[0m     ...<8 lines>...
[36m(PPOActor pid=2775192)[0m     )
[36m(PPOActor pid=2775192)[0m ValueError: jacve: the elimination order left 12 intermediate vertex/vertices with live edges un-eliminated — the dense Jacobian would silently drop every path through them (this typically means the numeric order was built from the non-inlined jaxpr; jacve inlines jit/pjit/custom_jvp bodies, which adds equations). Pass a full order or set GRAPHAX_ALLOW_PARTIAL_ORDER=1 to accept a partial Jacobian.
Traceback (most recent call last):
  File "/Users/assmuth/dsnn/alphagrad/src/alphagrad/approx/ppo_ray.py", line 776, in <module>
    sys.exit(main())
             ~~~~^^
  File "/Users/assmuth/dsnn/alphagrad/src/alphagrad/approx/ppo_ray.py", line 770, in main
    rc = _run(args)
  File "/Users/assmuth/dsnn/alphagrad/src/alphagrad/approx/ppo_ray.py", line 561, in _run
    stats = ray.get(actor.run_rollout_and_train.remote(seed_counter))
  File "/Users/assmuth/dsnn/.venv/lib/python3.13/site-packages/ray/_private/auto_init_hook.py", line 22, in auto_init_wrapper
    return fn(*args, **kwargs)
  File "/Users/assmuth/dsnn/.venv/lib/python3.13/site-packages/ray/_private/client_mode_hook.py", line 107, in wrapper
    return func(*args, **kwargs)
  File "/Users/assmuth/dsnn/.venv/lib/python3.13/site-packages/ray/_private/worker.py", line 2980, in get
    values, debugger_breakpoint = worker.get_objects(
                                  ~~~~~~~~~~~~~~~~~~^
        object_refs, timeout, use_object_store=_use_object_store
        ^^^^^^^^^^^^^^^^^^^^^^^^^^^^^^^^^^^^^^^^^^^^^^^^^^^^^^^^
    )
    ^
  File "/Users/assmuth/dsnn/.venv/lib/python3.13/site-packages/ray/_private/worker.py", line 1023, in get_objects
    raise value.as_instanceof_cause()
ray.exceptions.RayTaskError(JaxRuntimeError): [36mray::PPOActor.run_rollout_and_train()[39m (pid=2775192, ip=192.168.15.9, actor_id=e45f2a3ff9f9f38360ca681001000000, repr=<alphagrad.approx.ppo_ray_actors.PPOActor object at 0x720ae531d550>)
  File "/Users/assmuth/dsnn/alphagrad/src/alphagrad/approx/ppo_ray_actors.py", line 71, in run_rollout_and_train
    return self._impl.run_rollout_and_train(int(rng_seed))
           ~~~~~~~~~~~~~~~~~~~~~~~~~~~~~~~~^^^^^^^^^^^^^^^
  File "/Users/assmuth/dsnn/alphagrad/src/alphagrad/approx/ppo_ray_worker.py", line 2060, in run_rollout_and_train
    pre_tokens = np.asarray(state.tokens)
  File "/Users/assmuth/dsnn/.venv/lib/python3.13/site-packages/jax/_src/array.py", line 414, in __array__
    return np.asarray(self._value, dtype=dtype, **kwds)  # pyrefly: ignore[no-matching-overload]
                      ^^^^^^^^^^^
  File "/Users/assmuth/dsnn/.venv/lib/python3.13/site-packages/jax/_src/profiler.py", line 384, in wrapper
    return func(*args, **kwargs)
  File "/Users/assmuth/dsnn/.venv/lib/python3.13/site-packages/jax/_src/array.py", line 614, in _value
    npy_value, did_copy = self._single_device_array_to_np_array_did_copy()
                          ~~~~~~~~~~~~~~~~~~~~~~~~~~~~~~~~~~~~~~~~~~~~~~^^
jax.errors.JaxRuntimeError: INTERNAL: CpuCallback error calling callback: Traceback (most recent call last):
  File "/Users/assmuth/dsnn/alphagrad/src/alphagrad/approx/ppo_ray_actors.py", line 71, in run_rollout_and_train
  File "/Users/assmuth/dsnn/alphagrad/src/alphagrad/approx/ppo_ray_worker.py", line 1990, in run_rollout_and_train
  File "/Users/assmuth/dsnn/.venv/lib/python3.13/site-packages/jax/_src/traceback_util.py", line 196, in reraise_with_filtered_traceback
  File "/Users/assmuth/dsnn/.venv/lib/python3.13/site-packages/jax/_src/api.py", line 1214, in vmap_f
  File "/Users/assmuth/dsnn/.venv/lib/python3.13/site-packages/jax/_src/linear_util.py", line 212, in call_wrapped
  File "/Users/assmuth/dsnn/.venv/lib/python3.13/site-packages/jax/_src/interpreters/batching.py", line 343, in _batch_outer
  File "/Users/assmuth/dsnn/.venv/lib/python3.13/site-packages/jax/_src/interpreters/batching.py", line 362, in _batch_inner
  File "/Users/assmuth/dsnn/.venv/lib/python3.13/site-packages/jax/_src/interpreters/batching.py", line 120, in flatten_fun_for_vmap
  File "/Users/assmuth/dsnn/alphagrad/src/alphagrad/approx/ppo_ray_worker.py", line 1990, in <lambda>
  File "/Users/assmuth/dsnn/alphagrad/src/alphagrad/approx/env.py", line 4190, in reset
  File "/Users/assmuth/dsnn/.venv/lib/python3.13/site-packages/jax/_src/callback.py", line 577, in io_callback
  File "/Users/assmuth/dsnn/.venv/lib/python3.13/site-packages/jax/_src/core.py", line 669, in bind
  File "/Users/assmuth/dsnn/.venv/lib/python3.13/site-packages/jax/_src/core.py", line 677, in bind_with_trace
  File "/Users/assmuth/dsnn/.venv/lib/python3.13/site-packages/jax/_src/interpreters/batching.py", line 266, in process_primitive
  File "/Users/assmuth/dsnn/.venv/lib/python3.13/site-packages/jax/_src/interpreters/batching.py", line 604, in wrapped
  File "/Users/assmuth/dsnn/.venv/lib/python3.13/site-packages/jax/_src/core.py", line 669, in bind
  File "/Users/assmuth/dsnn/.venv/lib/python3.13/site-packages/jax/_src/core.py", line 677, in bind_with_trace
  File "/Users/assmuth/dsnn/.venv/lib/python3.13/site-packages/jax/_src/core.py", line 1249, in process_primitive
  File "/Users/assmuth/dsnn/.venv/lib/python3.13/site-packages/jax/_src/dispatch.py", line 90, in apply_primitive
  File "/Users/assmuth/dsnn/.venv/lib/python3.13/site-packages/jax/_src/traceback_util.py", line 196, in reraise_with_filtered_traceback
  File "/Users/assmuth/dsnn/.venv/lib/python3.13/site-packages/jax/_src/pjit.py", line 252, in cache_miss
  File "/Users/assmuth/dsnn/.venv/lib/python3.13/site-packages/jax/_src/pjit.py", line 137, in _run_python_pjit
  File "/Users/assmuth/dsnn/.venv/lib/python3.13/site-packages/jax/_src/pjit.py", line 1177, in _pjit_call_impl_python
  File "/Users/assmuth/dsnn/.venv/lib/python3.13/site-packages/jax/_src/profiler.py", line 384, in wrapper
  File "/Users/assmuth/dsnn/.venv/lib/python3.13/site-packages/jax/_src/interpreters/pxla.py", line 381, in __call__
  File "/Users/assmuth/dsnn/.venv/lib/python3.13/site-packages/jax/_src/callback.py", line 814, in _wrapped_callback
  File "/Users/assmuth/dsnn/.venv/lib/python3.13/site-packages/jax/_src/callback.py", line 493, in _callback
  File "/Users/assmuth/dsnn/.venv/lib/python3.13/site-packages/jax/_src/callback.py", line 439, in io_callback_impl
  File "/Users/assmuth/dsnn/.venv/lib/python3.13/site-packages/jax/_src/callback.py", line 70, in __call__
  File "/Users/assmuth/dsnn/alphagrad/src/alphagrad/approx/env.py", line 2700, in _callback
  File "/Users/assmuth/dsnn/graphax/src/graphax/core.py", line 2790, in extract_jaxpr
  File "/Users/assmuth/dsnn/.venv/lib/python3.13/site-packages/jax/_src/traceback_util.py", line 200, in reraise_with_filtered_traceback
  File "/Users/assmuth/dsnn/.venv/lib/python3.13/site-packages/jax/_src/api.py", line 2028, in make_jaxpr_f
  File "/Users/assmuth/dsnn/.venv/lib/python3.13/site-packages/jax/_src/traceback_util.py", line 200, in reraise_with_filtered_traceback
  File "/Users/assmuth/dsnn/.venv/lib/python3.13/site-packages/jax/_src/pjit.py", line 292, in jit_trace
  File "/Users/assmuth/dsnn/.venv/lib/python3.13/site-packages/jax/_src/pjit.py", line 620, in _infer_params
  File "/Users/assmuth/dsnn/.venv/lib/python3.13/site-packages/jax/_src/pjit.py", line 522, in _trace_for_jit
  File "/Users/assmuth/dsnn/.venv/lib/python3.13/site-packages/jax/_src/interpreters/partial_eval.py", line 2295, in trace_to_jaxpr
  File "/Users/assmuth/dsnn/graphax/src/graphax/core.py", line 2742, in eval_graph
  File "/Users/assmuth/dsnn/graphax/src/graphax/core.py", line 2568, in vertex_elimination_jaxpr
ValueError: jacve: the elimination order left 12 intermediate vertex/vertices with live edges un-eliminated — the dense Jacobian would silently drop every path through them (this typically means the numeric order was built from the non-inlined jaxpr; jacve inlines jit/pjit/custom_jvp bodies, which adds equations). Pass a full order or set GRAPHAX_ALLOW_PARTIAL_ORDER=1 to accept a partial Jacobian. [executable_name='jit_broadcast_in_dim']
Traceback (most recent call last):
  File "/Users/assmuth/dsnn/alphagrad/src/alphagrad/approx/ppo_ray.py", line 776, in <module>
    sys.exit(main())
             ~~~~^^
  File "/Users/assmuth/dsnn/alphagrad/src/alphagrad/approx/ppo_ray.py", line 770, in main
    rc = _run(args)
  File "/Users/assmuth/dsnn/alphagrad/src/alphagrad/approx/ppo_ray.py", line 561, in _run
    stats = ray.get(actor.run_rollout_and_train.remote(seed_counter))
  File "/Users/assmuth/dsnn/.venv/lib/python3.13/site-packages/ray/_private/auto_init_hook.py", line 22, in auto_init_wrapper
    return fn(*args, **kwargs)
  File "/Users/assmuth/dsnn/.venv/lib/python3.13/site-packages/ray/_private/client_mode_hook.py", line 107, in wrapper
    return func(*args, **kwargs)
  File "/Users/assmuth/dsnn/.venv/lib/python3.13/site-packages/ray/_private/worker.py", line 2980, in get
    values, debugger_breakpoint = worker.get_objects(
                                  ~~~~~~~~~~~~~~~~~~^
        object_refs, timeout, use_object_store=_use_object_store
        ^^^^^^^^^^^^^^^^^^^^^^^^^^^^^^^^^^^^^^^^^^^^^^^^^^^^^^^^
    )
    ^
  File "/Users/assmuth/dsnn/.venv/lib/python3.13/site-packages/ray/_private/worker.py", line 1023, in get_objects
    raise value.as_instanceof_cause()
ray.exceptions.RayTaskError(JaxRuntimeError): [36mray::PPOActor.run_rollout_and_train()[39m (pid=2775192, ip=192.168.15.9, actor_id=e45f2a3ff9f9f38360ca681001000000, repr=<alphagrad.approx.ppo_ray_actors.PPOActor object at 0x720ae531d550>)
  File "/Users/assmuth/dsnn/alphagrad/src/alphagrad/approx/ppo_ray_actors.py", line 71, in run_rollout_and_train
    return self._impl.run_rollout_and_train(int(rng_seed))
           ~~~~~~~~~~~~~~~~~~~~~~~~~~~~~~~~^^^^^^^^^^^^^^^
  File "/Users/assmuth/dsnn/alphagrad/src/alphagrad/approx/ppo_ray_worker.py", line 2060, in run_rollout_and_train
    pre_tokens = np.asarray(state.tokens)
  File "/Users/assmuth/dsnn/.venv/lib/python3.13/site-packages/jax/_src/array.py", line 414, in __array__
    return np.asarray(self._value, dtype=dtype, **kwds)  # pyrefly: ignore[no-matching-overload]
                      ^^^^^^^^^^^
  File "/Users/assmuth/dsnn/.venv/lib/python3.13/site-packages/jax/_src/profiler.py", line 384, in wrapper
    return func(*args, **kwargs)
  File "/Users/assmuth/dsnn/.venv/lib/python3.13/site-packages/jax/_src/array.py", line 614, in _value
    npy_value, did_copy = self._single_device_array_to_np_array_did_copy()
                          ~~~~~~~~~~~~~~~~~~~~~~~~~~~~~~~~~~~~~~~~~~~~~~^^
jax.errors.JaxRuntimeError: INTERNAL: CpuCallback error calling callback: Traceback (most recent call last):
  File "/Users/assmuth/dsnn/alphagrad/src/alphagrad/approx/ppo_ray_actors.py", line 71, in run_rollout_and_train
  File "/Users/assmuth/dsnn/alphagrad/src/alphagrad/approx/ppo_ray_worker.py", line 1990, in run_rollout_and_train
  File "/Users/assmuth/dsnn/.venv/lib/python3.13/site-packages/jax/_src/traceback_util.py", line 196, in reraise_with_filtered_traceback
  File "/Users/assmuth/dsnn/.venv/lib/python3.13/site-packages/jax/_src/api.py", line 1214, in vmap_f
  File "/Users/assmuth/dsnn/.venv/lib/python3.13/site-packages/jax/_src/linear_util.py", line 212, in call_wrapped
  File "/Users/assmuth/dsnn/.venv/lib/python3.13/site-packages/jax/_src/interpreters/batching.py", line 343, in _batch_outer
  File "/Users/assmuth/dsnn/.venv/lib/python3.13/site-packages/jax/_src/interpreters/batching.py", line 362, in _batch_inner
  File "/Users/assmuth/dsnn/.venv/lib/python3.13/site-packages/jax/_src/interpreters/batching.py", line 120, in flatten_fun_for_vmap
  File "/Users/assmuth/dsnn/alphagrad/src/alphagrad/approx/ppo_ray_worker.py", line 1990, in <lambda>
  File "/Users/assmuth/dsnn/alphagrad/src/alphagrad/approx/env.py", line 4190, in reset
  File "/Users/assmuth/dsnn/.venv/lib/python3.13/site-packages/jax/_src/callback.py", line 577, in io_callback
  File "/Users/assmuth/dsnn/.venv/lib/python3.13/site-packages/jax/_src/core.py", line 669, in bind
  File "/Users/assmuth/dsnn/.venv/lib/python3.13/site-packages/jax/_src/core.py", line 677, in bind_with_trace
  File "/Users/assmuth/dsnn/.venv/lib/python3.13/site-packages/jax/_src/interpreters/batching.py", line 266, in process_primitive
  File "/Users/assmuth/dsnn/.venv/lib/python3.13/site-packages/jax/_src/interpreters/batching.py", line 604, in wrapped
  File "/Users/assmuth/dsnn/.venv/lib/python3.13/site-packages/jax/_src/core.py", line 669, in bind
  File "/Users/assmuth/dsnn/.venv/lib/python3.13/site-packages/jax/_src/core.py", line 677, in bind_with_trace
  File "/Users/assmuth/dsnn/.venv/lib/python3.13/site-packages/jax/_src/core.py", line 1249, in process_primitive
  File "/Users/assmuth/dsnn/.venv/lib/python3.13/site-packages/jax/_src/dispatch.py", line 90, in apply_primitive
  File "/Users/assmuth/dsnn/.venv/lib/python3.13/site-packages/jax/_src/traceback_util.py", line 196, in reraise_with_filtered_traceback
  File "/Users/assmuth/dsnn/.venv/lib/python3.13/site-packages/jax/_src/pjit.py", line 252, in cache_miss
  File "/Users/assmuth/dsnn/.venv/lib/python3.13/site-packages/jax/_src/pjit.py", line 137, in _run_python_pjit
  File "/Users/assmuth/dsnn/.venv/lib/python3.13/site-packages/jax/_src/pjit.py", line 1177, in _pjit_call_impl_python
  File "/Users/assmuth/dsnn/.venv/lib/python3.13/site-packages/jax/_src/profiler.py", line 384, in wrapper
  File "/Users/assmuth/dsnn/.venv/lib/python3.13/site-packages/jax/_src/interpreters/pxla.py", line 381, in __call__
  File "/Users/assmuth/dsnn/.venv/lib/python3.13/site-packages/jax/_src/callback.py", line 814, in _wrapped_callback
  File "/Users/assmuth/dsnn/.venv/lib/python3.13/site-packages/jax/_src/callback.py", line 493, in _callback
  File "/Users/assmuth/dsnn/.venv/lib/python3.13/site-packages/jax/_src/callback.py", line 439, in io_callback_impl
  File "/Users/assmuth/dsnn/.venv/lib/python3.13/site-packages/jax/_src/callback.py", line 70, in __call__
  File "/Users/assmuth/dsnn/alphagrad/src/alphagrad/approx/env.py", line 2700, in _callback
  File "/Users/assmuth/dsnn/graphax/src/graphax/core.py", line 2790, in extract_jaxpr
  File "/Users/assmuth/dsnn/.venv/lib/python3.13/site-packages/jax/_src/traceback_util.py", line 200, in reraise_with_filtered_traceback
  File "/Users/assmuth/dsnn/.venv/lib/python3.13/site-packages/jax/_src/api.py", line 2028, in make_jaxpr_f
  File "/Users/assmuth/dsnn/.venv/lib/python3.13/site-packages/jax/_src/traceback_util.py", line 200, in reraise_with_filtered_traceback
  File "/Users/assmuth/dsnn/.venv/lib/python3.13/site-packages/jax/_src/pjit.py", line 292, in jit_trace
  File "/Users/assmuth/dsnn/.venv/lib/python3.13/site-packages/jax/_src/pjit.py", line 620, in _infer_params
  File "/Users/assmuth/dsnn/.venv/lib/python3.13/site-packages/jax/_src/pjit.py", line 522, in _trace_for_jit
  File "/Users/assmuth/dsnn/.venv/lib/python3.13/site-packages/jax/_src/interpreters/partial_eval.py", line 2295, in trace_to_jaxpr
  File "/Users/assmuth/dsnn/graphax/src/graphax/core.py", line 2742, in eval_graph
  File "/Users/assmuth/dsnn/graphax/src/graphax/core.py", line 2568, in vertex_elimination_jaxpr
ValueError: jacve: the elimination order left 12 intermediate vertex/vertices with live edges un-eliminated — the dense Jacobian would silently drop every path through them (this typically means the numeric order was built from the non-inlined jaxpr; jacve inlines jit/pjit/custom_jvp bodies, which adds equations). Pass a full order or set GRAPHAX_ALLOW_PARTIAL_ORDER=1 to accept a partial Jacobian. [executable_name='jit_broadcast_in_dim']
[1;34mwandb[0m: 
[1;34mwandb[0m: 🚀 View run [33mnn256_aoj_sub1_s7[0m at: [34mhttps://wandb.ai/dll-streetview/dsnn-aoj-perpath/runs/1t6n11p6[0m
[1;34mwandb[0m: Find logs at: [1;35mwandb/run-20260723_052717-1t6n11p6/logs[0m
=== RC=1 Thu Jul 23 05:27:53 AM UTC 2026 ===
