=== node=pgi15-gpu9.iff.kfa-juelich.de Thu Jul 23 05:32:05 AM UTC 2026 ===
=== AOJ=1 graphax=82d71a7 core: export inline_call_primitives so callers can number vertices correctly ===
=== alphagrad=46c8b09 approx: inline the trace in ppo_ray_worker too — the site the ray path uses ===
2026-07-23 05:32:08,745	INFO worker.py:2012 -- Started a local Ray instance.
/Users/assmuth/dsnn/.venv/lib/python3.13/site-packages/ray/_private/worker.py:2051: FutureWarning: Tip: In future versions of Ray, Ray will no longer override accelerator visible devices env var if num_gpus=0 or num_gpus=None (default). To enable this behavior and turn off this error message, set RAY_ACCEL_ENV_VAR_OVERRIDE_ON_ZERO=0
  warnings.warn(
wandb: Loading settings from /Users/assmuth/.config/wandb/settings
wandb: [wandb.login()] Loaded credentials for https://api.wandb.ai from /Users/assmuth/.netrc.
wandb: Currently logged in as: florian-assmuth (dll-streetview) to https://api.wandb.ai. Use `wandb login --relogin` to force relogin
wandb: WARNING Using a boolean value for 'reinit' is deprecated. Use 'return_previous' or 'finish_previous' instead.
wandb: setting up run dev0gjnl
wandb: Tracking run with wandb version 0.25.0
wandb: Run data is saved locally in /Users/assmuth/dsnn/alphagrad/wandb/run-20260723_053209-dev0gjnl
wandb: Run `wandb offline` to turn off syncing.
wandb: Syncing run nn256_aoj_sub1_s7
wandb: ⭐️ View project at https://wandb.ai/dll-streetview/dsnn-aoj-perpath
wandb: 🚀 View run at https://wandb.ai/dll-streetview/dsnn-aoj-perpath/runs/dev0gjnl
[33m(raylet)[0m It looks like you're creating a detached actor in an anonymous namespace. In order to access this actor in the future, you will need to explicitly connect to this namespace with ray.init(namespace="474faf79-73f5-4613-a511-e239ecb1e661", ...)
[36m(CpuApproximationActor pid=2778064)[0m W0723 05:32:17.527553 2778064 text_format.cc:393] Warning parsing text-format xla.TritonGemmConfigsProto: 15:53 (N = 1): text format contains deprecated field "split_k"
[36m(CpuApproximationActor pid=2778064)[0m W0723 05:32:17.527577 2778064 text_format.cc:393] Warning parsing text-format xla.TritonGemmConfigsProto: 16:53 (N = 2): text format contains deprecated field "split_k"
[36m(CpuApproximationActor pid=2778064)[0m W0723 05:32:17.527584 2778064 text_format.cc:393] Warning parsing text-format xla.TritonGemmConfigsProto: 18:53 (N = 4): text format contains deprecated field "split_k"
[36m(CpuApproximationActor pid=2778064)[0m W0723 05:32:17.527594 2778064 text_format.cc:393] Warning parsing text-format xla.TritonGemmConfigsProto: 22:53 (N = 8): text format contains deprecated field "split_k"
[36m(CpuApproximationActor pid=2778064)[0m W0723 05:32:17.527608 2778064 text_format.cc:393] Warning parsing text-format xla.TritonGemmConfigsProto: 30:53 (N = 16): text format contains deprecated field "split_k"
[36m(CpuApproximationActor pid=2778064)[0m W0723 05:32:17.527638 2778064 text_format.cc:393] Warning parsing text-format xla.TritonGemmConfigsProto: 16:52 (N = 32): text format contains deprecated field "split_k"
[36m(CpuApproximationActor pid=2778064)[0m W0723 05:32:17.527690 2778064 text_format.cc:393] Warning parsing text-format xla.TritonGemmConfigsProto: 48:53 (N = 64): text format contains deprecated field "split_k"
[36m(CpuApproximationActor pid=2778064)[0m W0723 05:32:17.527791 2778064 text_format.cc:393] Warning parsing text-format xla.TritonGemmConfigsProto: 78:53 (N = 128): text format contains deprecated field "split_k"
[36m(CpuApproximationActor pid=2778064)[0m W0723 05:32:17.527979 2778064 text_format.cc:393] Warning parsing text-format xla.TritonGemmConfigsProto: 36:55 (N = 256): text format contains deprecated field "split_k"
[36m(CpuApproximationActor pid=2778063)[0m [cpu_approx_worker pid=2778063] env: ALPHAGRAD_MEASURE_VIA_AOJ=1 JAX_COMPILATION_CACHE_DIR=/tmp/dsnn-jax-cache-55135-pgi15-gpu9
[36m(CpuApproximationActor pid=2778063)[0m [measure-actor 0] host=pgi15-gpu9.iff.kfa-juelich.de CUDA_VISIBLE_DEVICES=1 jax_devices=[CudaDevice(id=0)]
[33m(raylet)[0m It looks like you're creating a detached actor in an anonymous namespace. In order to access this actor in the future, you will need to explicitly connect to this namespace with ray.init(namespace="474faf79-73f5-4613-a511-e239ecb1e661", ...)
[36m(PPOActor pid=2778062)[0m [ppo_ray] ADDITIVE failed/sentinel penalty = -2.0 (bounded-negative, INCLUDED in advantage+loss -- replaces the failed-row mask; failed rows are repulsive, never a zero-gradient no-op).
[36m(PPOActor pid=2778062)[0m [ppo_ray] V2 anti-hack: failed_adv_stamp=1.0 (post-z-score advantage overwrite on failed rows), cost_symlog_cap=0.0 (symlog'd cost channels clipped to +/-cap).
[36m(PPOActor pid=2778062)[0m [ppo_ray] PopArt value norm ON: beta=0.01 sigma_min(base=0.1, quality[6,9]=0.2) sigma_max=1e+12 robust_std=True (winsor k=5.0) — replaces the rollout advantage z-score; under pure-PopArt advantage a failed row is truly-neutral (A==0), no constant stamp.
[36m(PPOActor pid=2778062)[0m [ppo_ray] DYNAMIC SENTINEL ON: failed/sentinel terminals get per-channel mu_c - 2.0*sigma_c (EMA beta=0.01) instead of -1e10. The additive failed_penalty stamp AND the post-z-score failed_adv_stamp are DISABLED (dynamic value supersedes them); failed_transitions logging + PopArt exclusion unchanged.
[36m(PPOActor pid=2778062)[0m [ppo_ray] RAW COSSIM THREAD ON: env emits full-range cosine_sim in idx6; worker applies guide cap=None into the GAE buffer only, logs reward/cosine_sim_raw from the uncapped value.
[36m(CpuApproximationActor pid=2778064)[0m [cpu_approx_worker pid=2778064] env: ALPHAGRAD_MEASURE_VIA_AOJ=1 JAX_COMPILATION_CACHE_DIR=/tmp/dsnn-jax-cache-55135-pgi15-gpu9[32m [repeated 2x across cluster] (Ray deduplicates logs by default. Set RAY_DEDUP_LOGS=0 to disable log deduplication, or see https://docs.ray.io/en/master/ray-observability/user-guides/configure-logging.html#log-deduplication for more options.)[0m
[36m(CpuApproximationActor pid=2778064)[0m [measure-actor 2] host=pgi15-gpu9.iff.kfa-juelich.de CUDA_VISIBLE_DEVICES=3 jax_devices=[CudaDevice(id=0)][32m [repeated 2x across cluster][0m
[36m(PPOActor pid=2778062)[0m [ppo_ray_worker] POLICY V2 ACTIVE: MicroPPOAgent = TRANSFORMER backbone + PointerVertexPolicy + MicroActionPolicy(max_substeps=1) + separate value pool; factor tables up to axis size 784 (observed max 784).
[36m(PPOActor pid=2778062)[0m [ppo_ray_worker] V2 policy heads scaled by 0.1 (near-uniform initial policy).
  actors spawned + JIT-warm in 37.5s
ppo_ray:   0%|                                                                                                                                             | 0/3400 [00:00<?, ?it/s][36m(PPOActor pid=2778062)[0m E0723 05:32:45.492744 2778522 gpu_hlo_schedule.cc:938] The byte size of input/output arguments (20401094704) exceeds the base limit (20209677107). This indicates an error in the calculation!
[36m(PPOActor pid=2778062)[0m W0723 05:32:18.371377 2778062 text_format.cc:393] Warning parsing text-format xla.TritonGemmConfigsProto: 36:55 (N = 256): text format contains deprecated field "split_k"[32m [repeated 27x across cluster][0m
[36m(PPOActor pid=2778062)[0m E0723 05:32:45.893253 2778510 gpu_hlo_schedule.cc:938] The byte size of input/output arguments (20401094704) exceeds the base limit (20209677107). This indicates an error in the calculation!
[36m(PPOActor pid=2778062)[0m W0723 05:32:45.893554 2778510 hlo_rematerialization.cc:3233] Can't reduce memory use below 16.00GiB (17179869184 bytes) by rematerialization; only reduced to 28.00GiB (30068965392 bytes), down from 28.00GiB (30068965392 bytes) originally
[36m(PPOActor pid=2778062)[0m E0723 05:32:46.155901 2778507 gpu_hlo_schedule.cc:938] The byte size of input/output arguments (20401094704) exceeds the base limit (20209677107). This indicates an error in the calculation!
[36m(PPOActor pid=2778062)[0m E0723 05:32:46.255769 2778507 gpu_hlo_schedule.cc:938] The byte size of input/output arguments (20401094704) exceeds the base limit (20209677107). This indicates an error in the calculation!
[36m(PPOActor pid=2778062)[0m W0723 05:32:46.256039 2778507 hlo_rematerialization.cc:3233] Can't reduce memory use below 16.00GiB (17179869184 bytes) by rematerialization; only reduced to 28.00GiB (30068965392 bytes), down from 28.00GiB (30068965392 bytes) originally
[36m(PPOActor pid=2778062)[0m E0723 05:32:46.365984 2778523 gpu_hlo_schedule.cc:938] The byte size of input/output arguments (20401094704) exceeds the base limit (20209677107). This indicates an error in the calculation!
[36m(PPOActor pid=2778062)[0m W0723 05:32:46.366257 2778523 hlo_rematerialization.cc:3233] Can't reduce memory use below 16.00GiB (17179869184 bytes) by rematerialization; only reduced to 28.00GiB (30068965392 bytes), down from 28.00GiB (30068965392 bytes) originally
[36m(PPOActor pid=2778062)[0m E0723 05:32:46.470578 2778510 gpu_hlo_schedule.cc:938] The byte size of input/output arguments (20401094704) exceeds the base limit (20209677107). This indicates an error in the calculation!
[36m(PPOActor pid=2778062)[0m W0723 05:32:46.470819 2778510 hlo_rematerialization.cc:3233] Can't reduce memory use below 16.00GiB (17179869184 bytes) by rematerialization; only reduced to 28.00GiB (30068965392 bytes), down from 28.00GiB (30068965392 bytes) originally
[36m(PPOActor pid=2778062)[0m E0723 05:32:46.515534 2778522 gpu_hlo_schedule.cc:938] The byte size of input/output arguments (20401094704) exceeds the base limit (20209677107). This indicates an error in the calculation!
[36m(PPOActor pid=2778062)[0m E0723 05:32:46.667929 2778519 gpu_hlo_schedule.cc:938] The byte size of input/output arguments (20401094704) exceeds the base limit (20209677107). This indicates an error in the calculation!
[36m(PPOActor pid=2778062)[0m E0723 05:32:46.715763 2778497 gpu_hlo_schedule.cc:938] The byte size of input/output arguments (20401094704) exceeds the base limit (20209677107). This indicates an error in the calculation!
[36m(PPOActor pid=2778062)[0m W0723 05:32:46.716036 2778497 hlo_rematerialization.cc:3233] Can't reduce memory use below 16.00GiB (17179869184 bytes) by rematerialization; only reduced to 28.00GiB (30068965392 bytes), down from 28.00GiB (30068965392 bytes) originally
[36m(PPOActor pid=2778062)[0m E0723 05:32:46.831932 2778522 gpu_hlo_schedule.cc:938] The byte size of input/output arguments (20401094704) exceeds the base limit (20209677107). This indicates an error in the calculation!
[36m(PPOActor pid=2778062)[0m E0723 05:32:46.841968 2778516 cuda_executor.cc:1210] [0] Failed to allocate device memory: INTERNAL: [0] Failed to allocate 16.00GiB (17179869184 bytes) of device memory: : CUDA_ERROR_OUT_OF_MEMORY: out of memory
[36m(PPOActor pid=2778062)[0m E0723 05:32:46.842361 2778516 cuda_executor.cc:1210] [0] Failed to allocate device memory: INTERNAL: [0] Failed to allocate 16.00GiB (17179869184 bytes) of device memory: : CUDA_ERROR_OUT_OF_MEMORY: out of memory
[36m(PPOActor pid=2778062)[0m E0723 05:32:46.842719 2778516 cuda_executor.cc:1210] [0] Failed to allocate device memory: INTERNAL: [0] Failed to allocate 16.00GiB (17179869184 bytes) of device memory: : CUDA_ERROR_OUT_OF_MEMORY: out of memory
[36m(PPOActor pid=2778062)[0m E0723 05:32:46.843081 2778516 cuda_executor.cc:1210] [0] Failed to allocate device memory: INTERNAL: [0] Failed to allocate 16.00GiB (17179869184 bytes) of device memory: : CUDA_ERROR_OUT_OF_MEMORY: out of memory
[36m(PPOActor pid=2778062)[0m E0723 05:32:46.843440 2778516 cuda_executor.cc:1210] [0] Failed to allocate device memory: INTERNAL: [0] Failed to allocate 16.00GiB (17179869184 bytes) of device memory: : CUDA_ERROR_OUT_OF_MEMORY: out of memory
[36m(PPOActor pid=2778062)[0m E0723 05:32:46.843798 2778516 cuda_executor.cc:1210] [0] Failed to allocate device memory: INTERNAL: [0] Failed to allocate 16.00GiB (17179869184 bytes) of device memory: : CUDA_ERROR_OUT_OF_MEMORY: out of memory
[36m(PPOActor pid=2778062)[0m E0723 05:32:46.844165 2778516 cuda_executor.cc:1210] [0] Failed to allocate device memory: INTERNAL: [0] Failed to allocate 16.00GiB (17179869184 bytes) of device memory: : CUDA_ERROR_OUT_OF_MEMORY: out of memory
[36m(PPOActor pid=2778062)[0m E0723 05:32:46.844523 2778516 cuda_executor.cc:1210] [0] Failed to allocate device memory: INTERNAL: [0] Failed to allocate 16.00GiB (17179869184 bytes) of device memory: : CUDA_ERROR_OUT_OF_MEMORY: out of memory
[36m(PPOActor pid=2778062)[0m E0723 05:32:46.844851 2778516 cuda_executor.cc:1210] [0] Failed to allocate device memory: INTERNAL: [0] Failed to allocate 16.00GiB (17179869184 bytes) of device memory: : CUDA_ERROR_OUT_OF_MEMORY: out of memory
[36m(PPOActor pid=2778062)[0m E0723 05:32:46.845188 2778516 cuda_executor.cc:1210] [0] Failed to allocate device memory: INTERNAL: [0] Failed to allocate 16.00GiB (17179869184 bytes) of device memory: : CUDA_ERROR_OUT_OF_MEMORY: out of memory
[36m(PPOActor pid=2778062)[0m E0723 05:32:46.860226 2778062 autotuner.cc:460] Could not get config for HLO: %gemm_fusion_dot.126 = f32[16,16384,16384]{2,1,0} fusion(%bitcast.4955, %bitcast.4954), kind=kCustom, calls=
[36m(PPOActor pid=2778062)[0m (parameter_0.10: f32[16,16384,32], parameter_1.10: f32[16,32,16384]) -> f32[16,16384,16384] {
[36m(PPOActor pid=2778062)[0m   %parameter_0.10 = f32[16,16384,32]{2,1,0} parameter(0)
[36m(PPOActor pid=2778062)[0m   %parameter_1.10 = f32[16,32,16384]{2,1,0} parameter(1)
[36m(PPOActor pid=2778062)[0m   %dot.150 = f32[16,16384,16384]{2,1,0} dot(%parameter_0.10, %parameter_1.10), lhs_batch_dims={0}, lhs_contracting_dims={2}, rhs_batch_dims={0}, rhs_contracting_dims={1}, metadata={op_name="jit(act_step)/vmap(shd,thd->hst)/dot_general" stack_frame_id=836}
[36m(PPOActor pid=2778062)[0m   %constant.1984 = f32[] constant(0.176776692)
[36m(PPOActor pid=2778062)[0m   %broadcast.2652 = f32[16,16384,16384]{2,1,0} broadcast(%constant.1984), dimensions={}
[36m(PPOActor pid=2778062)[0m   ROOT %multiply.111 = f32[16,16384,16384]{2,1,0} multiply(%dot.150, %broadcast.2652), metadata={op_name="jit(act_step)/vmap()/div" stack_frame_id=836}
[36m(PPOActor pid=2778062)[0m }, metadata={op_name="jit(act_step)/vmap(shd,thd->hst)/dot_general" stack_frame_id=836}, backend_config={"operation_queue_id":"0","fusion_backend_config":{"kind":"__triton_gemm"},"force_earliest_schedule":false,"reification_cost":[],"device_type":"DEVICE_TYPE_INVALID"}. Status: INTERNAL: Autotuning failed for HLO: %gemm_fusion_dot.126 = f32[16,16384,16384]{2,1,0} fusion(%bitcast.4955, %bitcast.4954), kind=kCustom, calls=%gemm_fusion_dot.126_computation, metadata={op_name="jit(act_step)/vmap(shd,thd->hst)/dot_general" stack_frame_id=836}, backend_config={"operation_queue_id":"0","fusion_backend_config":{"kind":"__triton_gemm"},"force_earliest_schedule":false,"reification_cost":[],"device_type":"DEVICE_TYPE_INVALID"}. Failed to pick best config: All configs failed during profiling.
[36m(PPOActor pid=2778062)[0m Failures (10):
[36m(PPOActor pid=2778062)[0m EXECUTION FAILED: RESOURCE_EXHAUSTED: Failed to allocate request for 16.00GiB (17179869184B) on device ordinal 0
[36m(PPOActor pid=2778062)[0m EXECUTION FAILED: RESOURCE_EXHAUSTED: Failed to allocate request for 16.00GiB (17179869184B) on device ordinal 0
[36m(PPOActor pid=2778062)[0m EXECUTION FAILED: RESOURCE_EXHAUSTED: Failed to allocate request for 16.00GiB (17179869184B) on device ordinal 0
[36m(PPOActor pid=2778062)[0m EXECUTION FAILED: RESOURCE_EXHAUSTED: Failed to allocate request for 16.00GiB (17179869184B) on device ordinal 0
[36m(PPOActor pid=2778062)[0m EXECUTION FAILED: RESOURCE_EXHAUSTED: Failed to allocate request for 16.00GiB (17179869184B) on device ordinal 0
[36m(PPOActor pid=2778062)[0m EXECUTION FAILED: RESOURCE_EXHAUSTED: Failed to allocate request for 16.00GiB (17179869184B) on device ordinal 0
[36m(PPOActor pid=2778062)[0m EXECUTION FAILED: RESOURCE_EXHAUSTED: Failed to allocate request for 16.00GiB (17179869184B) on device ordinal 0
[36m(PPOActor pid=2778062)[0m EXECUTION FAILED: RESOURCE_EXHAUSTED: Failed to allocate request for 16.00GiB (17179869184B) on device ordinal 0
[36m(PPOActor pid=2778062)[0m EXECUTION FAILED: RESOURCE_EXHAUSTED: Failed to allocate request for 16.00GiB (17179869184B) on device ordinal 0
[36m(PPOActor pid=2778062)[0m EXECUTION FAILED: RESOURCE_EXHAUSTED: Failed to allocate request for 16.00GiB (17179869184B) on device ordinal 0
[36m(PPOActor pid=2778062)[0m E0723 05:32:47.237844 2778491 gpu_hlo_schedule.cc:938] The byte size of input/output arguments (20401094704) exceeds the base limit (20209677107). This indicates an error in the calculation!
[36m(PPOActor pid=2778062)[0m W0723 05:32:47.238117 2778491 hlo_rematerialization.cc:3233] Can't reduce memory use below 16.00GiB (17179869184 bytes) by rematerialization; only reduced to 28.00GiB (30068965392 bytes), down from 28.00GiB (30068965392 bytes) originally
[36m(PPOActor pid=2778062)[0m E0723 05:32:47.539309 2778507 gpu_hlo_schedule.cc:938] The byte size of input/output arguments (20401094704) exceeds the base limit (20209677107). This indicates an error in the calculation!
[36m(PPOActor pid=2778062)[0m W0723 05:32:47.539650 2778507 hlo_rematerialization.cc:3233] Can't reduce memory use below 16.00GiB (17179869184 bytes) by rematerialization; only reduced to 28.00GiB (30068965392 bytes), down from 28.00GiB (30068965392 bytes) originally
[36m(PPOActor pid=2778062)[0m E0723 05:32:47.634722 2778504 gpu_hlo_schedule.cc:938] The byte size of input/output arguments (20401094704) exceeds the base limit (20209677107). This indicates an error in the calculation!
[36m(PPOActor pid=2778062)[0m E0723 05:32:47.715928 2778504 cuda_executor.cc:1210] [0] Failed to allocate device memory: INTERNAL: [0] Failed to allocate 12.00GiB (12889096448 bytes) of device memory: : CUDA_ERROR_OUT_OF_MEMORY: out of memory
[36m(PPOActor pid=2778062)[0m E0723 05:32:47.716141 2778504 cuda_executor.cc:1210] [0] Failed to allocate device memory: INTERNAL: [0] Failed to allocate 16.00GiB (17179869184 bytes) of device memory: : CUDA_ERROR_OUT_OF_MEMORY: out of memory
[36m(PPOActor pid=2778062)[0m E0723 05:32:47.716310 2778504 cuda_executor.cc:1210] [0] Failed to allocate device memory: INTERNAL: [0] Failed to allocate 16.00GiB (17179869184 bytes) of device memory: : CUDA_ERROR_OUT_OF_MEMORY: out of memory
[36m(PPOActor pid=2778062)[0m E0723 05:32:47.716464 2778504 cuda_executor.cc:1210] [0] Failed to allocate device memory: INTERNAL: [0] Failed to allocate 16.00GiB (17179869184 bytes) of device memory: : CUDA_ERROR_OUT_OF_MEMORY: out of memory
[36m(PPOActor pid=2778062)[0m E0723 05:32:47.716615 2778504 cuda_executor.cc:1210] [0] Failed to allocate device memory: INTERNAL: [0] Failed to allocate 16.00GiB (17179869184 bytes) of device memory: : CUDA_ERROR_OUT_OF_MEMORY: out of memory
[36m(PPOActor pid=2778062)[0m E0723 05:32:47.716804 2778504 cuda_executor.cc:1210] [0] Failed to allocate device memory: INTERNAL: [0] Failed to allocate 16.00GiB (17179869184 bytes) of device memory: : CUDA_ERROR_OUT_OF_MEMORY: out of memory
[36m(PPOActor pid=2778062)[0m E0723 05:32:47.716954 2778504 cuda_executor.cc:1210] [0] Failed to allocate device memory: INTERNAL: [0] Failed to allocate 16.00GiB (17179869184 bytes) of device memory: : CUDA_ERROR_OUT_OF_MEMORY: out of memory
[36m(PPOActor pid=2778062)[0m W0723 05:32:47.716960 2778504 autotuner.cc:640] No reference output found even though buffer checking 
[36m(PPOActor pid=2778062)[0m E0723 05:32:47.717142 2778504 cuda_executor.cc:1210] [0] Failed to allocate device memory: INTERNAL: [0] Failed to allocate 16.00GiB (17179869184 bytes) of device memory: : CUDA_ERROR_OUT_OF_MEMORY: out of memory
[36m(PPOActor pid=2778062)[0m E0723 05:32:47.717306 2778504 cuda_executor.cc:1210] [0] Failed to allocate device memory: INTERNAL: [0] Failed to allocate 16.00GiB (17179869184 bytes) of device memory: : CUDA_ERROR_OUT_OF_MEMORY: out of memory
[36m(PPOActor pid=2778062)[0m E0723 05:32:47.717462 2778504 cuda_executor.cc:1210] [0] Failed to allocate device memory: INTERNAL: [0] Failed to allocate 16.00GiB (17179869184 bytes) of device memory: : CUDA_ERROR_OUT_OF_MEMORY: out of memory
[36m(PPOActor pid=2778062)[0m E0723 05:32:47.717620 2778504 cuda_executor.cc:1210] [0] Failed to allocate device memory: INTERNAL: [0] Failed to allocate 16.00GiB (17179869184 bytes) of device memory: : CUDA_ERROR_OUT_OF_MEMORY: out of memory
[36m(PPOActor pid=2778062)[0m E0723 05:32:47.717775 2778504 cuda_executor.cc:1210] [0] Failed to allocate device memory: INTERNAL: [0] Failed to allocate 16.00GiB (17179869184 bytes) of device memory: : CUDA_ERROR_OUT_OF_MEMORY: out of memory
[36m(PPOActor pid=2778062)[0m E0723 05:32:47.717934 2778504 cuda_executor.cc:1210] [0] Failed to allocate device memory: INTERNAL: [0] Failed to allocate 16.00GiB (17179869184 bytes) of device memory: : CUDA_ERROR_OUT_OF_MEMORY: out of memory
[36m(PPOActor pid=2778062)[0m E0723 05:32:47.718076 2778504 cuda_executor.cc:1210] [0] Failed to allocate device memory: INTERNAL: [0] Failed to allocate 16.00GiB (17179869184 bytes) of device memory: : CUDA_ERROR_OUT_OF_MEMORY: out of memory
[36m(PPOActor pid=2778062)[0m E0723 05:32:47.718209 2778504 cuda_executor.cc:1210] [0] Failed to allocate device memory: INTERNAL: [0] Failed to allocate 16.00GiB (17179869184 bytes) of device memory: : CUDA_ERROR_OUT_OF_MEMORY: out of memory
[36m(PPOActor pid=2778062)[0m E0723 05:32:47.718339 2778504 cuda_executor.cc:1210] [0] Failed to allocate device memory: INTERNAL: [0] Failed to allocate 16.00GiB (17179869184 bytes) of device memory: : CUDA_ERROR_OUT_OF_MEMORY: out of memory
[36m(PPOActor pid=2778062)[0m E0723 05:32:47.718468 2778504 cuda_executor.cc:1210] [0] Failed to allocate device memory: INTERNAL: [0] Failed to allocate 16.00GiB (17179869184 bytes) of device memory: : CUDA_ERROR_OUT_OF_MEMORY: out of memory
[36m(PPOActor pid=2778062)[0m E0723 05:32:47.718596 2778504 cuda_executor.cc:1210] [0] Failed to allocate device memory: INTERNAL: [0] Failed to allocate 16.00GiB (17179869184 bytes) of device memory: : CUDA_ERROR_OUT_OF_MEMORY: out of memory
[36m(PPOActor pid=2778062)[0m E0723 05:32:47.718725 2778504 cuda_executor.cc:1210] [0] Failed to allocate device memory: INTERNAL: [0] Failed to allocate 16.00GiB (17179869184 bytes) of device memory: : CUDA_ERROR_OUT_OF_MEMORY: out of memory
[36m(PPOActor pid=2778062)[0m E0723 05:32:47.718852 2778504 cuda_executor.cc:1210] [0] Failed to allocate device memory: INTERNAL: [0] Failed to allocate 16.00GiB (17179869184 bytes) of device memory: : CUDA_ERROR_OUT_OF_MEMORY: out of memory
[36m(PPOActor pid=2778062)[0m E0723 05:32:47.805721 2778519 cuda_executor.cc:1210] [0] Failed to allocate device memory: INTERNAL: [0] Failed to allocate 16.02GiB (17196646400 bytes) of device memory: : CUDA_ERROR_OUT_OF_MEMORY: out of memory
[36m(PPOActor pid=2778062)[0m E0723 05:32:48.101164 2778062 autotuner.cc:460] Could not get config for HLO: %gemm_fusion_dot.127 = f32[16,32,16384]{2,1,0} fusion(%bitcast.4962, %bitcast.4961), kind=kCustom, calls=
[36m(PPOActor pid=2778062)[0m (parameter_0.12: f32[16,32,16384], parameter_1.12: f32[16,16384,16384]) -> f32[16,32,16384] {
[36m(PPOActor pid=2778062)[0m   %parameter_1.12 = f32[16,16384,16384]{2,1,0} parameter(1)
[36m(PPOActor pid=2778062)[0m   %parameter_0.12 = f32[16,32,16384]{2,1,0} parameter(0)
[36m(PPOActor pid=2778062)[0m   %dot.212 = f32[16,16384,32]{1,2,0} dot(%parameter_1.12, %parameter_0.12), lhs_batch_dims={0}, lhs_contracting_dims={2}, rhs_batch_dims={0}, rhs_contracting_dims={2}, metadata={op_name="jit(act_step)/vmap(hst,thd->shd)/dot_general" stack_frame_id=854}
[36m(PPOActor pid=2778062)[0m   ROOT %bitcast.5093 = f32[16,32,16384]{2,1,0} bitcast(%dot.212), metadata={op_name="jit(act_step)/vmap(hst,thd->shd)/dot_general" stack_frame_id=854}
[36m(PPOActor pid=2778062)[0m }, metadata={op_name="jit(act_step)/vmap(hst,thd->shd)/dot_general" stack_frame_id=854}, backend_config={"operation_queue_id":"0","fusion_backend_config":{"kind":"__triton_gemm"},"force_earliest_schedule":false,"reification_cost":[],"device_type":"DEVICE_TYPE_INVALID"}. Status: RESOURCE_EXHAUSTED: Autotuning failed for HLO: %gemm_fusion_dot.127 = f32[16,32,16384]{2,1,0} fusion(%bitcast.4962, %bitcast.4961), kind=kCustom, calls=%gemm_fusion_dot.127_computation, metadata={op_name="jit(act_step)/vmap(hst,thd->shd)/dot_general" stack_frame_id=854}, backend_config={"operation_queue_id":"0","fusion_backend_config":{"kind":"__triton_gemm"},"force_earliest_schedule":false,"reification_cost":[],"device_type":"DEVICE_TYPE_INVALID"}. Failed to profile configs: Failed to allocate request for 16.02GiB (17196646400B) on device ordinal 0
[36m(PPOActor pid=2778062)[0m E0723 05:32:48.101603 2778062 autotuner.cc:460] Could not get config for HLO: %gemm_fusion_dot.19 = f32[4,1073741824]{1,0} fusion(%dynamic_nodonate__first___17_.1, %bitcast.4958), kind=kCustom, calls=
[36m(PPOActor pid=2778062)[0m (parameter_0.11: f32[3,4], parameter_1.11: pred[3,1073741824]) -> f32[4,1073741824] {
[36m(PPOActor pid=2778062)[0m   %parameter_1.11 = pred[3,1073741824]{1,0} parameter(1)
[36m(PPOActor pid=2778062)[0m   %convert.15 = f32[3,1073741824]{1,0} convert(%parameter_1.11), metadata={op_name="jit(act_step)/vmap()/convert_element_type" stack_frame_id=845}
[36m(PPOActor pid=2778062)[0m   %parameter_0.11 = f32[3,4]{1,0} parameter(0)
[36m(PPOActor pid=2778062)[0m   %dot.211 = f32[1073741824,4]{0,1} dot(%convert.15, %parameter_0.11), lhs_contracting_dims={0}, rhs_contracting_dims={0}, metadata={op_name="jit(act_step)/vmap(rh,rij->hij)/dot_general" stack_frame_id=852}
[36m(PPOActor pid=2778062)[0m   ROOT %bitcast.5092 = f32[4,1073741824]{1,0} bitcast(%dot.211), metadata={op_name="jit(act_step)/vmap(rh,rij->hij)/dot_general" stack_frame_id=852}
[36m(PPOActor pid=2778062)[0m }, metadata={op_name="jit(act_step)/vmap(rh,rij->hij)/dot_general" stack_frame_id=852}, backend_config={"operation_queue_id":"0","fusion_backend_config":{"kind":"__triton_gemm"},"force_earliest_schedule":false,"reification_cost":[],"device_type":"DEVICE_TYPE_INVALID"}. Status: INTERNAL: Autotuning failed for HLO: %gemm_fusion_dot.19 = f32[4,1073741824]{1,0} fusion(%dynamic_nodonate__first___17_.1, %bitcast.4958), kind=kCustom, calls=%gemm_fusion_dot.19_computation, metadata={op_name="jit(act_step)/vmap(rh,rij->hij)/dot_general" stack_frame_id=852}, backend_config={"operation_queue_id":"0","fusion_backend_config":{"kind":"__triton_gemm"},"force_earliest_schedule":false,"reification_cost":[],"device_type":"DEVICE_TYPE_INVALID"}. Failed to pick best config: All configs failed during profiling.
[36m(PPOActor pid=2778062)[0m Failures (13):
[36m(PPOActor pid=2778062)[0m EXECUTION FAILED: RESOURCE_EXHAUSTED: Failed to allocate request for 16.00GiB (17179869184B) on device ordinal 0
[36m(PPOActor pid=2778062)[0m EXECUTION FAILED: RESOURCE_EXHAUSTED: Failed to allocate request for 16.00GiB (17179869184B) on device ordinal 0
[36m(PPOActor pid=2778062)[0m EXECUTION FAILED: RESOURCE_EXHAUSTED: Failed to allocate request for 16.00GiB (17179869184B) on device ordinal 0
[36m(PPOActor pid=2778062)[0m EXECUTION FAILED: RESOURCE_EXHAUSTED: Failed to allocate request for 16.00GiB (17179869184B) on device ordinal 0
[36m(PPOActor pid=2778062)[0m EXECUTION FAILED: RESOURCE_EXHAUSTED: Failed to allocate request for 16.00GiB (17179869184B) on device ordinal 0
[36m(PPOActor pid=2778062)[0m EXECUTION FAILED: RESOURCE_EXHAUSTED: Failed to allocate request for 16.00GiB (17179869184B) on device ordinal 0
[36m(PPOActor pid=2778062)[0m EXECUTION FAILED: RESOURCE_EXHAUSTED: Failed to allocate request for 16.00GiB (17179869184B) on device ordinal 0
[36m(PPOActor pid=2778062)[0m EXECUTION FAILED: RESOURCE_EXHAUSTED: Failed to allocate request for 16.00GiB (17179869184B) on device ordinal 0
[36m(PPOActor pid=2778062)[0m EXECUTION FAILED: RESOURCE_EXHAUSTED: Failed to allocate request for 16.00GiB (17179869184B) on device ordinal 0
[36m(PPOActor pid=2778062)[0m EXECUTION FAILED: RESOURCE_EXHAUSTED: Failed to allocate request for 16.00GiB (17179869184B) on device ordinal 0
[36m(PPOActor pid=2778062)[0m EXECUTION FAILED: RESOURCE_EXHAUSTED: Failed to allocate request for 16.00GiB (17179869184B) on device ordinal 0
[36m(PPOActor pid=2778062)[0m EXECUTION FAILED: RESOURCE_EXHAUSTED: Failed to allocate request for 16.00GiB (17179869184B) on device ordinal 0
[36m(PPOActor pid=2778062)[0m EXECUTION FAILED: RESOURCE_EXHAUSTED: Failed to allocate request for 16.00GiB (17179869184B) on device ordinal 0
Traceback (most recent call last):
  File "/Users/assmuth/dsnn/alphagrad/src/alphagrad/approx/ppo_ray.py", line 776, in <module>
    sys.exit(main())
             ~~~~^^
  File "/Users/assmuth/dsnn/alphagrad/src/alphagrad/approx/ppo_ray.py", line 770, in main
    rc = _run(args)
  File "/Users/assmuth/dsnn/alphagrad/src/alphagrad/approx/ppo_ray.py", line 561, in _run
    stats = ray.get(actor.run_rollout_and_train.remote(seed_counter))
  File "/Users/assmuth/dsnn/.venv/lib/python3.13/site-packages/ray/_private/auto_init_hook.py", line 22, in auto_init_wrapper
    return fn(*args, **kwargs)
  File "/Users/assmuth/dsnn/.venv/lib/python3.13/site-packages/ray/_private/client_mode_hook.py", line 107, in wrapper
    return func(*args, **kwargs)
  File "/Users/assmuth/dsnn/.venv/lib/python3.13/site-packages/ray/_private/worker.py", line 2980, in get
    values, debugger_breakpoint = worker.get_objects(
                                  ~~~~~~~~~~~~~~~~~~^
        object_refs, timeout, use_object_store=_use_object_store
        ^^^^^^^^^^^^^^^^^^^^^^^^^^^^^^^^^^^^^^^^^^^^^^^^^^^^^^^^
    )
    ^
  File "/Users/assmuth/dsnn/.venv/lib/python3.13/site-packages/ray/_private/worker.py", line 1023, in get_objects
    raise value.as_instanceof_cause()
ray.exceptions.RayTaskError(JaxRuntimeError): [36mray::PPOActor.run_rollout_and_train()[39m (pid=2778062, ip=192.168.15.9, actor_id=38a05f4cec2677ee4f56ec2801000000, repr=<alphagrad.approx.ppo_ray_actors.PPOActor object at 0x7a9d75929550>)
  File "/Users/assmuth/dsnn/alphagrad/src/alphagrad/approx/ppo_ray_actors.py", line 71, in run_rollout_and_train
    return self._impl.run_rollout_and_train(int(rng_seed))
           ~~~~~~~~~~~~~~~~~~~~~~~~~~~~~~~~^^^^^^^^^^^^^^^
  File "/Users/assmuth/dsnn/alphagrad/src/alphagrad/approx/ppo_ray_worker.py", line 2067, in run_rollout_and_train
    ) = self._act_step(
        ~~~~~~~~~~~~~~^
        self.agent, state, avail,
        ^^^^^^^^^^^^^^^^^^^^^^^^^
    ...<2 lines>...
        self._substep_budget_j,
        ^^^^^^^^^^^^^^^^^^^^^^^
    )
    ^
  File "/Users/assmuth/dsnn/.venv/lib/python3.13/site-packages/equinox/_jit.py", line 209, in __call__
    return _call(self, False, args, kwargs)
  File "/Users/assmuth/dsnn/.venv/lib/python3.13/site-packages/equinox/_jit.py", line 263, in _call
    marker, _, _ = out = jit_wrapper._cached(
                         ~~~~~~~~~~~~~~~~~~~^
        dynamic_donate, dynamic_nodonate, static
        ^^^^^^^^^^^^^^^^^^^^^^^^^^^^^^^^^^^^^^^^
    )
    ^
jax.errors.JaxRuntimeError: INTERNAL: Failed to get configs for: 3 out of 30 instructions. See logs for all failures. Example failure: 
Autotuning failed for HLO: %gemm_fusion_dot.126 = f32[16,16384,16384]{2,1,0} fusion(%bitcast.4955, %bitcast.4954), kind=kCustom, calls=%gemm_fusion_dot.126_computation, metadata={op_name="jit(act_step)/vmap(shd,thd->hst)/dot_general" stack_frame_id=836}, backend_config={"operation_queue_id":"0","fusion_backend_config":{"kind":"__triton_gemm"},"force_earliest_schedule":false,"reification_cost":[],"device_type":"DEVICE_TYPE_INVALID"}. Failed to pick best config: All configs failed during profiling.
Failures (10):
EXECUTION FAILED: RESOURCE_EXHAUSTED: Failed to allocate request for 16.00GiB (17179869184B) on device ordinal 0
EXECUTION FAILED: RESOURCE_EXHAUSTED: Failed to allocate request for 16.00GiB (17179869184B) on device ordinal 0
EXECUTION FAILED: RESOURCE_EXHAUSTED: Failed to allocate request for 16.00GiB (17179869184B) on device ordinal 0
EXECUTION FAILED: RESOURCE_EXHAUSTED: Failed to allocate request for 16.00GiB (17179869184B) on device ordinal 0
EXECUTION FAILED: RESOURCE_EXHAUSTED: Failed to allocate request for 16.00GiB (17179869184B) on device ordinal 0
EXECUTION FAILED: RESOURCE_EXHAUSTED: Failed to allocate request for 16.00GiB (17179869184B) on device ordinal 0
EXECUTION FAILED: RESOURCE_EXHAUSTED: Failed to allocate request for 16.00GiB (17179869184B) on device ordinal 0
EXECUTION FAILED: RESOURCE_EXHAUSTED: Failed to allocate request for 16.00GiB (17179869184B) on device ordinal 0
EXECUTION FAILED: RESOURCE_EXHAUSTED: Failed to allocate request for 16.00GiB (17179869184B) on device ordinal 0
EXECUTION FAILED: RESOURCE_EXHAUSTED: Failed to allocate request for 16.00GiB (17179869184B) on device ordinal 0
--------------------
For simplicity, JAX has removed its internal frames from the traceback of the following exception. Set JAX_TRACEBACK_FILTERING=off to include these.
--------------------
For simplicity, JAX has removed its internal frames from the traceback of the following exception. Set JAX_TRACEBACK_FILTERING=off to include these.
Traceback (most recent call last):
  File "/Users/assmuth/dsnn/alphagrad/src/alphagrad/approx/ppo_ray.py", line 776, in <module>
    sys.exit(main())
             ~~~~^^
  File "/Users/assmuth/dsnn/alphagrad/src/alphagrad/approx/ppo_ray.py", line 770, in main
    rc = _run(args)
  File "/Users/assmuth/dsnn/alphagrad/src/alphagrad/approx/ppo_ray.py", line 561, in _run
    stats = ray.get(actor.run_rollout_and_train.remote(seed_counter))
  File "/Users/assmuth/dsnn/.venv/lib/python3.13/site-packages/ray/_private/auto_init_hook.py", line 22, in auto_init_wrapper
    return fn(*args, **kwargs)
  File "/Users/assmuth/dsnn/.venv/lib/python3.13/site-packages/ray/_private/client_mode_hook.py", line 107, in wrapper
    return func(*args, **kwargs)
  File "/Users/assmuth/dsnn/.venv/lib/python3.13/site-packages/ray/_private/worker.py", line 2980, in get
    values, debugger_breakpoint = worker.get_objects(
                                  ~~~~~~~~~~~~~~~~~~^
        object_refs, timeout, use_object_store=_use_object_store
        ^^^^^^^^^^^^^^^^^^^^^^^^^^^^^^^^^^^^^^^^^^^^^^^^^^^^^^^^
    )
    ^
  File "/Users/assmuth/dsnn/.venv/lib/python3.13/site-packages/ray/_private/worker.py", line 1023, in get_objects
    raise value.as_instanceof_cause()
ray.exceptions.RayTaskError(JaxRuntimeError): [36mray::PPOActor.run_rollout_and_train()[39m (pid=2778062, ip=192.168.15.9, actor_id=38a05f4cec2677ee4f56ec2801000000, repr=<alphagrad.approx.ppo_ray_actors.PPOActor object at 0x7a9d75929550>)
  File "/Users/assmuth/dsnn/alphagrad/src/alphagrad/approx/ppo_ray_actors.py", line 71, in run_rollout_and_train
    return self._impl.run_rollout_and_train(int(rng_seed))
           ~~~~~~~~~~~~~~~~~~~~~~~~~~~~~~~~^^^^^^^^^^^^^^^
  File "/Users/assmuth/dsnn/alphagrad/src/alphagrad/approx/ppo_ray_worker.py", line 2067, in run_rollout_and_train
    ) = self._act_step(
        ~~~~~~~~~~~~~~^
        self.agent, state, avail,
        ^^^^^^^^^^^^^^^^^^^^^^^^^
    ...<2 lines>...
        self._substep_budget_j,
        ^^^^^^^^^^^^^^^^^^^^^^^
    )
    ^
  File "/Users/assmuth/dsnn/.venv/lib/python3.13/site-packages/equinox/_jit.py", line 209, in __call__
    return _call(self, False, args, kwargs)
  File "/Users/assmuth/dsnn/.venv/lib/python3.13/site-packages/equinox/_jit.py", line 263, in _call
    marker, _, _ = out = jit_wrapper._cached(
                         ~~~~~~~~~~~~~~~~~~~^
        dynamic_donate, dynamic_nodonate, static
        ^^^^^^^^^^^^^^^^^^^^^^^^^^^^^^^^^^^^^^^^
    )
    ^
jax.errors.JaxRuntimeError: INTERNAL: Failed to get configs for: 3 out of 30 instructions. See logs for all failures. Example failure: 
Autotuning failed for HLO: %gemm_fusion_dot.126 = f32[16,16384,16384]{2,1,0} fusion(%bitcast.4955, %bitcast.4954), kind=kCustom, calls=%gemm_fusion_dot.126_computation, metadata={op_name="jit(act_step)/vmap(shd,thd->hst)/dot_general" stack_frame_id=836}, backend_config={"operation_queue_id":"0","fusion_backend_config":{"kind":"__triton_gemm"},"force_earliest_schedule":false,"reification_cost":[],"device_type":"DEVICE_TYPE_INVALID"}. Failed to pick best config: All configs failed during profiling.
Failures (10):
EXECUTION FAILED: RESOURCE_EXHAUSTED: Failed to allocate request for 16.00GiB (17179869184B) on device ordinal 0
EXECUTION FAILED: RESOURCE_EXHAUSTED: Failed to allocate request for 16.00GiB (17179869184B) on device ordinal 0
EXECUTION FAILED: RESOURCE_EXHAUSTED: Failed to allocate request for 16.00GiB (17179869184B) on device ordinal 0
EXECUTION FAILED: RESOURCE_EXHAUSTED: Failed to allocate request for 16.00GiB (17179869184B) on device ordinal 0
EXECUTION FAILED: RESOURCE_EXHAUSTED: Failed to allocate request for 16.00GiB (17179869184B) on device ordinal 0
EXECUTION FAILED: RESOURCE_EXHAUSTED: Failed to allocate request for 16.00GiB (17179869184B) on device ordinal 0
EXECUTION FAILED: RESOURCE_EXHAUSTED: Failed to allocate request for 16.00GiB (17179869184B) on device ordinal 0
EXECUTION FAILED: RESOURCE_EXHAUSTED: Failed to allocate request for 16.00GiB (17179869184B) on device ordinal 0
EXECUTION FAILED: RESOURCE_EXHAUSTED: Failed to allocate request for 16.00GiB (17179869184B) on device ordinal 0
EXECUTION FAILED: RESOURCE_EXHAUSTED: Failed to allocate request for 16.00GiB (17179869184B) on device ordinal 0
--------------------
For simplicity, JAX has removed its internal frames from the traceback of the following exception. Set JAX_TRACEBACK_FILTERING=off to include these.
--------------------
For simplicity, JAX has removed its internal frames from the traceback of the following exception. Set JAX_TRACEBACK_FILTERING=off to include these.
[1;34mwandb[0m: 
[1;34mwandb[0m: 🚀 View run [33mnn256_aoj_sub1_s7[0m at: [34mhttps://wandb.ai/dll-streetview/dsnn-aoj-perpath/runs/dev0gjnl[0m
[1;34mwandb[0m: Find logs at: [1;35mwandb/run-20260723_053209-dev0gjnl/logs[0m
=== RC=1 Thu Jul 23 05:32:51 AM UTC 2026 ===
