=== node=pgi15-gpu9.iff.kfa-juelich.de gpu=NVIDIA GeForce RTX 4090 Thu Jul 23 03:32:19 PM UTC 2026 ===
=== TAG=approx_mlp MODE=approx EXAMPLE=VmappedNeuralNetwork WIDTH=64 SNN_STEPS=unset ===
=== graphax=30441f6 examples: ADALIF_SNN_SEQ, a fully-unrolled temporal adaptive-LIF ===
=== alphagrad=8feccde fix: widen the synthetic eval samples to the model width ===
=== PHASE lat_mem START Thu Jul 23 03:32:19 PM UTC 2026 ===
2026-07-23 15:32:22,902	INFO worker.py:2012 -- Started a local Ray instance.
/Users/assmuth/dsnn/.venv/lib/python3.13/site-packages/ray/_private/worker.py:2051: FutureWarning: Tip: In future versions of Ray, Ray will no longer override accelerator visible devices env var if num_gpus=0 or num_gpus=None (default). To enable this behavior and turn off this error message, set RAY_ACCEL_ENV_VAR_OVERRIDE_ON_ZERO=0
  warnings.warn(
wandb: Loading settings from /Users/assmuth/.config/wandb/settings
wandb: [wandb.login()] Loaded credentials for https://api.wandb.ai from /Users/assmuth/.netrc.
wandb: Currently logged in as: florian-assmuth (dll-streetview) to https://api.wandb.ai. Use `wandb login --relogin` to force relogin
wandb: WARNING Using a boolean value for 'reinit' is deprecated. Use 'return_previous' or 'finish_previous' instead.
wandb: setting up run ca2x5ylq
wandb: Tracking run with wandb version 0.25.0
wandb: Run data is saved locally in /Users/assmuth/dsnn/alphagrad/wandb/run-20260723_153224-ca2x5ylq
wandb: Run `wandb offline` to turn off syncing.
wandb: Syncing run approx_mlp_lat_mem
wandb: ⭐️ View project at https://wandb.ai/dll-streetview/dsnn-vertex
wandb: 🚀 View run at https://wandb.ai/dll-streetview/dsnn-vertex/runs/ca2x5ylq
[33m(raylet)[0m It looks like you're creating a detached actor in an anonymous namespace. In order to access this actor in the future, you will need to explicitly connect to this namespace with ray.init(namespace="ccd3439b-64b4-4cc0-9dca-753e1ebf2b8f", ...)
[36m(CpuApproximationActor pid=3439674)[0m W0723 15:32:32.493331 3439674 text_format.cc:393] Warning parsing text-format xla.TritonGemmConfigsProto: 15:53 (N = 1): text format contains deprecated field "split_k"
[36m(CpuApproximationActor pid=3439674)[0m W0723 15:32:32.493357 3439674 text_format.cc:393] Warning parsing text-format xla.TritonGemmConfigsProto: 16:53 (N = 2): text format contains deprecated field "split_k"
[36m(CpuApproximationActor pid=3439674)[0m W0723 15:32:32.493364 3439674 text_format.cc:393] Warning parsing text-format xla.TritonGemmConfigsProto: 18:53 (N = 4): text format contains deprecated field "split_k"
[36m(CpuApproximationActor pid=3439674)[0m W0723 15:32:32.493373 3439674 text_format.cc:393] Warning parsing text-format xla.TritonGemmConfigsProto: 22:53 (N = 8): text format contains deprecated field "split_k"
[36m(CpuApproximationActor pid=3439674)[0m W0723 15:32:32.493388 3439674 text_format.cc:393] Warning parsing text-format xla.TritonGemmConfigsProto: 30:53 (N = 16): text format contains deprecated field "split_k"
[36m(CpuApproximationActor pid=3439674)[0m W0723 15:32:32.493417 3439674 text_format.cc:393] Warning parsing text-format xla.TritonGemmConfigsProto: 16:52 (N = 32): text format contains deprecated field "split_k"
[36m(CpuApproximationActor pid=3439674)[0m W0723 15:32:32.493468 3439674 text_format.cc:393] Warning parsing text-format xla.TritonGemmConfigsProto: 48:53 (N = 64): text format contains deprecated field "split_k"
[36m(CpuApproximationActor pid=3439674)[0m W0723 15:32:32.493576 3439674 text_format.cc:393] Warning parsing text-format xla.TritonGemmConfigsProto: 78:53 (N = 128): text format contains deprecated field "split_k"
[36m(CpuApproximationActor pid=3439674)[0m W0723 15:32:32.493781 3439674 text_format.cc:393] Warning parsing text-format xla.TritonGemmConfigsProto: 36:55 (N = 256): text format contains deprecated field "split_k"
[36m(CpuApproximationActor pid=3439673)[0m [cpu_approx_worker pid=3439673] env: ALPHAGRAD_EXACT_ONLY=0 ALPHAGRAD_EXAMPLE_WIDTH=64 ALPHAGRAD_FACE_TRANSFORMS=1 ALPHAGRAD_MEASURE_VIA_AOJ=0 ALPHAGRAD_PER_FACE_MVP=1 ALPHAGRAD_POLICY=palimpsa JAX_COMPILATION_CACHE_DIR=/tmp/dsnn-jax-cache-55201-pgi15-gpu9
[36m(CpuApproximationActor pid=3439673)[0m [measure-actor 2] host=pgi15-gpu9.iff.kfa-juelich.de CUDA_VISIBLE_DEVICES=3 jax_devices=[CudaDevice(id=0)]
[33m(raylet)[0m It looks like you're creating a detached actor in an anonymous namespace. In order to access this actor in the future, you will need to explicitly connect to this namespace with ray.init(namespace="ccd3439b-64b4-4cc0-9dca-753e1ebf2b8f", ...)
[36m(PPOActor pid=3439670)[0m [ppo_ray] ADDITIVE failed/sentinel penalty = -2.0 (bounded-negative, INCLUDED in advantage+loss -- replaces the failed-row mask; failed rows are repulsive, never a zero-gradient no-op).
[36m(PPOActor pid=3439670)[0m [ppo_ray] V2 anti-hack: failed_adv_stamp=1.0 (post-z-score advantage overwrite on failed rows), cost_symlog_cap=0.0 (symlog'd cost channels clipped to +/-cap).
[36m(PPOActor pid=3439670)[0m [ppo_ray] PopArt value norm ON: beta=0.01 sigma_min(base=0.1, quality[6,9]=0.2) sigma_max=1e+12 robust_std=True (winsor k=5.0) — replaces the rollout advantage z-score; under pure-PopArt advantage a failed row is truly-neutral (A==0), no constant stamp.
[36m(PPOActor pid=3439670)[0m [ppo_ray] DYNAMIC SENTINEL ON: failed/sentinel terminals get per-channel mu_c - 2.0*sigma_c (EMA beta=0.01) instead of -1e10. The additive failed_penalty stamp AND the post-z-score failed_adv_stamp are DISABLED (dynamic value supersedes them); failed_transitions logging + PopArt exclusion unchanged.
[36m(PPOActor pid=3439670)[0m [ppo_ray] RAW COSSIM THREAD ON: env emits full-range cosine_sim in idx6; worker applies guide cap=None into the GAE buffer only, logs reward/cosine_sim_raw from the uncapped value.
[36m(PPOActor pid=3439670)[0m [ppo_ray_worker] POLICY V2 ACTIVE: MicroPPOAgent = PALIMPSA backbone + PointerVertexPolicy + MicroActionPolicy(max_substeps=1) + separate value pool; factor tables up to axis size 64 (observed max 64).
[36m(PPOActor pid=3439670)[0m [ppo_ray_worker] V2 policy heads scaled by 0.1 (near-uniform initial policy).
[36m(CpuApproximationActor pid=3439674)[0m [cpu_approx_worker pid=3439674] env: ALPHAGRAD_EXACT_ONLY=0 ALPHAGRAD_EXAMPLE_WIDTH=64 ALPHAGRAD_FACE_TRANSFORMS=1 ALPHAGRAD_MEASURE_VIA_AOJ=0 ALPHAGRAD_PER_FACE_MVP=1 ALPHAGRAD_POLICY=palimpsa JAX_COMPILATION_CACHE_DIR=/tmp/dsnn-jax-cache-55201-pgi15-gpu9[32m [repeated 2x across cluster] (Ray deduplicates logs by default. Set RAY_DEDUP_LOGS=0 to disable log deduplication, or see https://docs.ray.io/en/master/ray-observability/user-guides/configure-logging.html#log-deduplication for more options.)[0m
[36m(CpuApproximationActor pid=3439674)[0m [measure-actor 1] host=pgi15-gpu9.iff.kfa-juelich.de CUDA_VISIBLE_DEVICES=2 jax_devices=[CudaDevice(id=0)][32m [repeated 2x across cluster][0m
  actors spawned + JIT-warm in 31.0s
ppo_ray:   0%|                                                                                                                                             | 0/1000 [00:00<?, ?it/s][36m(CpuApproximationActor pid=3439673)[0m /Users/assmuth/dsnn/graphax/src/graphax/jaxpr.py:779: UserWarning: jaxpr tokenizer: uncaptured value rendered as '?': 'jit'
[36m(CpuApproximationActor pid=3439673)[0m   warnings.warn(
[36m(CpuApproximationActor pid=3439673)[0m /Users/assmuth/dsnn/graphax/src/graphax/jaxpr.py:779: UserWarning: jaxpr tokenizer: uncaptured value rendered as '?': 'compiler_options_kvs'
[36m(CpuApproximationActor pid=3439673)[0m   warnings.warn(
[36m(CpuApproximationActor pid=3439673)[0m /Users/assmuth/dsnn/graphax/src/graphax/jaxpr.py:779: UserWarning: jaxpr tokenizer: uncaptured value rendered as '?': 'donated_invars'
[36m(CpuApproximationActor pid=3439673)[0m   warnings.warn(
[36m(CpuApproximationActor pid=3439673)[0m /Users/assmuth/dsnn/graphax/src/graphax/jaxpr.py:779: UserWarning: jaxpr tokenizer: uncaptured value rendered as '?': 'in_layouts'
[36m(CpuApproximationActor pid=3439673)[0m   warnings.warn(
[36m(CpuApproximationActor pid=3439673)[0m /Users/assmuth/dsnn/graphax/src/graphax/jaxpr.py:779: UserWarning: jaxpr tokenizer: uncaptured value rendered as '?': 'None'
[36m(CpuApproximationActor pid=3439673)[0m   warnings.warn(
[36m(CpuApproximationActor pid=3439673)[0m /Users/assmuth/dsnn/graphax/src/graphax/jaxpr.py:779: UserWarning: jaxpr tokenizer: uncaptured value rendered as '?': 'in_shardings'
[36m(CpuApproximationActor pid=3439673)[0m   warnings.warn(
[36m(CpuApproximationActor pid=3439673)[0m /Users/assmuth/dsnn/graphax/src/graphax/jaxpr.py:779: UserWarning: jaxpr tokenizer: uncaptured value rendered as '?': 'UnspecifiedValue'
[36m(CpuApproximationActor pid=3439673)[0m   warnings.warn(
[36m(CpuApproximationActor pid=3439673)[0m /Users/assmuth/dsnn/graphax/src/graphax/jaxpr.py:779: UserWarning: jaxpr tokenizer: uncaptured value rendered as '?': 'inline'
[36m(CpuApproximationActor pid=3439673)[0m   warnings.warn(
[36m(CpuApproximationActor pid=3439673)[0m /Users/assmuth/dsnn/graphax/src/graphax/jaxpr.py:779: UserWarning: jaxpr tokenizer: uncaptured value rendered as '?': 'keep_unused'
[36m(CpuApproximationActor pid=3439673)[0m   warnings.warn(
[36m(CpuApproximationActor pid=3439673)[0m /Users/assmuth/dsnn/graphax/src/graphax/jaxpr.py:779: UserWarning: jaxpr tokenizer: uncaptured value rendered as '?': 'name'
[36m(CpuApproximationActor pid=3439673)[0m   warnings.warn(
[36m(CpuApproximationActor pid=3439673)[0m /Users/assmuth/dsnn/graphax/src/graphax/jaxpr.py:779: UserWarning: jaxpr tokenizer: uncaptured value rendered as '?': '_where'
[36m(CpuApproximationActor pid=3439673)[0m   warnings.warn(
[36m(CpuApproximationActor pid=3439673)[0m /Users/assmuth/dsnn/graphax/src/graphax/jaxpr.py:779: UserWarning: jaxpr tokenizer: uncaptured value rendered as '?': 'out_layouts'
[36m(CpuApproximationActor pid=3439673)[0m   warnings.warn(
[36m(CpuApproximationActor pid=3439673)[0m /Users/assmuth/dsnn/graphax/src/graphax/jaxpr.py:779: UserWarning: jaxpr tokenizer: uncaptured value rendered as '?': 'out_shardings'
[36m(CpuApproximationActor pid=3439673)[0m   warnings.warn(
[36m(PPOActor pid=3439670)[0m W0723 15:32:33.122746 3439670 text_format.cc:393] Warning parsing text-format xla.TritonGemmConfigsProto: 36:55 (N = 256): text format contains deprecated field "split_k"[32m [repeated 27x across cluster][0m
[36m(CpuApproximationActor pid=3439671)[0m [per-face] builds=200 applied=0 skipped=0 applied_frac=0.000
[36m(PPOActor pid=3439670)[0m [per-face] builds=200 applied=96 skipped=0 applied_frac=1.000
[36m(PPOActor pid=3439670)[0m [ppo_ray][popart] ep=0 ev=-65.651 adv(mean/std/absmax)=-31.165/1.776/33.910 latency_ns: mu=-7.26e+04 sig=8.05e+03 peak_memory: mu=-3.05e+08 sig=1.46e+07 frob_residual: mu=-3.19e+03 sig=2.62e+03
ppo_ray:   0%|▏                                                                                                                                 | 1/1000 [01:19<22:03:02, 79.46s/it]ppo_ray best:-2.84e+08(ep0) mean:-3.05e+08 loss(p/v):26/1.8e+02 ent:1.984 nan_skip:0:   0%|                                                     | 1/1000 [01:19<22:03:02, 79.46s/it][36m(CpuApproximationActor pid=3439673)[0m [per-face] builds=200 applied=16 skipped=0 applied_frac=1.000
[36m(PPOActor pid=3439670)[0m [ppo_ray][popart] ep=1 ev=-13.327 adv(mean/std/absmax)=-19.529/1.740/21.608 latency_ns: mu=-6.91e+04 sig=7.02e+03 peak_memory: mu=-3.34e+08 sig=4.2e+07 frob_residual: mu=-3.59e+03 sig=2.56e+03
[36m(PPOActor pid=3439670)[0m [per-face] builds=400 applied=212 skipped=0 applied_frac=1.000[32m [repeated 3x across cluster][0m
ppo_ray best:-2.84e+08(ep0) mean:-3.05e+08 loss(p/v):26/1.8e+02 ent:1.984 nan_skip:0:   0%|                                                     | 2/1000 [01:31<11:00:33, 39.71s/it]ppo_ray best:-2.84e+08(ep0) mean:-3.63e+08 loss(p/v):22/58 ent:1.838 nan_skip:0:   0%|                                                          | 2/1000 [01:31<11:00:33, 39.71s/it]slurmstepd: error: *** JOB 55201 ON pgi15-gpu9 CANCELLED AT 2026-07-23T15:34:24 ***
