=== node=pgi15-gpu12 gpu=NVIDIA GeForce RTX 4090 Thu Jul 23 11:43:34 PM UTC 2026 ===
=== TAG=approx_adalif_multiloop MODE=approx EXAMPLE=ADALIF_SNN_SEQ WIDTH=64 SNN_STEPS=8 ===
=== graphax=30441f6 examples: ADALIF_SNN_SEQ, a fully-unrolled temporal adaptive-LIF ===
=== alphagrad=81175a9 tools: ratio-based warmup for the CSV export ===
=== PHASE lat_mem START Thu Jul 23 11:43:34 PM UTC 2026 ===
usage: ppo_ray.py [-h] [--name NAME] [--seed SEED]
                  [--wandb {disabled,offline,online}] [--episodes EPISODES]
                  [--no-jit] [--exec-on-gpu]
                  [--best-sequences-json BEST_SEQUENCES_JSON]
                  [--best-sequences-every BEST_SEQUENCES_EVERY]
                  [--example EXAMPLE] [--cmp-type {graphax,flops,latency}]
                  [--mem-type {graphax,bytes_accessed,peak_memory}]
                  [--rewards {cmp,mem,acc} [{cmp,mem,acc} ...]]
                  [--lambda-cmp LAMBDA_CMP] [--lambda-mem LAMBDA_MEM]
                  [--lambda-frob LAMBDA_FROB] [--measure-latency]
                  [--terminal-rewards-only]
                  [--num-eval-samples NUM_EVAL_SAMPLES] [--dataset DATASET]
                  [--dataset-size DATASET_SIZE] [--num-envs NUM_ENVS]
                  [--minibatches MINIBATCHES] [--advantage-norm {gdpo,scalar}]
                  [--calibration-statistic {iqr,mean_abs,std}]
                  [--ppo-eps PPO_EPS] [--value-coef VALUE_COEF]
                  [--entropy-coef ENTROPY_COEF] [--gae-lambda GAE_LAMBDA]
                  [--discount DISCOUNT]
                  [--lagrangian-constraint [LAGRANGIAN_CONSTRAINT ...]]
                  [--lagrangian-lr LAGRANGIAN_LR]
                  [--reward-condition [REWARD_CONDITION ...]] [--lr LR]
                  [--lr-decay-min-mult LR_DECAY_MIN_MULT]
                  [--max-grad-norm MAX_GRAD_NORM] [--adam-eps ADAM_EPS]
                  [--dynamic-substeps] [--factors FACTORS]
                  [--variant {custom,ve_only,diag_gcd,diag_factor,compress,quantize,full,full_curriculum}]
                  [--curriculum CURRICULUM] [--vocab-size VOCAB_SIZE]
                  [--embd-dim EMBD_DIM] [--num-layers NUM_LAYERS]
                  [--num-heads NUM_HEADS] [--hidden-dim HIDDEN_DIM]
                  [--policy-dims POLICY_DIMS] [--value-dims VALUE_DIMS]
                  [--num-cpu-workers NUM_CPU_WORKERS]
                  [--ray-address RAY_ADDRESS] [--wandb-project WANDB_PROJECT]
                  [--cpu-callback-timeout CPU_CALLBACK_TIMEOUT]
                  [--cpu-callback-initial-timeout CPU_CALLBACK_INITIAL_TIMEOUT]
                  [--cpu-callback-warm-after CPU_CALLBACK_WARM_AFTER]
                  [--cpu-worker-recycle-every CPU_WORKER_RECYCLE_EVERY]
                  [--calibrate-steps CALIBRATE_STEPS]
                  [--quant-dtypes QUANT_DTYPES]
                  [--compile-cache-size COMPILE_CACHE_SIZE]
                  [--checkpoint-path CHECKPOINT_PATH]
                  [--checkpoint-every CHECKPOINT_EVERY]
                  [--actor-num-gpus ACTOR_NUM_GPUS]
                  [--lagrangian-warmup-eps LAGRANGIAN_WARMUP_EPS]
                  [--lagrangian-multiplier-max LAGRANGIAN_MULTIPLIER_MAX]
ppo_ray.py: error: unrecognized arguments: --latency-inner-reps 50 --entropy-coef-final 0.05 --max-substeps 1 --cpu-actor-num-gpus 1 --cpu-cores-per-actor 8 --cpu-cores-shared --ppo-epochs 4 --num-data-points 5 --reps-per-point 2
=== PHASE lat_mem RC=2 Thu Jul 23 11:43:35 PM UTC 2026 ===
[log_to_csv] no ep= rows in campaign_exp/approx_adalif_multiloop_lat_mem/run.log
  (csv export failed)
=== PHASE flops START Thu Jul 23 11:43:35 PM UTC 2026 ===
usage: ppo_ray.py [-h] [--name NAME] [--seed SEED]
                  [--wandb {disabled,offline,online}] [--episodes EPISODES]
                  [--no-jit] [--exec-on-gpu]
                  [--best-sequences-json BEST_SEQUENCES_JSON]
                  [--best-sequences-every BEST_SEQUENCES_EVERY]
                  [--example EXAMPLE] [--cmp-type {graphax,flops,latency}]
                  [--mem-type {graphax,bytes_accessed,peak_memory}]
                  [--rewards {cmp,mem,acc} [{cmp,mem,acc} ...]]
                  [--lambda-cmp LAMBDA_CMP] [--lambda-mem LAMBDA_MEM]
                  [--lambda-frob LAMBDA_FROB] [--measure-latency]
                  [--terminal-rewards-only]
                  [--num-eval-samples NUM_EVAL_SAMPLES] [--dataset DATASET]
                  [--dataset-size DATASET_SIZE] [--num-envs NUM_ENVS]
                  [--minibatches MINIBATCHES] [--advantage-norm {gdpo,scalar}]
                  [--calibration-statistic {iqr,mean_abs,std}]
                  [--ppo-eps PPO_EPS] [--value-coef VALUE_COEF]
                  [--entropy-coef ENTROPY_COEF] [--gae-lambda GAE_LAMBDA]
                  [--discount DISCOUNT]
                  [--lagrangian-constraint [LAGRANGIAN_CONSTRAINT ...]]
                  [--lagrangian-lr LAGRANGIAN_LR]
                  [--reward-condition [REWARD_CONDITION ...]] [--lr LR]
                  [--lr-decay-min-mult LR_DECAY_MIN_MULT]
                  [--max-grad-norm MAX_GRAD_NORM] [--adam-eps ADAM_EPS]
                  [--dynamic-substeps] [--factors FACTORS]
                  [--variant {custom,ve_only,diag_gcd,diag_factor,compress,quantize,full,full_curriculum}]
                  [--curriculum CURRICULUM] [--vocab-size VOCAB_SIZE]
                  [--embd-dim EMBD_DIM] [--num-layers NUM_LAYERS]
                  [--num-heads NUM_HEADS] [--hidden-dim HIDDEN_DIM]
                  [--policy-dims POLICY_DIMS] [--value-dims VALUE_DIMS]
                  [--num-cpu-workers NUM_CPU_WORKERS]
                  [--ray-address RAY_ADDRESS] [--wandb-project WANDB_PROJECT]
                  [--cpu-callback-timeout CPU_CALLBACK_TIMEOUT]
                  [--cpu-callback-initial-timeout CPU_CALLBACK_INITIAL_TIMEOUT]
                  [--cpu-callback-warm-after CPU_CALLBACK_WARM_AFTER]
                  [--cpu-worker-recycle-every CPU_WORKER_RECYCLE_EVERY]
                  [--calibrate-steps CALIBRATE_STEPS]
                  [--quant-dtypes QUANT_DTYPES]
                  [--compile-cache-size COMPILE_CACHE_SIZE]
                  [--checkpoint-path CHECKPOINT_PATH]
                  [--checkpoint-every CHECKPOINT_EVERY]
                  [--actor-num-gpus ACTOR_NUM_GPUS]
                  [--lagrangian-warmup-eps LAGRANGIAN_WARMUP_EPS]
                  [--lagrangian-multiplier-max LAGRANGIAN_MULTIPLIER_MAX]
ppo_ray.py: error: unrecognized arguments: --latency-inner-reps 50 --entropy-coef-final 0.05 --max-substeps 1 --cpu-actor-num-gpus 1 --cpu-cores-per-actor 8 --cpu-cores-shared --ppo-epochs 4 --num-data-points 5 --reps-per-point 2
=== PHASE flops RC=2 Thu Jul 23 11:43:35 PM UTC 2026 ===
[log_to_csv] no ep= rows in campaign_exp/approx_adalif_multiloop_flops/run.log
  (csv export failed)
=== ALL PHASES DONE (FAILED=1) Thu Jul 23 11:43:35 PM UTC 2026 ===
