=== node=pgi15-gpu10.iff.kfa-juelich.de gpu=NVIDIA GeForce RTX 4090 Fri Jul 24 10:20:51 AM UTC 2026 ===
=== TAG=smoke2_exact_mlp MODE=exact EXAMPLE=VmappedNeuralNetwork WIDTH=64 SNN_STEPS=unset ===
=== graphax=eb6ad3e feat(sparse): implement verify_hardware_compat hook for dynamic quant masks ===
=== alphagrad=522a757 fix: from_jaxpr accepts the ppo_ray_worker compat kwargs ===
=== PHASE lat_mem START Fri Jul 24 10:20:51 AM UTC 2026 ===
2026-07-24 10:20:55,264	INFO worker.py:2012 -- Started a local Ray instance.
/Users/assmuth/dsnn/.venv/lib/python3.13/site-packages/ray/_private/worker.py:2051: FutureWarning: Tip: In future versions of Ray, Ray will no longer override accelerator visible devices env var if num_gpus=0 or num_gpus=None (default). To enable this behavior and turn off this error message, set RAY_ACCEL_ENV_VAR_OVERRIDE_ON_ZERO=0
  warnings.warn(
wandb: Loading settings from /Users/assmuth/.config/wandb/settings
wandb: [wandb.login()] Loaded credentials for https://api.wandb.ai from /Users/assmuth/.netrc.
wandb: Currently logged in as: florian-assmuth (dll-streetview) to https://api.wandb.ai. Use `wandb login --relogin` to force relogin
wandb: WARNING Using a boolean value for 'reinit' is deprecated. Use 'return_previous' or 'finish_previous' instead.
wandb: setting up run ingbbpe1
wandb: Tracking run with wandb version 0.25.0
wandb: Run data is saved locally in /Users/assmuth/dsnn/alphagrad/wandb/run-20260724_102056-ingbbpe1
wandb: Run `wandb offline` to turn off syncing.
wandb: Syncing run smoke2_exact_mlp_lat_mem
wandb: ⭐️ View project at https://wandb.ai/dll-streetview/dsnn-vertex
wandb: 🚀 View run at https://wandb.ai/dll-streetview/dsnn-vertex/runs/ingbbpe1
[33m(raylet)[0m It looks like you're creating a detached actor in an anonymous namespace. In order to access this actor in the future, you will need to explicitly connect to this namespace with ray.init(namespace="b0c8d505-6d44-463c-b753-acbf79c99ca3", ...)
[36m(PPOActor pid=1790573)[0m /Users/assmuth/dsnn/.venv/lib/python3.13/site-packages/jaxlib/plugin_support.py:92: RuntimeWarning: JAX plugin jax_cuda12_plugin version 0.10.1.dev0+selfbuilt is installed, but it is not compatible with the installed jaxlib version 0.11.0, so it will not be used.
[36m(PPOActor pid=1790573)[0m   warnings.warn(
[36m(CpuApproximationActor pid=1790576)[0m W0724 10:21:03.564682 1790576 text_format.cc:393] Warning parsing text-format xla.TritonGemmConfigsProto: 15:53 (N = 1): text format contains deprecated field "split_k"
[36m(CpuApproximationActor pid=1790576)[0m W0724 10:21:03.564707 1790576 text_format.cc:393] Warning parsing text-format xla.TritonGemmConfigsProto: 16:53 (N = 2): text format contains deprecated field "split_k"
[36m(CpuApproximationActor pid=1790576)[0m W0724 10:21:03.564715 1790576 text_format.cc:393] Warning parsing text-format xla.TritonGemmConfigsProto: 18:53 (N = 4): text format contains deprecated field "split_k"
[36m(CpuApproximationActor pid=1790576)[0m W0724 10:21:03.564724 1790576 text_format.cc:393] Warning parsing text-format xla.TritonGemmConfigsProto: 22:53 (N = 8): text format contains deprecated field "split_k"
[36m(CpuApproximationActor pid=1790576)[0m W0724 10:21:03.564738 1790576 text_format.cc:393] Warning parsing text-format xla.TritonGemmConfigsProto: 30:53 (N = 16): text format contains deprecated field "split_k"
[36m(CpuApproximationActor pid=1790576)[0m W0724 10:21:03.564768 1790576 text_format.cc:393] Warning parsing text-format xla.TritonGemmConfigsProto: 16:52 (N = 32): text format contains deprecated field "split_k"
[36m(CpuApproximationActor pid=1790576)[0m W0724 10:21:03.564819 1790576 text_format.cc:393] Warning parsing text-format xla.TritonGemmConfigsProto: 48:53 (N = 64): text format contains deprecated field "split_k"
[36m(CpuApproximationActor pid=1790576)[0m W0724 10:21:03.564925 1790576 text_format.cc:393] Warning parsing text-format xla.TritonGemmConfigsProto: 78:53 (N = 128): text format contains deprecated field "split_k"
[36m(CpuApproximationActor pid=1790576)[0m W0724 10:21:03.565113 1790576 text_format.cc:393] Warning parsing text-format xla.TritonGemmConfigsProto: 36:55 (N = 256): text format contains deprecated field "split_k"
[36m(CpuApproximationActor pid=1790575)[0m /Users/assmuth/dsnn/.venv/lib/python3.13/site-packages/jaxlib/plugin_support.py:92: RuntimeWarning: JAX plugin jax_cuda12_plugin version 0.10.1.dev0+selfbuilt is installed, but it is not compatible with the installed jaxlib version 0.11.0, so it will not be used.[32m [repeated 3x across cluster] (Ray deduplicates logs by default. Set RAY_DEDUP_LOGS=0 to disable log deduplication, or see https://docs.ray.io/en/master/ray-observability/user-guides/configure-logging.html#log-deduplication for more options.)[0m
[36m(CpuApproximationActor pid=1790575)[0m   warnings.warn([32m [repeated 3x across cluster][0m
[36m(CpuApproximationActor pid=1790575)[0m [cpu_approx_worker pid=1790575] env: ALPHAGRAD_EXAMPLE_WIDTH=64 ALPHAGRAD_MEASURE_VIA_AOJ=0 ALPHAGRAD_POLICY=palimpsa JAX_COMPILATION_CACHE_DIR=/tmp/dsnn-jax-cache-55331-pgi15-gpu10
[36m(CpuApproximationActor pid=1790575)[0m [measure-actor 0] host=pgi15-gpu10.iff.kfa-juelich.de CUDA_VISIBLE_DEVICES=2 jax_devices=[CudaDevice(id=0)]
[33m(raylet)[0m It looks like you're creating a detached actor in an anonymous namespace. In order to access this actor in the future, you will need to explicitly connect to this namespace with ray.init(namespace="b0c8d505-6d44-463c-b753-acbf79c99ca3", ...)
Traceback (most recent call last):
  File "/Users/assmuth/dsnn/alphagrad/src/alphagrad/approx/ppo_ray.py", line 776, in <module>
    sys.exit(main())
             ~~~~^^
  File "/Users/assmuth/dsnn/alphagrad/src/alphagrad/approx/ppo_ray.py", line 770, in main
    rc = _run(args)
  File "/Users/assmuth/dsnn/alphagrad/src/alphagrad/approx/ppo_ray.py", line 283, in _run
    ray.get(actor.init_server.remote(
    ~~~~~~~^^^^^^^^^^^^^^^^^^^^^^^^^^
        cpu_workers,
        ^^^^^^^^^^^^
    ...<5 lines>...
        starting_actor_id=int(args.num_cpu_workers),
        ^^^^^^^^^^^^^^^^^^^^^^^^^^^^^^^^^^^^^^^^^^^^
    ))
    ^^
  File "/Users/assmuth/dsnn/.venv/lib/python3.13/site-packages/ray/_private/auto_init_hook.py", line 22, in auto_init_wrapper
    return fn(*args, **kwargs)
  File "/Users/assmuth/dsnn/.venv/lib/python3.13/site-packages/ray/_private/client_mode_hook.py", line 107, in wrapper
    return func(*args, **kwargs)
  File "/Users/assmuth/dsnn/.venv/lib/python3.13/site-packages/ray/_private/worker.py", line 2980, in get
    values, debugger_breakpoint = worker.get_objects(
                                  ~~~~~~~~~~~~~~~~~~^
        object_refs, timeout, use_object_store=_use_object_store
        ^^^^^^^^^^^^^^^^^^^^^^^^^^^^^^^^^^^^^^^^^^^^^^^^^^^^^^^^
    )
    ^
  File "/Users/assmuth/dsnn/.venv/lib/python3.13/site-packages/ray/_private/worker.py", line 1023, in get_objects
    raise value.as_instanceof_cause()
ray.exceptions.RayTaskError(IndexError): [36mray::PPOActor.init_server()[39m (pid=1790573, ip=192.168.15.10, actor_id=bc589947e601aa393b6dfeac01000000, repr=<alphagrad.approx.ppo_ray_actors.PPOActor object at 0x797c4200d550>)
  File "/Users/assmuth/dsnn/alphagrad/src/alphagrad/approx/ppo_ray_actors.py", line 59, in init_server
    self.init_worker(cpu_workers)
    ~~~~~~~~~~~~~~~~^^^^^^^^^^^^^
  File "/Users/assmuth/dsnn/alphagrad/src/alphagrad/approx/ppo_ray_actors.py", line 34, in init_worker
    self._impl = PPORayWorker(
                 ~~~~~~~~~~~~^
        self.args_dict, seed=self.seed, cpu_workers=cpu_workers,
        ^^^^^^^^^^^^^^^^^^^^^^^^^^^^^^^^^^^^^^^^^^^^^^^^^^^^^^^^
    )
    ^
  File "/Users/assmuth/dsnn/alphagrad/src/alphagrad/approx/ppo_ray_worker.py", line 1011, in __init__
    _sig_min_vec[_qi] = max(_sig_min_base, _sig_min_qual)
    ~~~~~~~~~~~~^^^^^
IndexError: index 9 is out of bounds for axis 0 with size 8
Traceback (most recent call last):
  File "/Users/assmuth/dsnn/alphagrad/src/alphagrad/approx/ppo_ray.py", line 776, in <module>
    sys.exit(main())
             ~~~~^^
  File "/Users/assmuth/dsnn/alphagrad/src/alphagrad/approx/ppo_ray.py", line 770, in main
    rc = _run(args)
  File "/Users/assmuth/dsnn/alphagrad/src/alphagrad/approx/ppo_ray.py", line 283, in _run
    ray.get(actor.init_server.remote(
    ~~~~~~~^^^^^^^^^^^^^^^^^^^^^^^^^^
        cpu_workers,
        ^^^^^^^^^^^^
    ...<5 lines>...
        starting_actor_id=int(args.num_cpu_workers),
        ^^^^^^^^^^^^^^^^^^^^^^^^^^^^^^^^^^^^^^^^^^^^
    ))
    ^^
  File "/Users/assmuth/dsnn/.venv/lib/python3.13/site-packages/ray/_private/auto_init_hook.py", line 22, in auto_init_wrapper
    return fn(*args, **kwargs)
  File "/Users/assmuth/dsnn/.venv/lib/python3.13/site-packages/ray/_private/client_mode_hook.py", line 107, in wrapper
    return func(*args, **kwargs)
  File "/Users/assmuth/dsnn/.venv/lib/python3.13/site-packages/ray/_private/worker.py", line 2980, in get
    values, debugger_breakpoint = worker.get_objects(
                                  ~~~~~~~~~~~~~~~~~~^
        object_refs, timeout, use_object_store=_use_object_store
        ^^^^^^^^^^^^^^^^^^^^^^^^^^^^^^^^^^^^^^^^^^^^^^^^^^^^^^^^
    )
    ^
  File "/Users/assmuth/dsnn/.venv/lib/python3.13/site-packages/ray/_private/worker.py", line 1023, in get_objects
    raise value.as_instanceof_cause()
ray.exceptions.RayTaskError(IndexError): [36mray::PPOActor.init_server()[39m (pid=1790573, ip=192.168.15.10, actor_id=bc589947e601aa393b6dfeac01000000, repr=<alphagrad.approx.ppo_ray_actors.PPOActor object at 0x797c4200d550>)
  File "/Users/assmuth/dsnn/alphagrad/src/alphagrad/approx/ppo_ray_actors.py", line 59, in init_server
    self.init_worker(cpu_workers)
    ~~~~~~~~~~~~~~~~^^^^^^^^^^^^^
  File "/Users/assmuth/dsnn/alphagrad/src/alphagrad/approx/ppo_ray_actors.py", line 34, in init_worker
    self._impl = PPORayWorker(
                 ~~~~~~~~~~~~^
        self.args_dict, seed=self.seed, cpu_workers=cpu_workers,
        ^^^^^^^^^^^^^^^^^^^^^^^^^^^^^^^^^^^^^^^^^^^^^^^^^^^^^^^^
    )
    ^
  File "/Users/assmuth/dsnn/alphagrad/src/alphagrad/approx/ppo_ray_worker.py", line 1011, in __init__
    _sig_min_vec[_qi] = max(_sig_min_base, _sig_min_qual)
    ~~~~~~~~~~~~^^^^^
IndexError: index 9 is out of bounds for axis 0 with size 8
[36m(PPOActor pid=1790573)[0m [ppo_ray] ADDITIVE failed/sentinel penalty = -2.0 (bounded-negative, INCLUDED in advantage+loss -- replaces the failed-row mask; failed rows are repulsive, never a zero-gradient no-op).
[36m(PPOActor pid=1790573)[0m [ppo_ray] V2 anti-hack: failed_adv_stamp=1.0 (post-z-score advantage overwrite on failed rows), cost_symlog_cap=0.0 (symlog'd cost channels clipped to +/-cap).
socket.send() raised exception.
socket.send() raised exception.
socket.send() raised exception.
socket.send() raised exception.
[1;34mwandb[0m: 
[1;34mwandb[0m: 🚀 View run [33msmoke2_exact_mlp_lat_mem[0m at: [34mhttps://wandb.ai/dll-streetview/dsnn-vertex/runs/ingbbpe1[0m
[1;34mwandb[0m: Find logs at: [1;35mwandb/run-20260724_102056-ingbbpe1/logs[0m
[36m(CpuApproximationActor pid=1790576)[0m [cpu_approx_worker pid=1790576] env: ALPHAGRAD_EXAMPLE_WIDTH=64 ALPHAGRAD_MEASURE_VIA_AOJ=0 ALPHAGRAD_POLICY=palimpsa JAX_COMPILATION_CACHE_DIR=/tmp/dsnn-jax-cache-55331-pgi15-gpu10[32m [repeated 2x across cluster][0m
[36m(CpuApproximationActor pid=1790576)[0m [measure-actor 2] host=pgi15-gpu10.iff.kfa-juelich.de CUDA_VISIBLE_DEVICES=3 jax_devices=[CudaDevice(id=0)][32m [repeated 2x across cluster][0m
[36m(PPOActor pid=1790573)[0m W0724 10:21:04.217502 1790573 text_format.cc:393] Warning parsing text-format xla.TritonGemmConfigsProto: 36:55 (N = 256): text format contains deprecated field "split_k"[32m [repeated 27x across cluster][0m
=== PHASE lat_mem RC=1 Fri Jul 24 10:21:21 AM UTC 2026 ===
[log_to_csv] no ep= rows in campaign_exp/smoke2_exact_mlp_lat_mem/run.log
  (csv export failed)
=== PHASE flops START Fri Jul 24 10:21:21 AM UTC 2026 ===
2026-07-24 10:21:23,938	INFO worker.py:2012 -- Started a local Ray instance.
/Users/assmuth/dsnn/.venv/lib/python3.13/site-packages/ray/_private/worker.py:2051: FutureWarning: Tip: In future versions of Ray, Ray will no longer override accelerator visible devices env var if num_gpus=0 or num_gpus=None (default). To enable this behavior and turn off this error message, set RAY_ACCEL_ENV_VAR_OVERRIDE_ON_ZERO=0
  warnings.warn(
wandb: Loading settings from /Users/assmuth/.config/wandb/settings
wandb: [wandb.login()] Loaded credentials for https://api.wandb.ai from /Users/assmuth/.netrc.
wandb: Currently logged in as: florian-assmuth (dll-streetview) to https://api.wandb.ai. Use `wandb login --relogin` to force relogin
wandb: WARNING Using a boolean value for 'reinit' is deprecated. Use 'return_previous' or 'finish_previous' instead.
wandb: setting up run owoann3i
wandb: Tracking run with wandb version 0.25.0
wandb: Run data is saved locally in /Users/assmuth/dsnn/alphagrad/wandb/run-20260724_102124-owoann3i
wandb: Run `wandb offline` to turn off syncing.
wandb: Syncing run smoke2_exact_mlp_flops
wandb: ⭐️ View project at https://wandb.ai/dll-streetview/dsnn-vertex
wandb: 🚀 View run at https://wandb.ai/dll-streetview/dsnn-vertex/runs/owoann3i
[33m(raylet)[0m It looks like you're creating a detached actor in an anonymous namespace. In order to access this actor in the future, you will need to explicitly connect to this namespace with ray.init(namespace="23787eab-5a63-427a-a88f-d0192eb6352a", ...)
[36m(PPOActor pid=1792888)[0m /Users/assmuth/dsnn/.venv/lib/python3.13/site-packages/jaxlib/plugin_support.py:92: RuntimeWarning: JAX plugin jax_cuda12_plugin version 0.10.1.dev0+selfbuilt is installed, but it is not compatible with the installed jaxlib version 0.11.0, so it will not be used.
[36m(PPOActor pid=1792888)[0m   warnings.warn(
[36m(PPOActor pid=1792888)[0m W0724 10:21:30.848510 1792888 text_format.cc:393] Warning parsing text-format xla.AutotuneResult: 5:10 (N = 1): text format contains deprecated field "split_k"
[36m(CpuApproximationActor pid=1792891)[0m W0724 10:21:31.309786 1792891 text_format.cc:393] Warning parsing text-format xla.TritonGemmConfigsProto: 15:53 (N = 1): text format contains deprecated field "split_k"
[36m(CpuApproximationActor pid=1792891)[0m W0724 10:21:31.309811 1792891 text_format.cc:393] Warning parsing text-format xla.TritonGemmConfigsProto: 16:53 (N = 2): text format contains deprecated field "split_k"
[36m(CpuApproximationActor pid=1792891)[0m W0724 10:21:31.309819 1792891 text_format.cc:393] Warning parsing text-format xla.TritonGemmConfigsProto: 18:53 (N = 4): text format contains deprecated field "split_k"
[36m(CpuApproximationActor pid=1792891)[0m W0724 10:21:31.309828 1792891 text_format.cc:393] Warning parsing text-format xla.TritonGemmConfigsProto: 22:53 (N = 8): text format contains deprecated field "split_k"
[36m(CpuApproximationActor pid=1792891)[0m W0724 10:21:31.309842 1792891 text_format.cc:393] Warning parsing text-format xla.TritonGemmConfigsProto: 30:53 (N = 16): text format contains deprecated field "split_k"
[36m(CpuApproximationActor pid=1792891)[0m W0724 10:21:31.309872 1792891 text_format.cc:393] Warning parsing text-format xla.TritonGemmConfigsProto: 16:52 (N = 32): text format contains deprecated field "split_k"
[36m(CpuApproximationActor pid=1792891)[0m W0724 10:21:31.309923 1792891 text_format.cc:393] Warning parsing text-format xla.TritonGemmConfigsProto: 48:53 (N = 64): text format contains deprecated field "split_k"
[36m(CpuApproximationActor pid=1792891)[0m W0724 10:21:31.310023 1792891 text_format.cc:393] Warning parsing text-format xla.TritonGemmConfigsProto: 78:53 (N = 128): text format contains deprecated field "split_k"
[36m(CpuApproximationActor pid=1792891)[0m W0724 10:21:31.310212 1792891 text_format.cc:393] Warning parsing text-format xla.TritonGemmConfigsProto: 36:55 (N = 256): text format contains deprecated field "split_k"
Traceback (most recent call last):
  File "/Users/assmuth/dsnn/alphagrad/src/alphagrad/approx/ppo_ray.py", line 776, in <module>
    sys.exit(main())
             ~~~~^^
  File "/Users/assmuth/dsnn/alphagrad/src/alphagrad/approx/ppo_ray.py", line 770, in main
    rc = _run(args)
  File "/Users/assmuth/dsnn/alphagrad/src/alphagrad/approx/ppo_ray.py", line 283, in _run
    ray.get(actor.init_server.remote(
    ~~~~~~~^^^^^^^^^^^^^^^^^^^^^^^^^^
        cpu_workers,
        ^^^^^^^^^^^^
    ...<5 lines>...
        starting_actor_id=int(args.num_cpu_workers),
        ^^^^^^^^^^^^^^^^^^^^^^^^^^^^^^^^^^^^^^^^^^^^
    ))
    ^^
  File "/Users/assmuth/dsnn/.venv/lib/python3.13/site-packages/ray/_private/auto_init_hook.py", line 22, in auto_init_wrapper
    return fn(*args, **kwargs)
  File "/Users/assmuth/dsnn/.venv/lib/python3.13/site-packages/ray/_private/client_mode_hook.py", line 107, in wrapper
    return func(*args, **kwargs)
  File "/Users/assmuth/dsnn/.venv/lib/python3.13/site-packages/ray/_private/worker.py", line 2980, in get
    values, debugger_breakpoint = worker.get_objects(
                                  ~~~~~~~~~~~~~~~~~~^
        object_refs, timeout, use_object_store=_use_object_store
        ^^^^^^^^^^^^^^^^^^^^^^^^^^^^^^^^^^^^^^^^^^^^^^^^^^^^^^^^
    )
    ^
  File "/Users/assmuth/dsnn/.venv/lib/python3.13/site-packages/ray/_private/worker.py", line 1023, in get_objects
    raise value.as_instanceof_cause()
ray.exceptions.RayTaskError(IndexError): [36mray::PPOActor.init_server()[39m (pid=1792888, ip=192.168.15.10, actor_id=bae3731949241bb5296c355001000000, repr=<alphagrad.approx.ppo_ray_actors.PPOActor object at 0x7a0b6877d550>)
  File "/Users/assmuth/dsnn/alphagrad/src/alphagrad/approx/ppo_ray_actors.py", line 59, in init_server
    self.init_worker(cpu_workers)
    ~~~~~~~~~~~~~~~~^^^^^^^^^^^^^
  File "/Users/assmuth/dsnn/alphagrad/src/alphagrad/approx/ppo_ray_actors.py", line 34, in init_worker
    self._impl = PPORayWorker(
                 ~~~~~~~~~~~~^
        self.args_dict, seed=self.seed, cpu_workers=cpu_workers,
        ^^^^^^^^^^^^^^^^^^^^^^^^^^^^^^^^^^^^^^^^^^^^^^^^^^^^^^^^
    )
    ^
  File "/Users/assmuth/dsnn/alphagrad/src/alphagrad/approx/ppo_ray_worker.py", line 1011, in __init__
    _sig_min_vec[_qi] = max(_sig_min_base, _sig_min_qual)
    ~~~~~~~~~~~~^^^^^
IndexError: index 9 is out of bounds for axis 0 with size 8
Traceback (most recent call last):
  File "/Users/assmuth/dsnn/alphagrad/src/alphagrad/approx/ppo_ray.py", line 776, in <module>
    sys.exit(main())
             ~~~~^^
  File "/Users/assmuth/dsnn/alphagrad/src/alphagrad/approx/ppo_ray.py", line 770, in main
    rc = _run(args)
  File "/Users/assmuth/dsnn/alphagrad/src/alphagrad/approx/ppo_ray.py", line 283, in _run
    ray.get(actor.init_server.remote(
    ~~~~~~~^^^^^^^^^^^^^^^^^^^^^^^^^^
        cpu_workers,
        ^^^^^^^^^^^^
    ...<5 lines>...
        starting_actor_id=int(args.num_cpu_workers),
        ^^^^^^^^^^^^^^^^^^^^^^^^^^^^^^^^^^^^^^^^^^^^
    ))
    ^^
  File "/Users/assmuth/dsnn/.venv/lib/python3.13/site-packages/ray/_private/auto_init_hook.py", line 22, in auto_init_wrapper
    return fn(*args, **kwargs)
  File "/Users/assmuth/dsnn/.venv/lib/python3.13/site-packages/ray/_private/client_mode_hook.py", line 107, in wrapper
    return func(*args, **kwargs)
  File "/Users/assmuth/dsnn/.venv/lib/python3.13/site-packages/ray/_private/worker.py", line 2980, in get
    values, debugger_breakpoint = worker.get_objects(
                                  ~~~~~~~~~~~~~~~~~~^
        object_refs, timeout, use_object_store=_use_object_store
        ^^^^^^^^^^^^^^^^^^^^^^^^^^^^^^^^^^^^^^^^^^^^^^^^^^^^^^^^
    )
    ^
  File "/Users/assmuth/dsnn/.venv/lib/python3.13/site-packages/ray/_private/worker.py", line 1023, in get_objects
    raise value.as_instanceof_cause()
ray.exceptions.RayTaskError(IndexError): [36mray::PPOActor.init_server()[39m (pid=1792888, ip=192.168.15.10, actor_id=bae3731949241bb5296c355001000000, repr=<alphagrad.approx.ppo_ray_actors.PPOActor object at 0x7a0b6877d550>)
  File "/Users/assmuth/dsnn/alphagrad/src/alphagrad/approx/ppo_ray_actors.py", line 59, in init_server
    self.init_worker(cpu_workers)
    ~~~~~~~~~~~~~~~~^^^^^^^^^^^^^
  File "/Users/assmuth/dsnn/alphagrad/src/alphagrad/approx/ppo_ray_actors.py", line 34, in init_worker
    self._impl = PPORayWorker(
                 ~~~~~~~~~~~~^
        self.args_dict, seed=self.seed, cpu_workers=cpu_workers,
        ^^^^^^^^^^^^^^^^^^^^^^^^^^^^^^^^^^^^^^^^^^^^^^^^^^^^^^^^
    )
    ^
  File "/Users/assmuth/dsnn/alphagrad/src/alphagrad/approx/ppo_ray_worker.py", line 1011, in __init__
    _sig_min_vec[_qi] = max(_sig_min_base, _sig_min_qual)
    ~~~~~~~~~~~~^^^^^
IndexError: index 9 is out of bounds for axis 0 with size 8
[36m(PPOActor pid=1792888)[0m [ppo_ray] ADDITIVE failed/sentinel penalty = -2.0 (bounded-negative, INCLUDED in advantage+loss -- replaces the failed-row mask; failed rows are repulsive, never a zero-gradient no-op).
[36m(PPOActor pid=1792888)[0m [ppo_ray] V2 anti-hack: failed_adv_stamp=1.0 (post-z-score advantage overwrite on failed rows), cost_symlog_cap=0.0 (symlog'd cost channels clipped to +/-cap).
[33m(raylet)[0m It looks like you're creating a detached actor in an anonymous namespace. In order to access this actor in the future, you will need to explicitly connect to this namespace with ray.init(namespace="23787eab-5a63-427a-a88f-d0192eb6352a", ...)
socket.send() raised exception.
socket.send() raised exception.
socket.send() raised exception.
socket.send() raised exception.
socket.send() raised exception.
socket.send() raised exception.
[36m(CpuApproximationActor pid=1792891)[0m [cpu_approx_worker pid=1792891] env: ALPHAGRAD_EXAMPLE_WIDTH=64 ALPHAGRAD_MEASURE_VIA_AOJ=0 ALPHAGRAD_POLICY=palimpsa JAX_COMPILATION_CACHE_DIR=/tmp/dsnn-jax-cache-55331-pgi15-gpu10
[36m(CpuApproximationActor pid=1792891)[0m [measure-actor 2] host=pgi15-gpu10.iff.kfa-juelich.de CUDA_VISIBLE_DEVICES=3 jax_devices=[CudaDevice(id=0)]
[1;34mwandb[0m: 
[1;34mwandb[0m: 🚀 View run [33msmoke2_exact_mlp_flops[0m at: [34mhttps://wandb.ai/dll-streetview/dsnn-vertex/runs/owoann3i[0m
[1;34mwandb[0m: Find logs at: [1;35mwandb/run-20260724_102124-owoann3i/logs[0m
[36m(CpuApproximationActor pid=1792889)[0m [cpu_approx_worker pid=1792889] env: ALPHAGRAD_EXAMPLE_WIDTH=64 ALPHAGRAD_MEASURE_VIA_AOJ=0 ALPHAGRAD_POLICY=palimpsa JAX_COMPILATION_CACHE_DIR=/tmp/dsnn-jax-cache-55331-pgi15-gpu10[32m [repeated 2x across cluster] (Ray deduplicates logs by default. Set RAY_DEDUP_LOGS=0 to disable log deduplication, or see https://docs.ray.io/en/master/ray-observability/user-guides/configure-logging.html#log-deduplication for more options.)[0m
[36m(CpuApproximationActor pid=1792889)[0m [measure-actor 1] host=pgi15-gpu10.iff.kfa-juelich.de CUDA_VISIBLE_DEVICES=2 jax_devices=[CudaDevice(id=0)][32m [repeated 2x across cluster][0m
[36m(CpuApproximationActor pid=1792891)[0m /Users/assmuth/dsnn/.venv/lib/python3.13/site-packages/jaxlib/plugin_support.py:92: RuntimeWarning: JAX plugin jax_cuda12_plugin version 0.10.1.dev0+selfbuilt is installed, but it is not compatible with the installed jaxlib version 0.11.0, so it will not be used.[32m [repeated 3x across cluster][0m
[36m(CpuApproximationActor pid=1792891)[0m   warnings.warn([32m [repeated 3x across cluster][0m
[36m(CpuApproximationActor pid=1792890)[0m W0724 10:21:31.432069 1792890 text_format.cc:393] Warning parsing text-format xla.TritonGemmConfigsProto: 36:55 (N = 256): text format contains deprecated field "split_k"[32m [repeated 18x across cluster][0m
=== PHASE flops RC=1 Fri Jul 24 10:21:58 AM UTC 2026 ===
[log_to_csv] no ep= rows in campaign_exp/smoke2_exact_mlp_flops/run.log
  (csv export failed)
=== ALL PHASES DONE (FAILED=1) Fri Jul 24 10:21:58 AM UTC 2026 ===
