=== node=pgi15-gpu9.iff.kfa-juelich.de gpu=NVIDIA GeForce RTX 4090 Thu Jul 23 02:59:14 PM UTC 2026 ===
=== TAG=approx_mlp MODE=approx EXAMPLE=VmappedNeuralNetwork WIDTH=64 SNN_TRUNC=unset ===
=== graphax=30441f6 examples: ADALIF_SNN_SEQ, a fully-unrolled temporal adaptive-LIF ===
=== alphagrad=c34bbf7 exp: synthetic width-64 baselines (MLP / EncoderDecoder / ADALIF_SNN) ===
=== PHASE lat_mem START Thu Jul 23 02:59:14 PM UTC 2026 ===
2026-07-23 14:59:17,507	INFO worker.py:2012 -- Started a local Ray instance.
/Users/assmuth/dsnn/.venv/lib/python3.13/site-packages/ray/_private/worker.py:2051: FutureWarning: Tip: In future versions of Ray, Ray will no longer override accelerator visible devices env var if num_gpus=0 or num_gpus=None (default). To enable this behavior and turn off this error message, set RAY_ACCEL_ENV_VAR_OVERRIDE_ON_ZERO=0
  warnings.warn(
wandb: Loading settings from /Users/assmuth/.config/wandb/settings
wandb: WARNING Using a boolean value for 'reinit' is deprecated. Use 'return_previous' or 'finish_previous' instead.
wandb: Tracking run with wandb version 0.25.0
wandb: W&B syncing is set to `offline` in this directory. Run `wandb online` or set WANDB_MODE=online to enable cloud syncing.
wandb: Run data is saved locally in /Users/assmuth/dsnn/alphagrad/wandb/offline-run-20260723_145918-3966dk70
[33m(raylet)[0m It looks like you're creating a detached actor in an anonymous namespace. In order to access this actor in the future, you will need to explicitly connect to this namespace with ray.init(namespace="1673f3a0-03f6-42a2-9e61-e059d3af44ea", ...)
[36m(CpuApproximationActor pid=3418261)[0m W0723 14:59:24.549173 3418261 text_format.cc:393] Warning parsing text-format xla.TritonGemmConfigsProto: 15:53 (N = 1): text format contains deprecated field "split_k"
[36m(CpuApproximationActor pid=3418261)[0m W0723 14:59:24.549199 3418261 text_format.cc:393] Warning parsing text-format xla.TritonGemmConfigsProto: 16:53 (N = 2): text format contains deprecated field "split_k"
[36m(CpuApproximationActor pid=3418261)[0m W0723 14:59:24.549207 3418261 text_format.cc:393] Warning parsing text-format xla.TritonGemmConfigsProto: 18:53 (N = 4): text format contains deprecated field "split_k"
[36m(CpuApproximationActor pid=3418261)[0m W0723 14:59:24.549216 3418261 text_format.cc:393] Warning parsing text-format xla.TritonGemmConfigsProto: 22:53 (N = 8): text format contains deprecated field "split_k"
[36m(CpuApproximationActor pid=3418261)[0m W0723 14:59:24.549231 3418261 text_format.cc:393] Warning parsing text-format xla.TritonGemmConfigsProto: 30:53 (N = 16): text format contains deprecated field "split_k"
[36m(CpuApproximationActor pid=3418261)[0m W0723 14:59:24.549261 3418261 text_format.cc:393] Warning parsing text-format xla.TritonGemmConfigsProto: 16:52 (N = 32): text format contains deprecated field "split_k"
[36m(CpuApproximationActor pid=3418261)[0m W0723 14:59:24.549312 3418261 text_format.cc:393] Warning parsing text-format xla.TritonGemmConfigsProto: 48:53 (N = 64): text format contains deprecated field "split_k"
[36m(CpuApproximationActor pid=3418261)[0m W0723 14:59:24.549412 3418261 text_format.cc:393] Warning parsing text-format xla.TritonGemmConfigsProto: 78:53 (N = 128): text format contains deprecated field "split_k"
[36m(CpuApproximationActor pid=3418261)[0m W0723 14:59:24.549601 3418261 text_format.cc:393] Warning parsing text-format xla.TritonGemmConfigsProto: 36:55 (N = 256): text format contains deprecated field "split_k"
[36m(CpuApproximationActor pid=3418261)[0m [cpu_approx_worker pid=3418261] env: ALPHAGRAD_EXACT_ONLY=0 ALPHAGRAD_EXAMPLE_WIDTH=64 ALPHAGRAD_FACE_TRANSFORMS=1 ALPHAGRAD_MEASURE_VIA_AOJ=0 ALPHAGRAD_PER_FACE_MVP=1 ALPHAGRAD_POLICY=palimpsa JAX_COMPILATION_CACHE_DIR=/tmp/dsnn-jax-cache-55183-pgi15-gpu9
[36m(CpuApproximationActor pid=3418261)[0m [measure-actor 2] host=pgi15-gpu9.iff.kfa-juelich.de CUDA_VISIBLE_DEVICES=3 jax_devices=[CudaDevice(id=0)]
[33m(raylet)[0m It looks like you're creating a detached actor in an anonymous namespace. In order to access this actor in the future, you will need to explicitly connect to this namespace with ray.init(namespace="1673f3a0-03f6-42a2-9e61-e059d3af44ea", ...)
[36m(PPOActor pid=3418258)[0m [ppo_ray] ADDITIVE failed/sentinel penalty = -2.0 (bounded-negative, INCLUDED in advantage+loss -- replaces the failed-row mask; failed rows are repulsive, never a zero-gradient no-op).
[36m(PPOActor pid=3418258)[0m [ppo_ray] V2 anti-hack: failed_adv_stamp=1.0 (post-z-score advantage overwrite on failed rows), cost_symlog_cap=0.0 (symlog'd cost channels clipped to +/-cap).
[36m(PPOActor pid=3418258)[0m [ppo_ray] PopArt value norm ON: beta=0.01 sigma_min(base=0.1, quality[6,9]=0.2) sigma_max=1e+12 robust_std=True (winsor k=5.0) — replaces the rollout advantage z-score; under pure-PopArt advantage a failed row is truly-neutral (A==0), no constant stamp.
[36m(PPOActor pid=3418258)[0m [ppo_ray] DYNAMIC SENTINEL ON: failed/sentinel terminals get per-channel mu_c - 2.0*sigma_c (EMA beta=0.01) instead of -1e10. The additive failed_penalty stamp AND the post-z-score failed_adv_stamp are DISABLED (dynamic value supersedes them); failed_transitions logging + PopArt exclusion unchanged.
[36m(PPOActor pid=3418258)[0m [ppo_ray] RAW COSSIM THREAD ON: env emits full-range cosine_sim in idx6; worker applies guide cap=None into the GAE buffer only, logs reward/cosine_sim_raw from the uncapped value.
[36m(PPOActor pid=3418258)[0m [ppo_ray_worker] POLICY V2 ACTIVE: MicroPPOAgent = PALIMPSA backbone + PointerVertexPolicy + MicroActionPolicy(max_substeps=1) + separate value pool; factor tables up to axis size 64 (observed max 64).
[36m(PPOActor pid=3418258)[0m [ppo_ray_worker] V2 policy heads scaled by 0.1 (near-uniform initial policy).
[36m(CpuApproximationActor pid=3418259)[0m [cpu_approx_worker pid=3418259] env: ALPHAGRAD_EXACT_ONLY=0 ALPHAGRAD_EXAMPLE_WIDTH=64 ALPHAGRAD_FACE_TRANSFORMS=1 ALPHAGRAD_MEASURE_VIA_AOJ=0 ALPHAGRAD_PER_FACE_MVP=1 ALPHAGRAD_POLICY=palimpsa JAX_COMPILATION_CACHE_DIR=/tmp/dsnn-jax-cache-55183-pgi15-gpu9[32m [repeated 2x across cluster] (Ray deduplicates logs by default. Set RAY_DEDUP_LOGS=0 to disable log deduplication, or see https://docs.ray.io/en/master/ray-observability/user-guides/configure-logging.html#log-deduplication for more options.)[0m
[36m(CpuApproximationActor pid=3418259)[0m [measure-actor 0] host=pgi15-gpu9.iff.kfa-juelich.de CUDA_VISIBLE_DEVICES=1 jax_devices=[CudaDevice(id=0)][32m [repeated 2x across cluster][0m
  actors spawned + JIT-warm in 26.7s
ppo_ray:   0%|                                                                                                                                             | 0/1000 [00:00<?, ?it/s][36m(CpuApproximationActor pid=3418261)[0m /Users/assmuth/dsnn/graphax/src/graphax/jaxpr.py:779: UserWarning: jaxpr tokenizer: uncaptured value rendered as '?': 'jit'
[36m(CpuApproximationActor pid=3418261)[0m   warnings.warn(
[36m(CpuApproximationActor pid=3418261)[0m /Users/assmuth/dsnn/graphax/src/graphax/jaxpr.py:779: UserWarning: jaxpr tokenizer: uncaptured value rendered as '?': 'compiler_options_kvs'
[36m(CpuApproximationActor pid=3418261)[0m   warnings.warn(
[36m(CpuApproximationActor pid=3418261)[0m /Users/assmuth/dsnn/graphax/src/graphax/jaxpr.py:779: UserWarning: jaxpr tokenizer: uncaptured value rendered as '?': 'donated_invars'
[36m(CpuApproximationActor pid=3418261)[0m   warnings.warn(
[36m(CpuApproximationActor pid=3418261)[0m /Users/assmuth/dsnn/graphax/src/graphax/jaxpr.py:779: UserWarning: jaxpr tokenizer: uncaptured value rendered as '?': 'in_layouts'
[36m(CpuApproximationActor pid=3418261)[0m   warnings.warn(
[36m(CpuApproximationActor pid=3418261)[0m /Users/assmuth/dsnn/graphax/src/graphax/jaxpr.py:779: UserWarning: jaxpr tokenizer: uncaptured value rendered as '?': 'None'
[36m(CpuApproximationActor pid=3418261)[0m   warnings.warn(
[36m(CpuApproximationActor pid=3418261)[0m /Users/assmuth/dsnn/graphax/src/graphax/jaxpr.py:779: UserWarning: jaxpr tokenizer: uncaptured value rendered as '?': 'in_shardings'
[36m(CpuApproximationActor pid=3418261)[0m   warnings.warn(
[36m(CpuApproximationActor pid=3418261)[0m /Users/assmuth/dsnn/graphax/src/graphax/jaxpr.py:779: UserWarning: jaxpr tokenizer: uncaptured value rendered as '?': 'UnspecifiedValue'
[36m(CpuApproximationActor pid=3418261)[0m   warnings.warn(
[36m(CpuApproximationActor pid=3418261)[0m /Users/assmuth/dsnn/graphax/src/graphax/jaxpr.py:779: UserWarning: jaxpr tokenizer: uncaptured value rendered as '?': 'inline'
[36m(CpuApproximationActor pid=3418261)[0m   warnings.warn(
[36m(CpuApproximationActor pid=3418261)[0m /Users/assmuth/dsnn/graphax/src/graphax/jaxpr.py:779: UserWarning: jaxpr tokenizer: uncaptured value rendered as '?': 'keep_unused'
[36m(CpuApproximationActor pid=3418261)[0m   warnings.warn(
[36m(CpuApproximationActor pid=3418261)[0m /Users/assmuth/dsnn/graphax/src/graphax/jaxpr.py:779: UserWarning: jaxpr tokenizer: uncaptured value rendered as '?': 'name'
[36m(CpuApproximationActor pid=3418261)[0m   warnings.warn(
[36m(CpuApproximationActor pid=3418261)[0m /Users/assmuth/dsnn/graphax/src/graphax/jaxpr.py:779: UserWarning: jaxpr tokenizer: uncaptured value rendered as '?': '_where'
[36m(CpuApproximationActor pid=3418261)[0m   warnings.warn(
[36m(CpuApproximationActor pid=3418261)[0m /Users/assmuth/dsnn/graphax/src/graphax/jaxpr.py:779: UserWarning: jaxpr tokenizer: uncaptured value rendered as '?': 'out_layouts'
[36m(CpuApproximationActor pid=3418261)[0m   warnings.warn(
[36m(CpuApproximationActor pid=3418261)[0m /Users/assmuth/dsnn/graphax/src/graphax/jaxpr.py:779: UserWarning: jaxpr tokenizer: uncaptured value rendered as '?': 'out_shardings'
[36m(CpuApproximationActor pid=3418261)[0m   warnings.warn(
[36m(PPOActor pid=3418258)[0m W0723 14:59:24.714591 3418258 text_format.cc:393] Warning parsing text-format xla.TritonGemmConfigsProto: 36:55 (N = 256): text format contains deprecated field "split_k"[32m [repeated 27x across cluster][0m
[36m(CpuApproximationActor pid=3418259)[0m [per-face] builds=200 applied=0 skipped=0 applied_frac=0.000
[36m(CpuApproximationActor pid=3418261)[0m [SENTINEL] measure-exception step=12 order_len=12 terminal=True: TypeError: Argument types differ from the types for which this computation was compiled. Perhaps you are calling the compiled executable with a different enable_x64 mode than when it was AOT 
[36m(CpuApproximationActor pid=3418261)[0m [SENTINEL-VERBOSE] ==================================================
[36m(CpuApproximationActor pid=3418261)[0m [SENTINEL-VERBOSE] step=12 order_len=12 terminal=True init=False point_idx=-1
[36m(CpuApproximationActor pid=3418261)[0m [SENTINEL-VERBOSE] EXC TypeError: Argument types differ from the types for which this computation was compiled. Perhaps you are calling the compiled executable with a different enable_x64 mode than when it was AOT compiled? The mismatches are:
[36m(CpuApproximationActor pid=3418261)[0m Argument 'x' compiled with float32[16,64] and called with float32[16,4]
[36m(CpuApproximationActor pid=3418261)[0m Argument 'y' compiled with float32[16,64] and called with float32[16,4]
[36m(CpuApproximationActor pid=3418261)[0m [SENTINEL-VERBOSE] ORDER (12): [4, 2, 9, 3, 7, 10, 6, 11, 12, 1, 5, 8]
[36m(CpuApproximationActor pid=3418261)[0m [SENTINEL-VERBOSE] MICRO-ACTIONS (per vertex, in elimination order):
[36m(CpuApproximationActor pid=3418261)[0m     v1(vertex_id=2): DIAG(bi1=0,bi2=0,factor=16)
[36m(CpuApproximationActor pid=3418261)[0m     v2(vertex_id=9): COMPRESS(axis=1,kind=abs_max)
[36m(CpuApproximationActor pid=3418261)[0m     v3(vertex_id=3): COMPRESS(axis=1,kind=abs_max)
[36m(CpuApproximationActor pid=3418261)[0m     v4(vertex_id=7): COMPRESS(axis=1,kind=abs_max)
[36m(CpuApproximationActor pid=3418261)[0m     v5(vertex_id=10): COMPRESS(axis=0,kind=abs_max)
[36m(CpuApproximationActor pid=3418261)[0m     v8(vertex_id=12): COMPRESS(axis=1,kind=abs_max)
[36m(CpuApproximationActor pid=3418261)[0m     v9(vertex_id=1): COMPRESS(axis=0,kind=abs_max)
[36m(CpuApproximationActor pid=3418261)[0m     v10(vertex_id=5): COMPRESS(axis=1,kind=abs_max)
[36m(CpuApproximationActor pid=3418261)[0m     v11(vertex_id=8): COMPRESS(axis=0,kind=abs_max)
[36m(CpuApproximationActor pid=3418261)[0m [SENTINEL-VERBOSE] TRACEBACK:
[36m(CpuApproximationActor pid=3418261)[0m Traceback (most recent call last):
[36m(CpuApproximationActor pid=3418261)[0m   File "/Users/assmuth/dsnn/alphagrad/src/alphagrad/approx/cpu_approx_worker.py", line 257, in evaluate
[36m(CpuApproximationActor pid=3418261)[0m     tokens, eqn_ids, reward = _callback(
[36m(CpuApproximationActor pid=3418261)[0m                               ~~~~~~~~~^
[36m(CpuApproximationActor pid=3418261)[0m         self._config,
[36m(CpuApproximationActor pid=3418261)[0m         ^^^^^^^^^^^^^
[36m(CpuApproximationActor pid=3418261)[0m     ...<7 lines>...
[36m(CpuApproximationActor pid=3418261)[0m         point_idx=int(point_idx),
[36m(CpuApproximationActor pid=3418261)[0m         ^^^^^^^^^^^^^^^^^^^^^^^^^
[36m(CpuApproximationActor pid=3418261)[0m     )
[36m(CpuApproximationActor pid=3418261)[0m     ^
[36m(CpuApproximationActor pid=3418261)[0m   File "/Users/assmuth/dsnn/alphagrad/src/alphagrad/approx/env.py", line 4003, in _callback
[36m(CpuApproximationActor pid=3418261)[0m     out_approx = compiled_approx(*eval_args_i)
[36m(CpuApproximationActor pid=3418261)[0m   File "/Users/assmuth/dsnn/.venv/lib/python3.13/site-packages/jax/_src/stages.py", line 884, in __call__
[36m(CpuApproximationActor pid=3418261)[0m     return self._call(*args, **kwargs)
[36m(CpuApproximationActor pid=3418261)[0m            ~~~~~~~~~~^^^^^^^^^^^^^^^^^
[36m(CpuApproximationActor pid=3418261)[0m   File "/Users/assmuth/dsnn/.venv/lib/python3.13/site-packages/jax/_src/interpreters/pxla.py", line 1926, in aot_cache_miss
[36m(CpuApproximationActor pid=3418261)[0m     outs, out_flat, args_flat = stages.Compiled.call(params, *args, **kwargs)
[36m(CpuApproximationActor pid=3418261)[0m                                 ~~~~~~~~~~~~~~~~~~~~^^^^^^^^^^^^^^^^^^^^^^^^^
[36m(CpuApproximationActor pid=3418261)[0m   File "/Users/assmuth/dsnn/.venv/lib/python3.13/site-packages/jax/_src/stages.py", line 861, in call
[36m(CpuApproximationActor pid=3418261)[0m     lo_outs = params.executable.call(*params.const_args, *args_flat)
[36m(CpuApproximationActor pid=3418261)[0m   File "/Users/assmuth/dsnn/.venv/lib/python3.13/site-packages/jax/_src/interpreters/pxla.py", line 1893, in call
[36m(CpuApproximationActor pid=3418261)[0m     check_arg_avals_for_call(self._all_args_info.in_avals,
[36m(CpuApproximationActor pid=3418261)[0m     ~~~~~~~~~~~~~~~~~~~~~~~~^^^^^^^^^^^^^^^^^^^^^^^^^^^^^^
[36m(CpuApproximationActor pid=3418261)[0m                              map(core.shaped_abstractify, args),
[36m(CpuApproximationActor pid=3418261)[0m                              ^^^^^^^^^^^^^^^^^^^^^^^^^^^^^^^^^^^
[36m(CpuApproximationActor pid=3418261)[0m                              self._all_args_info.debug_info)
[36m(CpuApproximationActor pid=3418261)[0m                              ^^^^^^^^^^^^^^^^^^^^^^^^^^^^^^^
[36m(CpuApproximationActor pid=3418261)[0m   File "/Users/assmuth/dsnn/.venv/lib/python3.13/site-packages/jax/_src/interpreters/pxla.py", line 1998, in check_arg_avals_for_call
[36m(CpuApproximationActor pid=3418261)[0m     raise TypeError(
[36m(CpuApproximationActor pid=3418261)[0m     ...<3 lines>...
[36m(CpuApproximationActor pid=3418261)[0m         f"{num_mismatch_str} mismatches are:\n{str_errors}")
[36m(CpuApproximationActor pid=3418261)[0m TypeError: Argument types differ from the types for which this computation was compiled. Perhaps you are calling the compiled executable with a different enable_x64 mode than when it was AOT compiled? The mismatches are:
[36m(CpuApproximationActor pid=3418261)[0m Argument 'x' compiled with float32[16,64] and called with float32[16,4]
[36m(CpuApproximationActor pid=3418261)[0m Argument 'y' compiled with float32[16,64] and called with float32[16,4]
[36m(CpuApproximationActor pid=3418261)[0m [SENTINEL-VERBOSE] ==================================================
[36m(CpuApproximationActor pid=3418260)[0m     v0(vertex_id=1): COMPRESS(axis=1,kind=abs_max)
[36m(CpuApproximationActor pid=3418260)[0m     v1(vertex_id=2): COMPRESS(axis=0,kind=abs_max)
[36m(CpuApproximationActor pid=3418260)[0m     v3(vertex_id=9): COMPRESS(axis=1,kind=abs_max)
[36m(CpuApproximationActor pid=3418260)[0m     v4(vertex_id=6): COMPRESS(axis=1,kind=abs_max)
[36m(CpuApproximationActor pid=3418260)[0m     v5(vertex_id=5): COMPRESS(axis=1,kind=abs_max)
[36m(CpuApproximationActor pid=3418260)[0m     v7(vertex_id=7): COMPRESS(axis=0,kind=abs_max)
[36m(CpuApproximationActor pid=3418260)[0m     v8(vertex_id=4): COMPRESS(axis=0,kind=abs_max)
[36m(CpuApproximationActor pid=3418260)[0m     v10(vertex_id=12): COMPRESS(axis=1,kind=abs_max)
[36m(CpuApproximationActor pid=3418260)[0m     v11(vertex_id=11): COMPRESS(axis=0,kind=abs_max)
[36m(CpuApproximationActor pid=3418259)[0m     v0(vertex_id=11): COMPRESS(axis=1,kind=abs_max)
[36m(CpuApproximationActor pid=3418259)[0m     v1(vertex_id=9): COMPRESS(axis=1,kind=abs_max)
[36m(CpuApproximationActor pid=3418259)[0m     v3(vertex_id=7): COMPRESS(axis=1,kind=abs_max)
[36m(CpuApproximationActor pid=3418259)[0m     v4(vertex_id=2): DIAG(bi1=0,bi2=0,factor=2)
[36m(CpuApproximationActor pid=3418259)[0m     v5(vertex_id=4): COMPRESS(axis=1,kind=abs_max)
[36m(CpuApproximationActor pid=3418259)[0m     v6(vertex_id=1): COMPRESS(axis=0,kind=abs_max)
[36m(CpuApproximationActor pid=3418259)[0m     v8(vertex_id=6): COMPRESS(axis=0,kind=abs_max)
[36m(CpuApproximationActor pid=3418259)[0m     v9(vertex_id=8): COMPRESS(axis=0,kind=abs_max)
[36m(CpuApproximationActor pid=3418259)[0m     v10(vertex_id=5): COMPRESS(axis=1,kind=abs_max)
[36m(CpuApproximationActor pid=3418259)[0m     v11(vertex_id=10): COMPRESS(axis=0,kind=abs_max)
[36m(PPOActor pid=3418258)[0m [per-face] builds=200 applied=96 skipped=0 applied_frac=1.000
[36m(CpuApproximationActor pid=3418259)[0m     v0(vertex_id=12): COMPRESS(axis=1,kind=abs_max)
[36m(CpuApproximationActor pid=3418259)[0m     v2(vertex_id=5): COMPRESS(axis=1,kind=abs_max)
[36m(CpuApproximationActor pid=3418259)[0m     v3(vertex_id=10): COMPRESS(axis=1,kind=abs_max)
[36m(CpuApproximationActor pid=3418259)[0m     v4(vertex_id=7): COMPRESS(axis=1,kind=abs_max)
[36m(CpuApproximationActor pid=3418259)[0m     v6(vertex_id=11): COMPRESS(axis=0,kind=abs_max)
[36m(CpuApproximationActor pid=3418259)[0m     v7(vertex_id=6): COMPRESS(axis=0,kind=abs_max)
[36m(CpuApproximationActor pid=3418259)[0m     v9(vertex_id=2): COMPRESS(axis=1,kind=abs_max)
[36m(CpuApproximationActor pid=3418259)[0m     v10(vertex_id=1): COMPRESS(axis=0,kind=abs_max)
[36m(PPOActor pid=3418258)[0m [ppo_ray] 4/48 failed/sentinel transitions this episode (pool timeout / mem-gate / shape-storm); zeroing raw rewards, forcing dones.
[36m(CpuApproximationActor pid=3418259)[0m [SENTINEL] measure-exception step=12 order_len=12 terminal=True: TypeError: Argument types differ from the types for which this computation was compiled. Perhaps you are calling the compiled executable with a different enable_x64 mode than when it was AOT [32m [repeated 3x across cluster][0m
[36m(CpuApproximationActor pid=3418259)[0m [SENTINEL-VERBOSE] ==================================================[32m [repeated 6x across cluster][0m
[36m(CpuApproximationActor pid=3418259)[0m [SENTINEL-VERBOSE] step=12 order_len=12 terminal=True init=False point_idx=-1[32m [repeated 3x across cluster][0m
[36m(CpuApproximationActor pid=3418259)[0m [SENTINEL-VERBOSE] EXC TypeError: Argument types differ from the types for which this computation was compiled. Perhaps you are calling the compiled executable with a different enable_x64 mode than when it was AOT compiled? The mismatches are:[32m [repeated 3x across cluster][0m
[36m(CpuApproximationActor pid=3418259)[0m Argument 'x' compiled with float32[16,64] and called with float32[16,4][32m [repeated 6x across cluster][0m
[36m(CpuApproximationActor pid=3418259)[0m Argument 'y' compiled with float32[16,64] and called with float32[16,4][32m [repeated 6x across cluster][0m
[36m(CpuApproximationActor pid=3418259)[0m [SENTINEL-VERBOSE] ORDER (12): [12, 3, 5, 10, 7, 8, 11, 6, 4, 2, 1, 9][32m [repeated 3x across cluster][0m
[36m(CpuApproximationActor pid=3418259)[0m [SENTINEL-VERBOSE] MICRO-ACTIONS (per vertex, in elimination order):[32m [repeated 3x across cluster][0m
[36m(CpuApproximationActor pid=3418259)[0m [SENTINEL-VERBOSE] TRACEBACK:[32m [repeated 3x across cluster][0m
[36m(CpuApproximationActor pid=3418259)[0m Traceback (most recent call last):[32m [repeated 3x across cluster][0m
[36m(CpuApproximationActor pid=3418259)[0m   File "/Users/assmuth/dsnn/alphagrad/src/alphagrad/approx/cpu_approx_worker.py", line 257, in evaluate[32m [repeated 3x across cluster][0m
[36m(CpuApproximationActor pid=3418259)[0m     tokens, eqn_ids, reward = _callback([32m [repeated 3x across cluster][0m
[36m(CpuApproximationActor pid=3418259)[0m                               ~~~~~~~~~^[32m [repeated 3x across cluster][0m
[36m(CpuApproximationActor pid=3418259)[0m         self._config,[32m [repeated 3x across cluster][0m
[36m(CpuApproximationActor pid=3418259)[0m         ^^^^^^^^^^^^^[32m [repeated 3x across cluster][0m
[36m(CpuApproximationActor pid=3418259)[0m     ...<3 lines>...[32m [repeated 6x across cluster][0m
[36m(CpuApproximationActor pid=3418259)[0m         point_idx=int(point_idx),[32m [repeated 3x across cluster][0m
[36m(CpuApproximationActor pid=3418259)[0m         ^^^^^^^^^^^^^^^^^^^^^^^^^[32m [repeated 3x across cluster][0m
[36m(CpuApproximationActor pid=3418259)[0m     )[32m [repeated 3x across cluster][0m
[36m(CpuApproximationActor pid=3418259)[0m     ^[32m [repeated 3x across cluster][0m
[36m(CpuApproximationActor pid=3418259)[0m   File "/Users/assmuth/dsnn/alphagrad/src/alphagrad/approx/env.py", line 4003, in _callback[32m [repeated 3x across cluster][0m
[36m(CpuApproximationActor pid=3418259)[0m     out_approx = compiled_approx(*eval_args_i)[32m [repeated 3x across cluster][0m
[36m(CpuApproximationActor pid=3418259)[0m   File "/Users/assmuth/dsnn/.venv/lib/python3.13/site-packages/jax/_src/stages.py", line 884, in __call__[32m [repeated 3x across cluster][0m
[36m(CpuApproximationActor pid=3418259)[0m     return self._call(*args, **kwargs)[32m [repeated 3x across cluster][0m
[36m(CpuApproximationActor pid=3418259)[0m            ~~~~~~~~~~^^^^^^^^^^^^^^^^^[32m [repeated 3x across cluster][0m
[36m(CpuApproximationActor pid=3418259)[0m   File "/Users/assmuth/dsnn/.venv/lib/python3.13/site-packages/jax/_src/interpreters/pxla.py", line 1926, in aot_cache_miss[32m [repeated 3x across cluster][0m
[36m(CpuApproximationActor pid=3418259)[0m     outs, out_flat, args_flat = stages.Compiled.call(params, *args, **kwargs)[32m [repeated 3x across cluster][0m
[36m(CpuApproximationActor pid=3418259)[0m                                 ~~~~~~~~~~~~~~~~~~~~^^^^^^^^^^^^^^^^^^^^^^^^^[32m [repeated 3x across cluster][0m
[36m(CpuApproximationActor pid=3418259)[0m   File "/Users/assmuth/dsnn/.venv/lib/python3.13/site-packages/jax/_src/interpreters/pxla.py", line 1893, in call[32m [repeated 6x across cluster][0m
[36m(CpuApproximationActor pid=3418259)[0m     lo_outs = params.executable.call(*params.const_args, *args_flat)[32m [repeated 3x across cluster][0m
[36m(CpuApproximationActor pid=3418259)[0m     check_arg_avals_for_call(self._all_args_info.in_avals,[32m [repeated 3x across cluster][0m
[36m(CpuApproximationActor pid=3418259)[0m     ~~~~~~~~~~~~~~~~~~~~~~~~^^^^^^^^^^^^^^^^^^^^^^^^^^^^^^[32m [repeated 3x across cluster][0m
[36m(CpuApproximationActor pid=3418259)[0m                              map(core.shaped_abstractify, args),[32m [repeated 3x across cluster][0m
[36m(CpuApproximationActor pid=3418259)[0m                              ^^^^^^^^^^^^^^^^^^^^^^^^^^^^^^^^^^^[32m [repeated 3x across cluster][0m
[36m(CpuApproximationActor pid=3418259)[0m                              self._all_args_info.debug_info)[32m [repeated 3x across cluster][0m
[36m(CpuApproximationActor pid=3418259)[0m                              ^^^^^^^^^^^^^^^^^^^^^^^^^^^^^^^[32m [repeated 3x across cluster][0m
[36m(CpuApproximationActor pid=3418259)[0m   File "/Users/assmuth/dsnn/.venv/lib/python3.13/site-packages/jax/_src/interpreters/pxla.py", line 1998, in check_arg_avals_for_call[32m [repeated 3x across cluster][0m
[36m(CpuApproximationActor pid=3418259)[0m     raise TypeError([32m [repeated 3x across cluster][0m
[36m(CpuApproximationActor pid=3418259)[0m         f"{num_mismatch_str} mismatches are:\n{str_errors}")[32m [repeated 3x across cluster][0m
[36m(CpuApproximationActor pid=3418259)[0m TypeError: Argument types differ from the types for which this computation was compiled. Perhaps you are calling the compiled executable with a different enable_x64 mode than when it was AOT compiled? The mismatches are:[32m [repeated 3x across cluster][0m
[36m(PPOActor pid=3418258)[0m [ppo_ray][popart] ep=0 ev=-1365061.464 adv(mean/std/absmax)=+0.033/0.062/0.168 latency_ns: mu=+0 sig=1 peak_memory: mu=+0 sig=1 frob_residual: mu=+0 sig=1
ppo_ray:   0%|▏                                                                                                                                 | 1/1000 [01:17<21:24:26, 77.14s/it]ppo_ray best:+0(ep0) mean:+0 loss(p/v):-0.021/0.0033 ent:1.713 nan_skip:0:   0%|                                                                | 1/1000 [01:17<21:24:26, 77.14s/it][36m(PPOActor pid=3418258)[0m [ppo_ray][kl-stop] ep=0 approx_kl_percomp(mean)=0.2529 > target 0.15 after mb 2/4 (joint_kl mean=0.663) -- stopping remaining updates.
[36m(PPOActor pid=3418258)[0m [ppo_ray] anti-degen: excluded 4 degenerate/failed terminal env(s) from best_overall.
[36m(CpuApproximationActor pid=3418259)[0m [per-face] builds=400 applied=26 skipped=0 applied_frac=1.000
[36m(CpuApproximationActor pid=3418259)[0m [SENTINEL] measure-exception step=12 order_len=12 terminal=True: TypeError: Argument types differ from the types for which this computation was compiled. Perhaps you are calling the compiled executable with a different enable_x64 mode than when it was AOT 
[36m(CpuApproximationActor pid=3418259)[0m [SENTINEL-VERBOSE] ==================================================
[36m(CpuApproximationActor pid=3418259)[0m [SENTINEL-VERBOSE] step=12 order_len=12 terminal=True init=False point_idx=-1
[36m(CpuApproximationActor pid=3418259)[0m [SENTINEL-VERBOSE] EXC TypeError: Argument types differ from the types for which this computation was compiled. Perhaps you are calling the compiled executable with a different enable_x64 mode than when it was AOT compiled? The mismatches are:
[36m(CpuApproximationActor pid=3418259)[0m Argument 'x' compiled with float32[16,64] and called with float32[16,4]
[36m(CpuApproximationActor pid=3418259)[0m Argument 'y' compiled with float32[16,64] and called with float32[16,4]
[36m(CpuApproximationActor pid=3418259)[0m [SENTINEL-VERBOSE] ORDER (12): [7, 12, 11, 2, 5, 9, 1, 8, 3, 10, 6, 4]
[36m(CpuApproximationActor pid=3418259)[0m [SENTINEL-VERBOSE] MICRO-ACTIONS (per vertex, in elimination order):
[36m(CpuApproximationActor pid=3418259)[0m     v0(vertex_id=7): COMPRESS(axis=1,kind=abs_max)
[36m(CpuApproximationActor pid=3418259)[0m     v2(vertex_id=11): COMPRESS(axis=1,kind=abs_max)
[36m(CpuApproximationActor pid=3418259)[0m     v3(vertex_id=2): COMPRESS(axis=1,kind=abs_max)
[36m(CpuApproximationActor pid=3418259)[0m     v4(vertex_id=5): DIAG(bi1=1,bi2=1,factor=16)
[36m(CpuApproximationActor pid=3418259)[0m     v5(vertex_id=9): COMPRESS(axis=1,kind=abs_max)
[36m(CpuApproximationActor pid=3418259)[0m     v6(vertex_id=1): COMPRESS(axis=0,kind=abs_max)
[36m(CpuApproximationActor pid=3418259)[0m [SENTINEL-VERBOSE] TRACEBACK:
[36m(CpuApproximationActor pid=3418259)[0m Traceback (most recent call last):
[36m(CpuApproximationActor pid=3418259)[0m   File "/Users/assmuth/dsnn/alphagrad/src/alphagrad/approx/cpu_approx_worker.py", line 257, in evaluate
[36m(CpuApproximationActor pid=3418259)[0m     tokens, eqn_ids, reward = _callback(
[36m(CpuApproximationActor pid=3418259)[0m                               ~~~~~~~~~^
[36m(CpuApproximationActor pid=3418259)[0m         self._config,
[36m(CpuApproximationActor pid=3418259)[0m         ^^^^^^^^^^^^^
[36m(CpuApproximationActor pid=3418259)[0m     ...<7 lines>...
[36m(CpuApproximationActor pid=3418259)[0m         point_idx=int(point_idx),
[36m(CpuApproximationActor pid=3418259)[0m         ^^^^^^^^^^^^^^^^^^^^^^^^^
[36m(CpuApproximationActor pid=3418259)[0m     )
[36m(CpuApproximationActor pid=3418259)[0m     ^
[36m(CpuApproximationActor pid=3418259)[0m   File "/Users/assmuth/dsnn/alphagrad/src/alphagrad/approx/env.py", line 4003, in _callback
[36m(CpuApproximationActor pid=3418259)[0m     out_approx = compiled_approx(*eval_args_i)
[36m(CpuApproximationActor pid=3418259)[0m   File "/Users/assmuth/dsnn/.venv/lib/python3.13/site-packages/jax/_src/stages.py", line 884, in __call__
[36m(CpuApproximationActor pid=3418259)[0m     return self._call(*args, **kwargs)
[36m(CpuApproximationActor pid=3418259)[0m            ~~~~~~~~~~^^^^^^^^^^^^^^^^^
[36m(CpuApproximationActor pid=3418259)[0m   File "/Users/assmuth/dsnn/.venv/lib/python3.13/site-packages/jax/_src/interpreters/pxla.py", line 1926, in aot_cache_miss
[36m(CpuApproximationActor pid=3418259)[0m     outs, out_flat, args_flat = stages.Compiled.call(params, *args, **kwargs)
[36m(CpuApproximationActor pid=3418259)[0m                                 ~~~~~~~~~~~~~~~~~~~~^^^^^^^^^^^^^^^^^^^^^^^^^
[36m(CpuApproximationActor pid=3418259)[0m   File "/Users/assmuth/dsnn/.venv/lib/python3.13/site-packages/jax/_src/stages.py", line 861, in call
[36m(CpuApproximationActor pid=3418259)[0m     lo_outs = params.executable.call(*params.const_args, *args_flat)
[36m(CpuApproximationActor pid=3418259)[0m   File "/Users/assmuth/dsnn/.venv/lib/python3.13/site-packages/jax/_src/interpreters/pxla.py", line 1893, in call
[36m(CpuApproximationActor pid=3418259)[0m     check_arg_avals_for_call(self._all_args_info.in_avals,
[36m(CpuApproximationActor pid=3418259)[0m     ~~~~~~~~~~~~~~~~~~~~~~~~^^^^^^^^^^^^^^^^^^^^^^^^^^^^^^
[36m(CpuApproximationActor pid=3418259)[0m                              map(core.shaped_abstractify, args),
[36m(CpuApproximationActor pid=3418259)[0m                              ^^^^^^^^^^^^^^^^^^^^^^^^^^^^^^^^^^^
[36m(CpuApproximationActor pid=3418259)[0m                              self._all_args_info.debug_info)
[36m(CpuApproximationActor pid=3418259)[0m                              ^^^^^^^^^^^^^^^^^^^^^^^^^^^^^^^
[36m(CpuApproximationActor pid=3418259)[0m   File "/Users/assmuth/dsnn/.venv/lib/python3.13/site-packages/jax/_src/interpreters/pxla.py", line 1998, in check_arg_avals_for_call
[36m(CpuApproximationActor pid=3418259)[0m     raise TypeError(
[36m(CpuApproximationActor pid=3418259)[0m     ...<3 lines>...
[36m(CpuApproximationActor pid=3418259)[0m         f"{num_mismatch_str} mismatches are:\n{str_errors}")
[36m(CpuApproximationActor pid=3418259)[0m TypeError: Argument types differ from the types for which this computation was compiled. Perhaps you are calling the compiled executable with a different enable_x64 mode than when it was AOT compiled? The mismatches are:
[36m(CpuApproximationActor pid=3418259)[0m Argument 'x' compiled with float32[16,64] and called with float32[16,4]
[36m(CpuApproximationActor pid=3418259)[0m Argument 'y' compiled with float32[16,64] and called with float32[16,4]
[36m(CpuApproximationActor pid=3418259)[0m [SENTINEL-VERBOSE] ==================================================
[36m(CpuApproximationActor pid=3418260)[0m     v7(vertex_id=1): DIAG(bi1=1,bi2=0,factor=16)
[36m(CpuApproximationActor pid=3418260)[0m     v11(vertex_id=10): COMPRESS(axis=1,kind=abs_max)
[36m(CpuApproximationActor pid=3418261)[0m     v1(vertex_id=10): COMPRESS(axis=1,kind=abs_max)
[36m(CpuApproximationActor pid=3418261)[0m     v4(vertex_id=12): COMPRESS(axis=1,kind=max)
[36m(CpuApproximationActor pid=3418261)[0m     v7(vertex_id=7): COMPRESS(axis=1,kind=abs_max)
[36m(CpuApproximationActor pid=3418261)[0m     v8(vertex_id=6): COMPRESS(axis=0,kind=abs_max)
[36m(CpuApproximationActor pid=3418259)[0m     v0(vertex_id=4): COMPRESS(axis=1,kind=abs_max)
[36m(CpuApproximationActor pid=3418259)[0m     v1(vertex_id=1): COMPRESS(axis=1,kind=max)
[36m(CpuApproximationActor pid=3418259)[0m     v5(vertex_id=6): COMPRESS(axis=0,kind=abs_max)
[36m(CpuApproximationActor pid=3418259)[0m     v6(vertex_id=7): COMPRESS(axis=1,kind=abs_max)
[36m(CpuApproximationActor pid=3418259)[0m     v7(vertex_id=3): COMPRESS(axis=1,kind=abs_max)
[36m(CpuApproximationActor pid=3418259)[0m     v8(vertex_id=10): COMPRESS(axis=0,kind=abs_min)
[36m(CpuApproximationActor pid=3418259)[0m     v9(vertex_id=11): COMPRESS(axis=1,kind=abs_max)
[36m(PPOActor pid=3418258)[0m [ppo_ray] 4/48 failed/sentinel transitions this episode (pool timeout / mem-gate / shape-storm); zeroing raw rewards, forcing dones.
[36m(PPOActor pid=3418258)[0m [ppo_ray][popart] ep=1 ev=-368589.010 adv(mean/std/absmax)=+0.012/0.064/0.129 latency_ns: mu=+0 sig=1 peak_memory: mu=+0 sig=1 frob_residual: mu=+0 sig=1
ppo_ray best:+0(ep0) mean:+0 loss(p/v):-0.021/0.0033 ent:1.713 nan_skip:0:   0%|▏                                                               | 2/1000 [01:29<10:45:43, 38.82s/it]ppo_ray best:+0(ep0) mean:+0 loss(p/v):0.0014/0.0059 ent:2.321 nan_skip:0:   0%|▏                                                               | 2/1000 [01:29<10:45:43, 38.82s/it][36m(PPOActor pid=3418258)[0m [ppo_ray][kl-stop] ep=1 approx_kl_percomp(mean)=0.2471 > target 0.15 after mb 4/4 (joint_kl mean=0.942) -- stopping remaining updates.
[36m(PPOActor pid=3418258)[0m [ppo_ray] anti-degen: excluded 4 degenerate/failed terminal env(s) from best_overall.
[36m(CpuApproximationActor pid=3418259)[0m [SENTINEL] measure-exception step=12 order_len=12 terminal=True: TypeError: Argument types differ from the types for which this computation was compiled. Perhaps you are calling the compiled executable with a different enable_x64 mode than when it was AOT [32m [repeated 3x across cluster][0m
[36m(CpuApproximationActor pid=3418259)[0m [SENTINEL-VERBOSE] ==================================================[32m [repeated 6x across cluster][0m
[36m(CpuApproximationActor pid=3418259)[0m [SENTINEL-VERBOSE] step=12 order_len=12 terminal=True init=False point_idx=-1[32m [repeated 3x across cluster][0m
[36m(CpuApproximationActor pid=3418259)[0m [SENTINEL-VERBOSE] EXC TypeError: Argument types differ from the types for which this computation was compiled. Perhaps you are calling the compiled executable with a different enable_x64 mode than when it was AOT compiled? The mismatches are:[32m [repeated 3x across cluster][0m
[36m(CpuApproximationActor pid=3418259)[0m Argument 'x' compiled with float32[16,64] and called with float32[16,4][32m [repeated 6x across cluster][0m
[36m(CpuApproximationActor pid=3418259)[0m Argument 'y' compiled with float32[16,64] and called with float32[16,4][32m [repeated 6x across cluster][0m
[36m(CpuApproximationActor pid=3418259)[0m [SENTINEL-VERBOSE] ORDER (12): [4, 1, 2, 9, 5, 6, 7, 3, 10, 11, 12, 8][32m [repeated 3x across cluster][0m
[36m(CpuApproximationActor pid=3418259)[0m [SENTINEL-VERBOSE] MICRO-ACTIONS (per vertex, in elimination order):[32m [repeated 3x across cluster][0m
[36m(CpuApproximationActor pid=3418259)[0m [SENTINEL-VERBOSE] TRACEBACK:[32m [repeated 3x across cluster][0m
[36m(CpuApproximationActor pid=3418259)[0m Traceback (most recent call last):[32m [repeated 3x across cluster][0m
[36m(CpuApproximationActor pid=3418259)[0m   File "/Users/assmuth/dsnn/alphagrad/src/alphagrad/approx/cpu_approx_worker.py", line 257, in evaluate[32m [repeated 3x across cluster][0m
[36m(CpuApproximationActor pid=3418259)[0m     tokens, eqn_ids, reward = _callback([32m [repeated 3x across cluster][0m
[36m(CpuApproximationActor pid=3418259)[0m                               ~~~~~~~~~^[32m [repeated 3x across cluster][0m
[36m(CpuApproximationActor pid=3418259)[0m         self._config,[32m [repeated 3x across cluster][0m
[36m(CpuApproximationActor pid=3418259)[0m         ^^^^^^^^^^^^^[32m [repeated 3x across cluster][0m
[36m(CpuApproximationActor pid=3418259)[0m     ...<3 lines>...[32m [repeated 6x across cluster][0m
[36m(CpuApproximationActor pid=3418259)[0m         point_idx=int(point_idx),[32m [repeated 3x across cluster][0m
[36m(CpuApproximationActor pid=3418259)[0m         ^^^^^^^^^^^^^^^^^^^^^^^^^[32m [repeated 3x across cluster][0m
[36m(CpuApproximationActor pid=3418259)[0m     )[32m [repeated 3x across cluster][0m
[36m(CpuApproximationActor pid=3418259)[0m     ^[32m [repeated 3x across cluster][0m
[36m(CpuApproximationActor pid=3418259)[0m   File "/Users/assmuth/dsnn/alphagrad/src/alphagrad/approx/env.py", line 4003, in _callback[32m [repeated 3x across cluster][0m
[36m(CpuApproximationActor pid=3418259)[0m     out_approx = compiled_approx(*eval_args_i)[32m [repeated 3x across cluster][0m
[36m(CpuApproximationActor pid=3418259)[0m   File "/Users/assmuth/dsnn/.venv/lib/python3.13/site-packages/jax/_src/stages.py", line 884, in __call__[32m [repeated 3x across cluster][0m
[36m(CpuApproximationActor pid=3418259)[0m     return self._call(*args, **kwargs)[32m [repeated 3x across cluster][0m
[36m(CpuApproximationActor pid=3418259)[0m            ~~~~~~~~~~^^^^^^^^^^^^^^^^^[32m [repeated 3x across cluster][0m
[36m(CpuApproximationActor pid=3418259)[0m   File "/Users/assmuth/dsnn/.venv/lib/python3.13/site-packages/jax/_src/interpreters/pxla.py", line 1926, in aot_cache_miss[32m [repeated 3x across cluster][0m
[36m(CpuApproximationActor pid=3418259)[0m     outs, out_flat, args_flat = stages.Compiled.call(params, *args, **kwargs)[32m [repeated 3x across cluster][0m
[36m(CpuApproximationActor pid=3418259)[0m                                 ~~~~~~~~~~~~~~~~~~~~^^^^^^^^^^^^^^^^^^^^^^^^^[32m [repeated 3x across cluster][0m
[36m(CpuApproximationActor pid=3418259)[0m   File "/Users/assmuth/dsnn/.venv/lib/python3.13/site-packages/jax/_src/interpreters/pxla.py", line 1893, in call[32m [repeated 6x across cluster][0m
[36m(CpuApproximationActor pid=3418259)[0m     lo_outs = params.executable.call(*params.const_args, *args_flat)[32m [repeated 3x across cluster][0m
[36m(CpuApproximationActor pid=3418259)[0m     check_arg_avals_for_call(self._all_args_info.in_avals,[32m [repeated 3x across cluster][0m
[36m(CpuApproximationActor pid=3418259)[0m     ~~~~~~~~~~~~~~~~~~~~~~~~^^^^^^^^^^^^^^^^^^^^^^^^^^^^^^[32m [repeated 3x across cluster][0m
[36m(CpuApproximationActor pid=3418259)[0m                              map(core.shaped_abstractify, args),[32m [repeated 3x across cluster][0m
[36m(CpuApproximationActor pid=3418259)[0m                              ^^^^^^^^^^^^^^^^^^^^^^^^^^^^^^^^^^^[32m [repeated 3x across cluster][0m
[36m(CpuApproximationActor pid=3418259)[0m                              self._all_args_info.debug_info)[32m [repeated 3x across cluster][0m
[36m(CpuApproximationActor pid=3418259)[0m                              ^^^^^^^^^^^^^^^^^^^^^^^^^^^^^^^[32m [repeated 3x across cluster][0m
[36m(CpuApproximationActor pid=3418259)[0m   File "/Users/assmuth/dsnn/.venv/lib/python3.13/site-packages/jax/_src/interpreters/pxla.py", line 1998, in check_arg_avals_for_call[32m [repeated 3x across cluster][0m
[36m(CpuApproximationActor pid=3418259)[0m     raise TypeError([32m [repeated 3x across cluster][0m
[36m(CpuApproximationActor pid=3418259)[0m         f"{num_mismatch_str} mismatches are:\n{str_errors}")[32m [repeated 3x across cluster][0m
[36m(CpuApproximationActor pid=3418259)[0m TypeError: Argument types differ from the types for which this computation was compiled. Perhaps you are calling the compiled executable with a different enable_x64 mode than when it was AOT compiled? The mismatches are:[32m [repeated 3x across cluster][0m
[36m(CpuApproximationActor pid=3418260)[0m /Users/assmuth/dsnn/graphax/src/graphax/jaxpr.py:779: UserWarning: jaxpr tokenizer: uncaptured value rendered as '?': 'jit'[32m [repeated 2x across cluster][0m
[36m(CpuApproximationActor pid=3418260)[0m   warnings.warn([32m [repeated 26x across cluster][0m
[36m(CpuApproximationActor pid=3418260)[0m /Users/assmuth/dsnn/graphax/src/graphax/jaxpr.py:779: UserWarning: jaxpr tokenizer: uncaptured value rendered as '?': 'compiler_options_kvs'[32m [repeated 2x across cluster][0m
[36m(CpuApproximationActor pid=3418260)[0m /Users/assmuth/dsnn/graphax/src/graphax/jaxpr.py:779: UserWarning: jaxpr tokenizer: uncaptured value rendered as '?': 'donated_invars'[32m [repeated 2x across cluster][0m
[36m(CpuApproximationActor pid=3418260)[0m /Users/assmuth/dsnn/graphax/src/graphax/jaxpr.py:779: UserWarning: jaxpr tokenizer: uncaptured value rendered as '?': 'in_layouts'[32m [repeated 2x across cluster][0m
[36m(CpuApproximationActor pid=3418260)[0m /Users/assmuth/dsnn/graphax/src/graphax/jaxpr.py:779: UserWarning: jaxpr tokenizer: uncaptured value rendered as '?': 'None'[32m [repeated 2x across cluster][0m
[36m(CpuApproximationActor pid=3418260)[0m /Users/assmuth/dsnn/graphax/src/graphax/jaxpr.py:779: UserWarning: jaxpr tokenizer: uncaptured value rendered as '?': 'in_shardings'[32m [repeated 2x across cluster][0m
[36m(CpuApproximationActor pid=3418260)[0m /Users/assmuth/dsnn/graphax/src/graphax/jaxpr.py:779: UserWarning: jaxpr tokenizer: uncaptured value rendered as '?': 'UnspecifiedValue'[32m [repeated 2x across cluster][0m
[36m(CpuApproximationActor pid=3418260)[0m /Users/assmuth/dsnn/graphax/src/graphax/jaxpr.py:779: UserWarning: jaxpr tokenizer: uncaptured value rendered as '?': 'inline'[32m [repeated 2x across cluster][0m
[36m(CpuApproximationActor pid=3418260)[0m /Users/assmuth/dsnn/graphax/src/graphax/jaxpr.py:779: UserWarning: jaxpr tokenizer: uncaptured value rendered as '?': 'keep_unused'[32m [repeated 2x across cluster][0m
[36m(CpuApproximationActor pid=3418260)[0m /Users/assmuth/dsnn/graphax/src/graphax/jaxpr.py:779: UserWarning: jaxpr tokenizer: uncaptured value rendered as '?': 'name'[32m [repeated 2x across cluster][0m
[36m(CpuApproximationActor pid=3418260)[0m /Users/assmuth/dsnn/graphax/src/graphax/jaxpr.py:779: UserWarning: jaxpr tokenizer: uncaptured value rendered as '?': '_where'[32m [repeated 2x across cluster][0m
[36m(CpuApproximationActor pid=3418260)[0m /Users/assmuth/dsnn/graphax/src/graphax/jaxpr.py:779: UserWarning: jaxpr tokenizer: uncaptured value rendered as '?': 'out_layouts'[32m [repeated 2x across cluster][0m
[36m(CpuApproximationActor pid=3418260)[0m /Users/assmuth/dsnn/graphax/src/graphax/jaxpr.py:779: UserWarning: jaxpr tokenizer: uncaptured value rendered as '?': 'out_shardings'[32m [repeated 2x across cluster][0m
[36m(CpuApproximationActor pid=3422779)[0m W0723 15:01:15.167294 3422779 text_format.cc:393] Warning parsing text-format xla.TritonGemmConfigsProto: 36:55 (N = 256): text format contains deprecated field "split_k"[32m [repeated 9x across cluster][0m
[36m(CpuApproximationActor pid=3422779)[0m [cpu_approx_worker pid=3422779] env: ALPHAGRAD_EXACT_ONLY=0 ALPHAGRAD_EXAMPLE_WIDTH=64 ALPHAGRAD_FACE_TRANSFORMS=1 ALPHAGRAD_MEASURE_VIA_AOJ=0 ALPHAGRAD_PER_FACE_MVP=1 ALPHAGRAD_POLICY=palimpsa JAX_COMPILATION_CACHE_DIR=/tmp/dsnn-jax-cache-55183-pgi15-gpu9
[36m(CpuApproximationActor pid=3422779)[0m [measure-actor 4] host=pgi15-gpu9.iff.kfa-juelich.de CUDA_VISIBLE_DEVICES=1 jax_devices=[CudaDevice(id=0)]
[36m(CpuApproximationActor pid=3418261)[0m [per-face] builds=200 applied=21 skipped=0 applied_frac=1.000
[36m(CpuApproximationActor pid=3422779)[0m /Users/assmuth/dsnn/graphax/src/graphax/jaxpr.py:779: UserWarning: jaxpr tokenizer: uncaptured value rendered as '?': 'jit'
[36m(CpuApproximationActor pid=3422779)[0m   warnings.warn([32m [repeated 13x across cluster][0m
[36m(CpuApproximationActor pid=3422779)[0m /Users/assmuth/dsnn/graphax/src/graphax/jaxpr.py:779: UserWarning: jaxpr tokenizer: uncaptured value rendered as '?': 'compiler_options_kvs'
[36m(CpuApproximationActor pid=3422779)[0m /Users/assmuth/dsnn/graphax/src/graphax/jaxpr.py:779: UserWarning: jaxpr tokenizer: uncaptured value rendered as '?': 'donated_invars'
[36m(CpuApproximationActor pid=3422779)[0m /Users/assmuth/dsnn/graphax/src/graphax/jaxpr.py:779: UserWarning: jaxpr tokenizer: uncaptured value rendered as '?': 'in_layouts'
[36m(CpuApproximationActor pid=3422779)[0m /Users/assmuth/dsnn/graphax/src/graphax/jaxpr.py:779: UserWarning: jaxpr tokenizer: uncaptured value rendered as '?': 'None'
[36m(CpuApproximationActor pid=3422779)[0m /Users/assmuth/dsnn/graphax/src/graphax/jaxpr.py:779: UserWarning: jaxpr tokenizer: uncaptured value rendered as '?': 'in_shardings'
[36m(CpuApproximationActor pid=3422779)[0m /Users/assmuth/dsnn/graphax/src/graphax/jaxpr.py:779: UserWarning: jaxpr tokenizer: uncaptured value rendered as '?': 'UnspecifiedValue'
[36m(CpuApproximationActor pid=3422779)[0m /Users/assmuth/dsnn/graphax/src/graphax/jaxpr.py:779: UserWarning: jaxpr tokenizer: uncaptured value rendered as '?': 'inline'
[36m(CpuApproximationActor pid=3422779)[0m /Users/assmuth/dsnn/graphax/src/graphax/jaxpr.py:779: UserWarning: jaxpr tokenizer: uncaptured value rendered as '?': 'keep_unused'
[36m(CpuApproximationActor pid=3422779)[0m /Users/assmuth/dsnn/graphax/src/graphax/jaxpr.py:779: UserWarning: jaxpr tokenizer: uncaptured value rendered as '?': 'name'
[36m(CpuApproximationActor pid=3422779)[0m /Users/assmuth/dsnn/graphax/src/graphax/jaxpr.py:779: UserWarning: jaxpr tokenizer: uncaptured value rendered as '?': '_where'
[36m(CpuApproximationActor pid=3422779)[0m /Users/assmuth/dsnn/graphax/src/graphax/jaxpr.py:779: UserWarning: jaxpr tokenizer: uncaptured value rendered as '?': 'out_layouts'
[36m(CpuApproximationActor pid=3422779)[0m /Users/assmuth/dsnn/graphax/src/graphax/jaxpr.py:779: UserWarning: jaxpr tokenizer: uncaptured value rendered as '?': 'out_shardings'
slurmstepd: error: *** JOB 55183 ON pgi15-gpu9 CANCELLED AT 2026-07-23T15:01:23 ***
