=== node=pgi15-gpu10.iff.kfa-juelich.de gpu=NVIDIA GeForce RTX 4090 Fri Jul 24 07:10:42 AM UTC 2026 ===
=== TAG=smoke_exact_mlp MODE=exact EXAMPLE=VmappedNeuralNetwork WIDTH=64 SNN_STEPS=unset ===
=== graphax=eb6ad3e feat(sparse): implement verify_hardware_compat hook for dynamic quant masks ===
=== alphagrad=1baa0c8 exp: exact/approx via --variant ve_only/full on the slimmed line ===
=== PHASE lat_mem START Fri Jul 24 07:10:42 AM UTC 2026 ===
2026-07-24 07:10:45,987	INFO worker.py:2012 -- Started a local Ray instance.
/Users/assmuth/dsnn/.venv/lib/python3.13/site-packages/ray/_private/worker.py:2051: FutureWarning: Tip: In future versions of Ray, Ray will no longer override accelerator visible devices env var if num_gpus=0 or num_gpus=None (default). To enable this behavior and turn off this error message, set RAY_ACCEL_ENV_VAR_OVERRIDE_ON_ZERO=0
  warnings.warn(
wandb: Loading settings from /Users/assmuth/.config/wandb/settings
wandb: [wandb.login()] Loaded credentials for https://api.wandb.ai from /Users/assmuth/.netrc.
wandb: Currently logged in as: florian-assmuth (dll-streetview) to https://api.wandb.ai. Use `wandb login --relogin` to force relogin
wandb: WARNING Using a boolean value for 'reinit' is deprecated. Use 'return_previous' or 'finish_previous' instead.
wandb: setting up run pqxie0q0
wandb: Tracking run with wandb version 0.25.0
wandb: Run data is saved locally in /Users/assmuth/dsnn/alphagrad/wandb/run-20260724_071047-pqxie0q0
wandb: Run `wandb offline` to turn off syncing.
wandb: Syncing run smoke_exact_mlp_lat_mem
wandb: ⭐️ View project at https://wandb.ai/dll-streetview/dsnn-vertex
wandb: 🚀 View run at https://wandb.ai/dll-streetview/dsnn-vertex/runs/pqxie0q0
[33m(raylet)[0m It looks like you're creating a detached actor in an anonymous namespace. In order to access this actor in the future, you will need to explicitly connect to this namespace with ray.init(namespace="b980b0f5-e0a9-40f0-9f89-ae963a4e99e6", ...)
[36m(PPOActor pid=1745238)[0m /Users/assmuth/dsnn/.venv/lib/python3.13/site-packages/jaxlib/plugin_support.py:92: RuntimeWarning: JAX plugin jax_cuda12_plugin version 0.10.1.dev0+selfbuilt is installed, but it is not compatible with the installed jaxlib version 0.11.0, so it will not be used.
[36m(PPOActor pid=1745238)[0m   warnings.warn(
[36m(CpuApproximationActor pid=1745240)[0m Exception raised in creation task: The actor died because of an error raised in its creation task, [36mray::CpuApproximationActor.__init__()[39m (pid=1745240, ip=192.168.15.10, actor_id=e98e384e50e4c44b40fb943401000000, repr=<alphagrad.approx.cpu_approx_actors.CpuApproximationActor object at 0x7b8f3829f380>)
[36m(CpuApproximationActor pid=1745240)[0m   File "/Users/assmuth/dsnn/alphagrad/src/alphagrad/approx/cpu_approx_actors.py", line 182, in __init__
[36m(CpuApproximationActor pid=1745240)[0m     self._impl = CpuApproximationServer.from_args_dict(
[36m(CpuApproximationActor pid=1745240)[0m                  ~~~~~~~~~~~~~~~~~~~~~~~~~~~~~~~~~~~~~^
[36m(CpuApproximationActor pid=1745240)[0m         args_dict, variant=variant, seed=seed,
[36m(CpuApproximationActor pid=1745240)[0m         ^^^^^^^^^^^^^^^^^^^^^^^^^^^^^^^^^^^^^^
[36m(CpuApproximationActor pid=1745240)[0m     )
[36m(CpuApproximationActor pid=1745240)[0m     ^
[36m(CpuApproximationActor pid=1745240)[0m   File "/Users/assmuth/dsnn/alphagrad/src/alphagrad/approx/cpu_approx_worker.py", line 195, in from_args_dict
[36m(CpuApproximationActor pid=1745240)[0m     env = _build_env_from_args(args_dict, variant, seed=seed)
[36m(CpuApproximationActor pid=1745240)[0m   File "/Users/assmuth/dsnn/alphagrad/src/alphagrad/approx/cpu_approx_worker.py", line 701, in _build_env_from_args
[36m(CpuApproximationActor pid=1745240)[0m     env = VertexEliminationEnv.from_jaxpr(
[36m(CpuApproximationActor pid=1745240)[0m         closed_jaxpr,
[36m(CpuApproximationActor pid=1745240)[0m     ...<37 lines>...
[36m(CpuApproximationActor pid=1745240)[0m         quality_rewarded=_quality_is_rewarded(args),
[36m(CpuApproximationActor pid=1745240)[0m     )
[36m(CpuApproximationActor pid=1745240)[0m TypeError: VertexEliminationEnv.from_jaxpr() got an unexpected keyword argument 'latency_samples'
[36m(CpuApproximationActor pid=1745241)[0m /Users/assmuth/dsnn/.venv/lib/python3.13/site-packages/jaxlib/plugin_support.py:92: RuntimeWarning: JAX plugin jax_cuda12_plugin version 0.10.1.dev0+selfbuilt is installed, but it is not compatible with the installed jaxlib version 0.11.0, so it will not be used.[32m [repeated 3x across cluster] (Ray deduplicates logs by default. Set RAY_DEDUP_LOGS=0 to disable log deduplication, or see https://docs.ray.io/en/master/ray-observability/user-guides/configure-logging.html#log-deduplication for more options.)[0m
[36m(CpuApproximationActor pid=1745241)[0m   warnings.warn([32m [repeated 3x across cluster][0m
Traceback (most recent call last):
  File "/Users/assmuth/dsnn/alphagrad/src/alphagrad/approx/ppo_ray.py", line 776, in <module>
    sys.exit(main())
             ~~~~^^
  File "/Users/assmuth/dsnn/alphagrad/src/alphagrad/approx/ppo_ray.py", line 770, in main
    rc = _run(args)
  File "/Users/assmuth/dsnn/alphagrad/src/alphagrad/approx/ppo_ray.py", line 283, in _run
    ray.get(actor.init_server.remote(
    ~~~~~~~^^^^^^^^^^^^^^^^^^^^^^^^^^
        cpu_workers,
        ^^^^^^^^^^^^
    ...<5 lines>...
        starting_actor_id=int(args.num_cpu_workers),
        ^^^^^^^^^^^^^^^^^^^^^^^^^^^^^^^^^^^^^^^^^^^^
    ))
    ^^
  File "/Users/assmuth/dsnn/.venv/lib/python3.13/site-packages/ray/_private/auto_init_hook.py", line 22, in auto_init_wrapper
    return fn(*args, **kwargs)
  File "/Users/assmuth/dsnn/.venv/lib/python3.13/site-packages/ray/_private/client_mode_hook.py", line 107, in wrapper
    return func(*args, **kwargs)
  File "/Users/assmuth/dsnn/.venv/lib/python3.13/site-packages/ray/_private/worker.py", line 2980, in get
    values, debugger_breakpoint = worker.get_objects(
                                  ~~~~~~~~~~~~~~~~~~^
        object_refs, timeout, use_object_store=_use_object_store
        ^^^^^^^^^^^^^^^^^^^^^^^^^^^^^^^^^^^^^^^^^^^^^^^^^^^^^^^^
    )
    ^
  File "/Users/assmuth/dsnn/.venv/lib/python3.13/site-packages/ray/_private/worker.py", line 1023, in get_objects
    raise value.as_instanceof_cause()
ray.exceptions.RayTaskError(TypeError): [36mray::PPOActor.init_server()[39m (pid=1745238, ip=192.168.15.10, actor_id=073b562c00fd5f6f200a53d701000000, repr=<alphagrad.approx.ppo_ray_actors.PPOActor object at 0x73244b7c1550>)
  File "/Users/assmuth/dsnn/alphagrad/src/alphagrad/approx/ppo_ray_actors.py", line 59, in init_server
    self.init_worker(cpu_workers)
    ~~~~~~~~~~~~~~~~^^^^^^^^^^^^^
  File "/Users/assmuth/dsnn/alphagrad/src/alphagrad/approx/ppo_ray_actors.py", line 34, in init_worker
    self._impl = PPORayWorker(
                 ~~~~~~~~~~~~^
        self.args_dict, seed=self.seed, cpu_workers=cpu_workers,
        ^^^^^^^^^^^^^^^^^^^^^^^^^^^^^^^^^^^^^^^^^^^^^^^^^^^^^^^^
    )
    ^
  File "/Users/assmuth/dsnn/alphagrad/src/alphagrad/approx/ppo_ray_worker.py", line 546, in __init__
    env = VertexEliminationEnv.from_jaxpr(
        closed_jaxpr,
    ...<14 lines>...
        quality_rewarded=_quality_is_rewarded(self.args),
    )
TypeError: VertexEliminationEnv.from_jaxpr() got an unexpected keyword argument 'measure_grad'
Traceback (most recent call last):
  File "/Users/assmuth/dsnn/alphagrad/src/alphagrad/approx/ppo_ray.py", line 776, in <module>
    sys.exit(main())
             ~~~~^^
  File "/Users/assmuth/dsnn/alphagrad/src/alphagrad/approx/ppo_ray.py", line 770, in main
    rc = _run(args)
  File "/Users/assmuth/dsnn/alphagrad/src/alphagrad/approx/ppo_ray.py", line 283, in _run
    ray.get(actor.init_server.remote(
    ~~~~~~~^^^^^^^^^^^^^^^^^^^^^^^^^^
        cpu_workers,
        ^^^^^^^^^^^^
    ...<5 lines>...
        starting_actor_id=int(args.num_cpu_workers),
        ^^^^^^^^^^^^^^^^^^^^^^^^^^^^^^^^^^^^^^^^^^^^
    ))
    ^^
  File "/Users/assmuth/dsnn/.venv/lib/python3.13/site-packages/ray/_private/auto_init_hook.py", line 22, in auto_init_wrapper
    return fn(*args, **kwargs)
  File "/Users/assmuth/dsnn/.venv/lib/python3.13/site-packages/ray/_private/client_mode_hook.py", line 107, in wrapper
    return func(*args, **kwargs)
  File "/Users/assmuth/dsnn/.venv/lib/python3.13/site-packages/ray/_private/worker.py", line 2980, in get
    values, debugger_breakpoint = worker.get_objects(
                                  ~~~~~~~~~~~~~~~~~~^
        object_refs, timeout, use_object_store=_use_object_store
        ^^^^^^^^^^^^^^^^^^^^^^^^^^^^^^^^^^^^^^^^^^^^^^^^^^^^^^^^
    )
    ^
  File "/Users/assmuth/dsnn/.venv/lib/python3.13/site-packages/ray/_private/worker.py", line 1023, in get_objects
    raise value.as_instanceof_cause()
ray.exceptions.RayTaskError(TypeError): [36mray::PPOActor.init_server()[39m (pid=1745238, ip=192.168.15.10, actor_id=073b562c00fd5f6f200a53d701000000, repr=<alphagrad.approx.ppo_ray_actors.PPOActor object at 0x73244b7c1550>)
  File "/Users/assmuth/dsnn/alphagrad/src/alphagrad/approx/ppo_ray_actors.py", line 59, in init_server
    self.init_worker(cpu_workers)
    ~~~~~~~~~~~~~~~~^^^^^^^^^^^^^
  File "/Users/assmuth/dsnn/alphagrad/src/alphagrad/approx/ppo_ray_actors.py", line 34, in init_worker
    self._impl = PPORayWorker(
                 ~~~~~~~~~~~~^
        self.args_dict, seed=self.seed, cpu_workers=cpu_workers,
        ^^^^^^^^^^^^^^^^^^^^^^^^^^^^^^^^^^^^^^^^^^^^^^^^^^^^^^^^
    )
    ^
  File "/Users/assmuth/dsnn/alphagrad/src/alphagrad/approx/ppo_ray_worker.py", line 546, in __init__
    env = VertexEliminationEnv.from_jaxpr(
        closed_jaxpr,
    ...<14 lines>...
        quality_rewarded=_quality_is_rewarded(self.args),
    )
TypeError: VertexEliminationEnv.from_jaxpr() got an unexpected keyword argument 'measure_grad'
[1;34mwandb[0m: 
[1;34mwandb[0m: 🚀 View run [33msmoke_exact_mlp_lat_mem[0m at: [34mhttps://wandb.ai/dll-streetview/dsnn-vertex/runs/pqxie0q0[0m
[1;34mwandb[0m: Find logs at: [1;35mwandb/run-20260724_071047-pqxie0q0/logs[0m
[33m(raylet)[0m It looks like you're creating a detached actor in an anonymous namespace. In order to access this actor in the future, you will need to explicitly connect to this namespace with ray.init(namespace="b980b0f5-e0a9-40f0-9f89-ae963a4e99e6", ...)
[36m(CpuApproximationActor pid=1745241)[0m Exception raised in creation task: The actor died because of an error raised in its creation task, [36mray::CpuApproximationActor.__init__()[39m (pid=1745241, ip=192.168.15.10, actor_id=97d3aecca8a74e2f410c143601000000, repr=<alphagrad.approx.cpu_approx_actors.CpuApproximationActor object at 0x7a1ea0293380>)[32m [repeated 2x across cluster][0m
[36m(CpuApproximationActor pid=1745241)[0m   File "/Users/assmuth/dsnn/alphagrad/src/alphagrad/approx/cpu_approx_actors.py", line 182, in __init__[32m [repeated 2x across cluster][0m
[36m(CpuApproximationActor pid=1745241)[0m     self._impl = CpuApproximationServer.from_args_dict([32m [repeated 2x across cluster][0m
[36m(CpuApproximationActor pid=1745241)[0m                  ~~~~~~~~~~~~~~~~~~~~~~~~~~~~~~~~~~~~~^[32m [repeated 2x across cluster][0m
[36m(CpuApproximationActor pid=1745241)[0m         args_dict, variant=variant, seed=seed,[32m [repeated 2x across cluster][0m
[36m(CpuApproximationActor pid=1745241)[0m         ^^^^^^^^^^^^^^^^^^^^^^^^^^^^^^^^^^^^^^[32m [repeated 2x across cluster][0m
[36m(CpuApproximationActor pid=1745241)[0m     )[32m [repeated 4x across cluster][0m
[36m(CpuApproximationActor pid=1745241)[0m     ^[32m [repeated 2x across cluster][0m
[36m(CpuApproximationActor pid=1745241)[0m   File "/Users/assmuth/dsnn/alphagrad/src/alphagrad/approx/cpu_approx_worker.py", line 195, in from_args_dict[32m [repeated 2x across cluster][0m
[36m(CpuApproximationActor pid=1745241)[0m     env = _build_env_from_args(args_dict, variant, seed=seed)[32m [repeated 2x across cluster][0m
[36m(CpuApproximationActor pid=1745241)[0m   File "/Users/assmuth/dsnn/alphagrad/src/alphagrad/approx/cpu_approx_worker.py", line 701, in _build_env_from_args[32m [repeated 2x across cluster][0m
[36m(CpuApproximationActor pid=1745241)[0m     env = VertexEliminationEnv.from_jaxpr([32m [repeated 2x across cluster][0m
[36m(CpuApproximationActor pid=1745241)[0m         closed_jaxpr,[32m [repeated 2x across cluster][0m
[36m(CpuApproximationActor pid=1745241)[0m     ...<37 lines>...[32m [repeated 2x across cluster][0m
[36m(CpuApproximationActor pid=1745241)[0m         quality_rewarded=_quality_is_rewarded(args),[32m [repeated 2x across cluster][0m
[36m(CpuApproximationActor pid=1745241)[0m TypeError: VertexEliminationEnv.from_jaxpr() got an unexpected keyword argument 'latency_samples'[32m [repeated 2x across cluster][0m
=== PHASE lat_mem RC=1 Fri Jul 24 07:10:59 AM UTC 2026 ===
[log_to_csv] no ep= rows in campaign_exp/smoke_exact_mlp_lat_mem/run.log
  (csv export failed)
=== PHASE flops START Fri Jul 24 07:10:59 AM UTC 2026 ===
2026-07-24 07:11:03,709	INFO worker.py:2012 -- Started a local Ray instance.
/Users/assmuth/dsnn/.venv/lib/python3.13/site-packages/ray/_private/worker.py:2051: FutureWarning: Tip: In future versions of Ray, Ray will no longer override accelerator visible devices env var if num_gpus=0 or num_gpus=None (default). To enable this behavior and turn off this error message, set RAY_ACCEL_ENV_VAR_OVERRIDE_ON_ZERO=0
  warnings.warn(
wandb: Loading settings from /Users/assmuth/.config/wandb/settings
wandb: [wandb.login()] Loaded credentials for https://api.wandb.ai from /Users/assmuth/.netrc.
wandb: Currently logged in as: florian-assmuth (dll-streetview) to https://api.wandb.ai. Use `wandb login --relogin` to force relogin
wandb: WARNING Using a boolean value for 'reinit' is deprecated. Use 'return_previous' or 'finish_previous' instead.
wandb: setting up run bu5mvp1o
wandb: Tracking run with wandb version 0.25.0
wandb: Run data is saved locally in /Users/assmuth/dsnn/alphagrad/wandb/run-20260724_071104-bu5mvp1o
wandb: Run `wandb offline` to turn off syncing.
wandb: Syncing run smoke_exact_mlp_flops
wandb: ⭐️ View project at https://wandb.ai/dll-streetview/dsnn-vertex
wandb: 🚀 View run at https://wandb.ai/dll-streetview/dsnn-vertex/runs/bu5mvp1o
[33m(raylet)[0m It looks like you're creating a detached actor in an anonymous namespace. In order to access this actor in the future, you will need to explicitly connect to this namespace with ray.init(namespace="6cc02d67-65ac-4410-9aed-849462bc23fc", ...)
[36m(PPOActor pid=1747355)[0m /Users/assmuth/dsnn/.venv/lib/python3.13/site-packages/jaxlib/plugin_support.py:92: RuntimeWarning: JAX plugin jax_cuda12_plugin version 0.10.1.dev0+selfbuilt is installed, but it is not compatible with the installed jaxlib version 0.11.0, so it will not be used.
[36m(PPOActor pid=1747355)[0m   warnings.warn(
Traceback (most recent call last):
  File "/Users/assmuth/dsnn/alphagrad/src/alphagrad/approx/ppo_ray.py", line 776, in <module>
    sys.exit(main())
             ~~~~^^
  File "/Users/assmuth/dsnn/alphagrad/src/alphagrad/approx/ppo_ray.py", line 770, in main
    rc = _run(args)
  File "/Users/assmuth/dsnn/alphagrad/src/alphagrad/approx/ppo_ray.py", line 283, in _run
    ray.get(actor.init_server.remote(
    ~~~~~~~^^^^^^^^^^^^^^^^^^^^^^^^^^
        cpu_workers,
        ^^^^^^^^^^^^
    ...<5 lines>...
        starting_actor_id=int(args.num_cpu_workers),
        ^^^^^^^^^^^^^^^^^^^^^^^^^^^^^^^^^^^^^^^^^^^^
    ))
    ^^
  File "/Users/assmuth/dsnn/.venv/lib/python3.13/site-packages/ray/_private/auto_init_hook.py", line 22, in auto_init_wrapper
    return fn(*args, **kwargs)
  File "/Users/assmuth/dsnn/.venv/lib/python3.13/site-packages/ray/_private/client_mode_hook.py", line 107, in wrapper
    return func(*args, **kwargs)
  File "/Users/assmuth/dsnn/.venv/lib/python3.13/site-packages/ray/_private/worker.py", line 2980, in get
    values, debugger_breakpoint = worker.get_objects(
                                  ~~~~~~~~~~~~~~~~~~^
        object_refs, timeout, use_object_store=_use_object_store
        ^^^^^^^^^^^^^^^^^^^^^^^^^^^^^^^^^^^^^^^^^^^^^^^^^^^^^^^^
    )
    ^
  File "/Users/assmuth/dsnn/.venv/lib/python3.13/site-packages/ray/_private/worker.py", line 1023, in get_objects
    raise value.as_instanceof_cause()
ray.exceptions.RayTaskError(TypeError): [36mray::PPOActor.init_server()[39m (pid=1747355, ip=192.168.15.10, actor_id=b8db807e8f40ffe15419e86501000000, repr=<alphagrad.approx.ppo_ray_actors.PPOActor object at 0x75efc1bb9550>)
  File "/Users/assmuth/dsnn/alphagrad/src/alphagrad/approx/ppo_ray_actors.py", line 59, in init_server
    self.init_worker(cpu_workers)
    ~~~~~~~~~~~~~~~~^^^^^^^^^^^^^
  File "/Users/assmuth/dsnn/alphagrad/src/alphagrad/approx/ppo_ray_actors.py", line 34, in init_worker
    self._impl = PPORayWorker(
                 ~~~~~~~~~~~~^
        self.args_dict, seed=self.seed, cpu_workers=cpu_workers,
        ^^^^^^^^^^^^^^^^^^^^^^^^^^^^^^^^^^^^^^^^^^^^^^^^^^^^^^^^
    )
    ^
  File "/Users/assmuth/dsnn/alphagrad/src/alphagrad/approx/ppo_ray_worker.py", line 546, in __init__
    env = VertexEliminationEnv.from_jaxpr(
        closed_jaxpr,
    ...<14 lines>...
        quality_rewarded=_quality_is_rewarded(self.args),
    )
TypeError: VertexEliminationEnv.from_jaxpr() got an unexpected keyword argument 'measure_grad'
Traceback (most recent call last):
  File "/Users/assmuth/dsnn/alphagrad/src/alphagrad/approx/ppo_ray.py", line 776, in <module>
    sys.exit(main())
             ~~~~^^
  File "/Users/assmuth/dsnn/alphagrad/src/alphagrad/approx/ppo_ray.py", line 770, in main
    rc = _run(args)
  File "/Users/assmuth/dsnn/alphagrad/src/alphagrad/approx/ppo_ray.py", line 283, in _run
    ray.get(actor.init_server.remote(
    ~~~~~~~^^^^^^^^^^^^^^^^^^^^^^^^^^
        cpu_workers,
        ^^^^^^^^^^^^
    ...<5 lines>...
        starting_actor_id=int(args.num_cpu_workers),
        ^^^^^^^^^^^^^^^^^^^^^^^^^^^^^^^^^^^^^^^^^^^^
    ))
    ^^
  File "/Users/assmuth/dsnn/.venv/lib/python3.13/site-packages/ray/_private/auto_init_hook.py", line 22, in auto_init_wrapper
    return fn(*args, **kwargs)
  File "/Users/assmuth/dsnn/.venv/lib/python3.13/site-packages/ray/_private/client_mode_hook.py", line 107, in wrapper
    return func(*args, **kwargs)
  File "/Users/assmuth/dsnn/.venv/lib/python3.13/site-packages/ray/_private/worker.py", line 2980, in get
    values, debugger_breakpoint = worker.get_objects(
                                  ~~~~~~~~~~~~~~~~~~^
        object_refs, timeout, use_object_store=_use_object_store
        ^^^^^^^^^^^^^^^^^^^^^^^^^^^^^^^^^^^^^^^^^^^^^^^^^^^^^^^^
    )
    ^
  File "/Users/assmuth/dsnn/.venv/lib/python3.13/site-packages/ray/_private/worker.py", line 1023, in get_objects
    raise value.as_instanceof_cause()
ray.exceptions.RayTaskError(TypeError): [36mray::PPOActor.init_server()[39m (pid=1747355, ip=192.168.15.10, actor_id=b8db807e8f40ffe15419e86501000000, repr=<alphagrad.approx.ppo_ray_actors.PPOActor object at 0x75efc1bb9550>)
  File "/Users/assmuth/dsnn/alphagrad/src/alphagrad/approx/ppo_ray_actors.py", line 59, in init_server
    self.init_worker(cpu_workers)
    ~~~~~~~~~~~~~~~~^^^^^^^^^^^^^
  File "/Users/assmuth/dsnn/alphagrad/src/alphagrad/approx/ppo_ray_actors.py", line 34, in init_worker
    self._impl = PPORayWorker(
                 ~~~~~~~~~~~~^
        self.args_dict, seed=self.seed, cpu_workers=cpu_workers,
        ^^^^^^^^^^^^^^^^^^^^^^^^^^^^^^^^^^^^^^^^^^^^^^^^^^^^^^^^
    )
    ^
  File "/Users/assmuth/dsnn/alphagrad/src/alphagrad/approx/ppo_ray_worker.py", line 546, in __init__
    env = VertexEliminationEnv.from_jaxpr(
        closed_jaxpr,
    ...<14 lines>...
        quality_rewarded=_quality_is_rewarded(self.args),
    )
TypeError: VertexEliminationEnv.from_jaxpr() got an unexpected keyword argument 'measure_grad'
[36m(CpuApproximationActor pid=1747357)[0m Exception raised in creation task: The actor died because of an error raised in its creation task, [36mray::CpuApproximationActor.__init__()[39m (pid=1747357, ip=192.168.15.10, actor_id=236d35e81de26d4d50c0507d01000000, repr=<alphagrad.approx.cpu_approx_actors.CpuApproximationActor object at 0x7719e41b3380>)
[36m(CpuApproximationActor pid=1747357)[0m   File "/Users/assmuth/dsnn/alphagrad/src/alphagrad/approx/cpu_approx_actors.py", line 182, in __init__
[36m(CpuApproximationActor pid=1747357)[0m     self._impl = CpuApproximationServer.from_args_dict(
[36m(CpuApproximationActor pid=1747357)[0m                  ~~~~~~~~~~~~~~~~~~~~~~~~~~~~~~~~~~~~~^
[36m(CpuApproximationActor pid=1747357)[0m         args_dict, variant=variant, seed=seed,
[36m(CpuApproximationActor pid=1747357)[0m         ^^^^^^^^^^^^^^^^^^^^^^^^^^^^^^^^^^^^^^
[36m(CpuApproximationActor pid=1747357)[0m     )
[36m(CpuApproximationActor pid=1747357)[0m     ^
[36m(CpuApproximationActor pid=1747357)[0m   File "/Users/assmuth/dsnn/alphagrad/src/alphagrad/approx/cpu_approx_worker.py", line 195, in from_args_dict
[36m(CpuApproximationActor pid=1747357)[0m     env = _build_env_from_args(args_dict, variant, seed=seed)
[36m(CpuApproximationActor pid=1747357)[0m   File "/Users/assmuth/dsnn/alphagrad/src/alphagrad/approx/cpu_approx_worker.py", line 701, in _build_env_from_args
[36m(CpuApproximationActor pid=1747357)[0m     env = VertexEliminationEnv.from_jaxpr(
[36m(CpuApproximationActor pid=1747357)[0m         closed_jaxpr,
[36m(CpuApproximationActor pid=1747357)[0m     ...<37 lines>...
[36m(CpuApproximationActor pid=1747357)[0m         quality_rewarded=_quality_is_rewarded(args),
[36m(CpuApproximationActor pid=1747357)[0m     )socket.send() raised exception.
socket.send() raised exception.
socket.send() raised exception.
socket.send() raised exception.

[36m(CpuApproximationActor pid=1747357)[0m TypeError: VertexEliminationEnv.from_jaxpr() got an unexpected keyword argument 'latency_samples'
[1;34mwandb[0m: 
[1;34mwandb[0m: 🚀 View run [33msmoke_exact_mlp_flops[0m at: [34mhttps://wandb.ai/dll-streetview/dsnn-vertex/runs/bu5mvp1o[0m
[1;34mwandb[0m: Find logs at: [1;35mwandb/run-20260724_071104-bu5mvp1o/logs[0m
[33m(raylet)[0m It looks like you're creating a detached actor in an anonymous namespace. In order to access this actor in the future, you will need to explicitly connect to this namespace with ray.init(namespace="6cc02d67-65ac-4410-9aed-849462bc23fc", ...)
[36m(CpuApproximationActor pid=1747358)[0m /Users/assmuth/dsnn/.venv/lib/python3.13/site-packages/jaxlib/plugin_support.py:92: RuntimeWarning: JAX plugin jax_cuda12_plugin version 0.10.1.dev0+selfbuilt is installed, but it is not compatible with the installed jaxlib version 0.11.0, so it will not be used.[32m [repeated 3x across cluster] (Ray deduplicates logs by default. Set RAY_DEDUP_LOGS=0 to disable log deduplication, or see https://docs.ray.io/en/master/ray-observability/user-guides/configure-logging.html#log-deduplication for more options.)[0m
[36m(CpuApproximationActor pid=1747358)[0m   warnings.warn([32m [repeated 3x across cluster][0m
[36m(CpuApproximationActor pid=1747356)[0m Exception raised in creation task: The actor died because of an error raised in its creation task, [36mray::CpuApproximationActor.__init__()[39m (pid=1747356, ip=192.168.15.10, actor_id=73665ce3b1ff6bf70bbf32b701000000, repr=<alphagrad.approx.cpu_approx_actors.CpuApproximationActor object at 0x706e1c1af380>)[32m [repeated 2x across cluster][0m
[36m(CpuApproximationActor pid=1747356)[0m   File "/Users/assmuth/dsnn/alphagrad/src/alphagrad/approx/cpu_approx_actors.py", line 182, in __init__[32m [repeated 2x across cluster][0m
[36m(CpuApproximationActor pid=1747356)[0m     self._impl = CpuApproximationServer.from_args_dict([32m [repeated 2x across cluster][0m
[36m(CpuApproximationActor pid=1747356)[0m                  ~~~~~~~~~~~~~~~~~~~~~~~~~~~~~~~~~~~~~^[32m [repeated 2x across cluster][0m
[36m(CpuApproximationActor pid=1747356)[0m         args_dict, variant=variant, seed=seed,[32m [repeated 2x across cluster][0m
[36m(CpuApproximationActor pid=1747356)[0m         ^^^^^^^^^^^^^^^^^^^^^^^^^^^^^^^^^^^^^^[32m [repeated 2x across cluster][0m
[36m(CpuApproximationActor pid=1747356)[0m     )[32m [repeated 4x across cluster][0m
[36m(CpuApproximationActor pid=1747356)[0m     ^[32m [repeated 2x across cluster][0m
[36m(CpuApproximationActor pid=1747356)[0m   File "/Users/assmuth/dsnn/alphagrad/src/alphagrad/approx/cpu_approx_worker.py", line 195, in from_args_dict[32m [repeated 2x across cluster][0m
[36m(CpuApproximationActor pid=1747356)[0m     env = _build_env_from_args(args_dict, variant, seed=seed)[32m [repeated 2x across cluster][0m
[36m(CpuApproximationActor pid=1747356)[0m   File "/Users/assmuth/dsnn/alphagrad/src/alphagrad/approx/cpu_approx_worker.py", line 701, in _build_env_from_args[32m [repeated 2x across cluster][0m
[36m(CpuApproximationActor pid=1747356)[0m     env = VertexEliminationEnv.from_jaxpr([32m [repeated 2x across cluster][0m
[36m(CpuApproximationActor pid=1747356)[0m         closed_jaxpr,[32m [repeated 2x across cluster][0m
[36m(CpuApproximationActor pid=1747356)[0m     ...<37 lines>...[32m [repeated 2x across cluster][0m
[36m(CpuApproximationActor pid=1747356)[0m         quality_rewarded=_quality_is_rewarded(args),[32m [repeated 2x across cluster][0m
[36m(CpuApproximationActor pid=1747356)[0m TypeError: VertexEliminationEnv.from_jaxpr() got an unexpected keyword argument 'latency_samples'[32m [repeated 2x across cluster][0m
=== PHASE flops RC=1 Fri Jul 24 07:11:13 AM UTC 2026 ===
[log_to_csv] no ep= rows in campaign_exp/smoke_exact_mlp_flops/run.log
  (csv export failed)
=== ALL PHASES DONE (FAILED=1) Fri Jul 24 07:11:13 AM UTC 2026 ===
