=== node=pgi15-gpu9.iff.kfa-juelich.de gpus=2 ===
/Users/assmuth/dsnn/.venv/lib/python3.13/site-packages/jaxlib/plugin_support.py:92: RuntimeWarning: JAX plugin jax_cuda12_plugin version 0.10.1.dev0+selfbuilt is installed, but it is not compatible with the installed jaxlib version 0.11.0, so it will not be used.
  warnings.warn(
[train_lean] {'commit/alphagrad': 'dbd6b61', 'commit/graphax': 'eb6ad3e', 'commit/dsnn': '4cf29af'}
wandb: Loading settings from /Users/assmuth/.config/wandb/settings
wandb: Tracking run with wandb version 0.25.0
wandb: W&B syncing is set to `offline` in this directory. Run `wandb online` or set WANDB_MODE=online to enable cloud syncing.
wandb: Run data is saved locally in /Users/assmuth/dsnn/alphagrad/wandb/offline-run-20260724_133907-a8xyqisn
[train_lean] backend: gpu-kernel
W0724 13:39:09.195015  159209 text_format.cc:393] Warning parsing text-format xla.TritonGemmConfigsProto: 15:53 (N = 1): text format contains deprecated field "split_k"
W0724 13:39:09.195036  159209 text_format.cc:393] Warning parsing text-format xla.TritonGemmConfigsProto: 16:53 (N = 2): text format contains deprecated field "split_k"
W0724 13:39:09.195043  159209 text_format.cc:393] Warning parsing text-format xla.TritonGemmConfigsProto: 18:53 (N = 4): text format contains deprecated field "split_k"
W0724 13:39:09.195052  159209 text_format.cc:393] Warning parsing text-format xla.TritonGemmConfigsProto: 22:53 (N = 8): text format contains deprecated field "split_k"
W0724 13:39:09.195066  159209 text_format.cc:393] Warning parsing text-format xla.TritonGemmConfigsProto: 30:53 (N = 16): text format contains deprecated field "split_k"
W0724 13:39:09.195095  159209 text_format.cc:393] Warning parsing text-format xla.TritonGemmConfigsProto: 16:52 (N = 32): text format contains deprecated field "split_k"
W0724 13:39:09.195144  159209 text_format.cc:393] Warning parsing text-format xla.TritonGemmConfigsProto: 48:53 (N = 64): text format contains deprecated field "split_k"
W0724 13:39:09.195240  159209 text_format.cc:393] Warning parsing text-format xla.TritonGemmConfigsProto: 78:53 (N = 128): text format contains deprecated field "split_k"
W0724 13:39:09.195424  159209 text_format.cc:393] Warning parsing text-format xla.TritonGemmConfigsProto: 36:55 (N = 256): text format contains deprecated field "split_k"
Traceback (most recent call last):
  File "/Users/assmuth/dsnn/alphagrad/src/alphagrad/approx/train_lean.py", line 163, in <module>
    main()
    ~~~~^^
  File "/Users/assmuth/dsnn/alphagrad/src/alphagrad/approx/train_lean.py", line 153, in main
    r = rollout(env, agent, tables, rk)
  File "/Users/assmuth/dsnn/alphagrad/src/alphagrad/approx/train_lean.py", line 109, in rollout
    (actions, *_r) = agent.micro_action_policy.sample(
                     ~~~~~~~~~~~~~~~~~~~~~~~~~~~~~~~~^
        vctx[v], feats, tables, k_m, pair_valid=None, compress_valid=None)
        ^^^^^^^^^^^^^^^^^^^^^^^^^^^^^^^^^^^^^^^^^^^^^^^^^^^^^^^^^^^^^^^^^^
  File "/Users/assmuth/dsnn/.venv/lib/python3.13/site-packages/equinox/_module/_prebuilt.py", line 34, in __call__
    return self.__func__(self.__self__, *args, **kwargs)
           ~~~~~~~~~~~~~^^^^^^^^^^^^^^^^^^^^^^^^^^^^^^^^
TypeError: MicroActionPolicy.sample() got an unexpected keyword argument 'pair_valid'
[1;34mwandb[0m: 
[1;34mwandb[0m: You can sync this run to the cloud by running:
[1;34mwandb[0m: [1mwandb sync /Users/assmuth/dsnn/alphagrad/wandb/offline-run-20260724_133907-a8xyqisn[0m
[1;34mwandb[0m: Find logs at: [1;35mwandb/offline-run-20260724_133907-a8xyqisn/logs[0m
=== RC=1 ===
