/Users/assmuth/dsnn/.venv/lib/python3.13/site-packages/jaxlib/plugin_support.py:92: RuntimeWarning: JAX plugin jax_cuda12_plugin version 0.10.1.dev0+selfbuilt is installed, but it is not compatible with the installed jaxlib version 0.11.0, so it will not be used.
  warnings.warn(
[train_lean] {'commit/alphagrad': '522a757', 'commit/graphax': 'eb6ad3e', 'commit/dsnn': '4cf29af'}
wandb: Loading settings from /Users/assmuth/.config/wandb/settings
wandb: Tracking run with wandb version 0.25.0
wandb: W&B syncing is set to `offline` in this directory. Run `wandb online` or set WANDB_MODE=online to enable cloud syncing.
wandb: Run data is saved locally in /Users/assmuth/dsnn/alphagrad/wandb/offline-run-20260724_105524-klbmxwri
W0724 10:55:25.648902 3902294 text_format.cc:393] Warning parsing text-format xla.TritonGemmConfigsProto: 15:53 (N = 1): text format contains deprecated field "split_k"
W0724 10:55:25.648924 3902294 text_format.cc:393] Warning parsing text-format xla.TritonGemmConfigsProto: 16:53 (N = 2): text format contains deprecated field "split_k"
W0724 10:55:25.648930 3902294 text_format.cc:393] Warning parsing text-format xla.TritonGemmConfigsProto: 18:53 (N = 4): text format contains deprecated field "split_k"
W0724 10:55:25.648938 3902294 text_format.cc:393] Warning parsing text-format xla.TritonGemmConfigsProto: 22:53 (N = 8): text format contains deprecated field "split_k"
W0724 10:55:25.648950 3902294 text_format.cc:393] Warning parsing text-format xla.TritonGemmConfigsProto: 30:53 (N = 16): text format contains deprecated field "split_k"
W0724 10:55:25.648975 3902294 text_format.cc:393] Warning parsing text-format xla.TritonGemmConfigsProto: 16:52 (N = 32): text format contains deprecated field "split_k"
W0724 10:55:25.649017 3902294 text_format.cc:393] Warning parsing text-format xla.TritonGemmConfigsProto: 48:53 (N = 64): text format contains deprecated field "split_k"
W0724 10:55:25.649102 3902294 text_format.cc:393] Warning parsing text-format xla.TritonGemmConfigsProto: 78:53 (N = 128): text format contains deprecated field "split_k"
W0724 10:55:25.649261 3902294 text_format.cc:393] Warning parsing text-format xla.TritonGemmConfigsProto: 36:55 (N = 256): text format contains deprecated field "split_k"
Traceback (most recent call last):
  File "/Users/assmuth/dsnn/.venv/lib/python3.13/site-packages/jax/_src/pallas/pallas_call.py", line 1352, in wrapped
    out_flat = pallas_call_p.bind(
jax._src.source_info_util.JaxStackTraceBeforeTransformation: RuntimeError: No supported GPU devices found, please specify an abstract GPU device using AbstractDevice. See jax.sharding.use_abstract_mesh method for example.

The preceding stack trace is the source of the JAX operation that, once transformed by JAX, triggered the following exception.

--------------------

The above exception was the direct cause of the following exception:

Traceback (most recent call last):
  File "/Users/assmuth/dsnn/alphagrad/src/alphagrad/approx/train_lean.py", line 136, in <module>
    main()
    ~~~~^^
  File "/Users/assmuth/dsnn/alphagrad/src/alphagrad/approx/train_lean.py", line 126, in main
    r = rollout(env, agent, tables, rk)
  File "/Users/assmuth/dsnn/alphagrad/src/alphagrad/approx/train_lean.py", line 77, in rollout
    enc_x, tok_mask = agent.encode_tokens(
                      ~~~~~~~~~~~~~~~~~~~^
        state.tokens, key=k_enc, eqn_ids=state.eqn_ids)
        ^^^^^^^^^^^^^^^^^^^^^^^^^^^^^^^^^^^^^^^^^^^^^^^
  File "/Users/assmuth/dsnn/.venv/lib/python3.13/site-packages/equinox/_module/_prebuilt.py", line 34, in __call__
    return self.__func__(self.__self__, *args, **kwargs)
           ~~~~~~~~~~~~~^^^^^^^^^^^^^^^^^^^^^^^^^^^^^^^^
  File "/Users/assmuth/dsnn/alphagrad/src/alphagrad/approx/ppo_ray_worker.py", line 342, in encode_tokens
    enc_x = self.encoder(x, eqn_ids=eqn_ids, mask=enc_mask, key=key)
  File "/Users/assmuth/dsnn/alphagrad/src/alphagrad/transformer/palimpsa_encoder.py", line 531, in __call__
    xs = layer(xs, eqn_ids=eqn_ids, mask=mask, key=jrand.fold_in(key, i))
  File "/Users/assmuth/dsnn/alphagrad/src/alphagrad/transformer/palimpsa_encoder.py", line 485, in __call__
    y = self.attn_layer(y, y, y, bias=None, mask=mask,
                        eqn_ids=eqn_ids, key=keys[0])
  File "/Users/assmuth/dsnn/alphagrad/src/alphagrad/transformer/palimpsa_encoder.py", line 210, in __call__
    out = palimpsa(
        q[None], k[None], v[None], b[None], gt[None], g, Ip,
        scale=None, chunk_size=self.chunk_size,
    )                                                    # (1, S, H, d)
  File "/Users/assmuth/dsnn/alphagrad/src/alphagrad/transformer/palimpsa_pallas.py", line 403, in palimpsa
    return palimpsa_attention(q, k, v, b, gt, g, Ip, scale, chunk_size)
  File "/Users/assmuth/dsnn/alphagrad/src/alphagrad/transformer/palimpsa_pallas.py", line 366, in palimpsa_attention
    out, _ = _palimpsa_fwd_pallas(q, k, v, b, gt, g, Ip, scale, chunk_size)
             ~~~~~~~~~~~~~~~~~~~~^^^^^^^^^^^^^^^^^^^^^^^^^^^^^^^^^^^^^^^^^^
  File "/Users/assmuth/dsnn/alphagrad/src/alphagrad/transformer/palimpsa_pallas.py", line 182, in _palimpsa_fwd_pallas
    o, state_mu, state_I = pl.pallas_call(
                           ~~~~~~~~~~~~~~~
    ...<17 lines>...
        compiler_params=_TRITON,
        ~~~~~~~~~~~~~~~~~~~~~~~~
    )(qf, kf, vf, bf, gtf, gf, Ipf)
    ~^^^^^^^^^^^^^^^^^^^^^^^^^^^^^^
  File "/Users/assmuth/dsnn/.venv/lib/python3.13/site-packages/jax/_src/pallas/pallas_call.py", line 972, in _pallas_call_lowering
    return mlir.lower_per_platform(
           ~~~~~~~~~~~~~~~~~~~~~~~^
        ctx,
        ^^^^
    ...<11 lines>...
        **params,
        ^^^^^^^^^
    )
    ^
  File "/Users/assmuth/dsnn/.venv/lib/python3.13/site-packages/jax/_src/pallas/pallas_call.py", line 911, in gpu_lowering
    return rule(ctx, *in_nodes, compiler_params=compiler_params, **params)
  File "/Users/assmuth/dsnn/.venv/lib/python3.13/site-packages/jax/_src/pallas/triton/pallas_call_registration.py", line 107, in pallas_call_lowering
    raise RuntimeError(
    ...<3 lines>...
    ) from None
RuntimeError: No supported GPU devices found, please specify an abstract GPU device using AbstractDevice. See jax.sharding.use_abstract_mesh method for example.
--------------------
For simplicity, JAX has removed its internal frames from the traceback of the following exception. Set JAX_TRACEBACK_FILTERING=off to include these.
[1;34mwandb[0m: 
[1;34mwandb[0m: You can sync this run to the cloud by running:
[1;34mwandb[0m: [1mwandb sync /Users/assmuth/dsnn/alphagrad/wandb/offline-run-20260724_105524-klbmxwri[0m
[1;34mwandb[0m: Find logs at: [1;35mwandb/offline-run-20260724_105524-klbmxwri/logs[0m
=== RC=1 ===
