=== node=pgi15-gpu9.iff.kfa-juelich.de gpus=2 ===
/Users/assmuth/dsnn/.venv/lib/python3.13/site-packages/jaxlib/plugin_support.py:92: RuntimeWarning: JAX plugin jax_cuda12_plugin version 0.10.1.dev0+selfbuilt is installed, but it is not compatible with the installed jaxlib version 0.11.0, so it will not be used.
  warnings.warn(
[train_lean] {'commit/alphagrad': '56bd191', 'commit/graphax': 'eb6ad3e', 'commit/dsnn': '4cf29af'}
wandb: Loading settings from /Users/assmuth/.config/wandb/settings
wandb: Tracking run with wandb version 0.25.0
wandb: W&B syncing is set to `offline` in this directory. Run `wandb online` or set WANDB_MODE=online to enable cloud syncing.
wandb: Run data is saved locally in /Users/assmuth/dsnn/alphagrad/wandb/offline-run-20260724_134414-civ8rxq3
[train_lean] backend: gpu-kernel
W0724 13:44:15.213109  161401 text_format.cc:393] Warning parsing text-format xla.TritonGemmConfigsProto: 15:53 (N = 1): text format contains deprecated field "split_k"
W0724 13:44:15.213130  161401 text_format.cc:393] Warning parsing text-format xla.TritonGemmConfigsProto: 16:53 (N = 2): text format contains deprecated field "split_k"
W0724 13:44:15.213138  161401 text_format.cc:393] Warning parsing text-format xla.TritonGemmConfigsProto: 18:53 (N = 4): text format contains deprecated field "split_k"
W0724 13:44:15.213146  161401 text_format.cc:393] Warning parsing text-format xla.TritonGemmConfigsProto: 22:53 (N = 8): text format contains deprecated field "split_k"
W0724 13:44:15.213159  161401 text_format.cc:393] Warning parsing text-format xla.TritonGemmConfigsProto: 30:53 (N = 16): text format contains deprecated field "split_k"
W0724 13:44:15.213188  161401 text_format.cc:393] Warning parsing text-format xla.TritonGemmConfigsProto: 16:52 (N = 32): text format contains deprecated field "split_k"
W0724 13:44:15.213238  161401 text_format.cc:393] Warning parsing text-format xla.TritonGemmConfigsProto: 48:53 (N = 64): text format contains deprecated field "split_k"
W0724 13:44:15.213334  161401 text_format.cc:393] Warning parsing text-format xla.TritonGemmConfigsProto: 78:53 (N = 128): text format contains deprecated field "split_k"
W0724 13:44:15.213514  161401 text_format.cc:393] Warning parsing text-format xla.TritonGemmConfigsProto: 36:55 (N = 256): text format contains deprecated field "split_k"
jax.io_callback failed
Traceback (most recent call last):
  File "/Users/assmuth/dsnn/graphax/src/graphax/core.py", line 1693, in _eliminate_vertex
    edge_outval = _apply_micro(edge_outval, _t)
  File "/Users/assmuth/dsnn/graphax/src/graphax/core.py", line 916, in _apply_micro
    return apply_compress(edge_outval, _t)
  File "/Users/assmuth/dsnn/graphax/src/graphax/sparse/micro_actions.py", line 70, in _wrapper
    out = fn(st, action, *a, **k)
  File "/Users/assmuth/dsnn/graphax/src/graphax/sparse/micro_actions.py", line 511, in apply_compress
    raise ValueError(
        f"Compress.axes entry {a} out of range for val.ndim = {val_ndim}."
    )
ValueError: Compress.axes entry 3 out of range for val.ndim = 3.

The above exception was the direct cause of the following exception:

Traceback (most recent call last):
  File "/Users/assmuth/dsnn/.venv/lib/python3.13/site-packages/jax/_src/callback.py", line 437, in io_callback_impl
    return tree_util.tree_map(np.asarray, callback(*args))
                                          ~~~~~~~~^^^^^^^
  File "/Users/assmuth/dsnn/.venv/lib/python3.13/site-packages/jax/_src/callback.py", line 71, in __call__
    return tree_util.tree_leaves(self.callback_func(*args, **kwargs))
                                 ~~~~~~~~~~~~~~~~~~^^^^^^^^^^^^^^^^^
  File "/Users/assmuth/dsnn/alphagrad/src/alphagrad/approx/env.py", line 1098, in _callback
    ve = extract_jaxpr(
        config.jaxpr,
    ...<5 lines>...
        transforms=transforms,
    )
  File "/Users/assmuth/dsnn/graphax/src/graphax/core.py", line 2819, in extract_jaxpr
    closed = jax.make_jaxpr(eval_graph)(*dummy_args)
  File "/Users/assmuth/dsnn/.venv/lib/python3.13/site-packages/jax/_src/traceback_util.py", line 195, in reraise_with_filtered_traceback
    return fun(*args, **kwargs)  # pyrefly: ignore[not-callable]
  File "/Users/assmuth/dsnn/.venv/lib/python3.13/site-packages/jax/_src/api.py", line 2137, in make_jaxpr_f
    traced = jit(fun, static_argnums=static_argnums).trace(*args, **kwargs)
  File "/Users/assmuth/dsnn/.venv/lib/python3.13/site-packages/jax/_src/traceback_util.py", line 195, in reraise_with_filtered_traceback
    return fun(*args, **kwargs)  # pyrefly: ignore[not-callable]
  File "/Users/assmuth/dsnn/.venv/lib/python3.13/site-packages/jax/_src/pjit.py", line 312, in jit_trace
    p, args_flat = _infer_params(jit_func._fun, jit_func._jit_info, args, kwargs)
                   ~~~~~~~~~~~~~^^^^^^^^^^^^^^^^^^^^^^^^^^^^^^^^^^^^^^^^^^^^^^^^^
  File "/Users/assmuth/dsnn/.venv/lib/python3.13/site-packages/jax/_src/pjit.py", line 652, in _infer_params
    p = _trace_for_jit(fun, ji, ctx_mesh, dbg_fn(), avals, args, kwargs)
  File "/Users/assmuth/dsnn/.venv/lib/python3.13/site-packages/jax/_src/pjit.py", line 554, in _trace_for_jit
    jaxpr, out_avals = pe.trace_to_jaxpr(fun, in_type, dbg, qdd_token)
                       ~~~~~~~~~~~~~~~~~^^^^^^^^^^^^^^^^^^^^^^^^^^^^^^
  File "/Users/assmuth/dsnn/.venv/lib/python3.13/site-packages/jax/_src/interpreters/partial_eval.py", line 2329, in trace_to_jaxpr
    return trace_to_jaxpr_nocache(
        fun,
    ...<5 lines>...
        requires_low=requires_low,
    )
  File "/Users/assmuth/dsnn/.venv/lib/python3.13/site-packages/jax/_src/interpreters/partial_eval.py", line 2290, in trace_to_jaxpr_nocache
    ans_pytree = fun(*args, **kwargs)
  File "/Users/assmuth/dsnn/graphax/src/graphax/core.py", line 2782, in eval_graph
    res = vertex_elimination_jaxpr(
        jaxpr,
    ...<5 lines>...
        transforms=_transforms,
    )
  File "/Users/assmuth/dsnn/graphax/src/graphax/core.py", line 2579, in vertex_elimination_jaxpr
    graph, _, adds, muls, fmas, mem, counts = eliminator.eliminate(
                                              ~~~~~~~~~~~~~~~~~~~~^
        order, jaxpr, transforms, vo_vertices, count_ops,
        ^^^^^^^^^^^^^^^^^^^^^^^^^^^^^^^^^^^^^^^^^^^^^^^^^
        face_transforms=face_transforms,
        ^^^^^^^^^^^^^^^^^^^^^^^^^^^^^^^^
    )
    ^
  File "/Users/assmuth/dsnn/graphax/src/graphax/core.py", line 2414, in eliminate
    _adds, _muls, _fmas, _mem = _eliminate_vertex(
                                ~~~~~~~~~~~~~~~~~^
        vertex,
        ^^^^^^^
    ...<7 lines>...
        var_vid=_var_vid,
        ^^^^^^^^^^^^^^^^^
    )
    ^
  File "/Users/assmuth/dsnn/graphax/src/graphax/core.py", line 1736, in _eliminate_vertex
    raise ValueError(
    ...<10 lines>...
    ) from _exc
ValueError: TRANSFORM DID NOT FIT at vertex 7: Compress(axes=(3,), kind='mean') on edge (in=Var(id=135924745066688):float32[64,64], out=Var(id=135924745814336):float32[16,64]) -> ValueError: Compress.axes entry 3 out of range for val.ndim = 3.. edge out_dims=[(16, None, None, 1), (64, 3, None, 0)] primal_dims=[(64, None, None, 2), (64, 1, None, 0)] val=(64, 16, 64). This transform was previously SKIPPED SILENTLY, which desyncs the two edges of a shared variable and makes a no-op approximation report cos=1.0. Mask invalid actions up front (see diag_mask/compress_mask) instead of discovering them by throwing. Set GRAPHAX_BEST_EFFORT_TRANSFORMS=1 to restore the legacy silent skip.
Traceback (most recent call last):
  File "/Users/assmuth/dsnn/alphagrad/src/alphagrad/approx/train_lean.py", line 165, in <module>
    main()
    ~~~~^^
  File "/Users/assmuth/dsnn/alphagrad/src/alphagrad/approx/train_lean.py", line 155, in main
    r = rollout(env, agent, tables, quant_mask, rk)
  File "/Users/assmuth/dsnn/alphagrad/src/alphagrad/approx/train_lean.py", line 118, in rollout
    if bool(out.terminated):
       ~~~~^^^^^^^^^^^^^^^^
  File "/Users/assmuth/dsnn/.venv/lib/python3.13/site-packages/jax/_src/array.py", line 296, in __bool__
    return bool(self._value)
                ^^^^^^^^^^^
  File "/Users/assmuth/dsnn/.venv/lib/python3.13/site-packages/jax/_src/profiler.py", line 420, in wrapper
    return func(*args, **kwargs)
  File "/Users/assmuth/dsnn/.venv/lib/python3.13/site-packages/jax/_src/array.py", line 642, in _value
    npy_value, did_copy = self._single_device_array_to_np_array_did_copy()
                          ~~~~~~~~~~~~~~~~~~~~~~~~~~~~~~~~~~~~~~~~~~~~~~^^
jax.errors.JaxRuntimeError: INTERNAL: CpuCallback error calling callback: Traceback (most recent call last):
  File "/Users/assmuth/dsnn/alphagrad/src/alphagrad/approx/train_lean.py", line 165, in <module>
  File "/Users/assmuth/dsnn/alphagrad/src/alphagrad/approx/train_lean.py", line 155, in main
  File "/Users/assmuth/dsnn/alphagrad/src/alphagrad/approx/train_lean.py", line 115, in rollout
  File "/Users/assmuth/dsnn/.venv/lib/python3.13/site-packages/jax/_src/traceback_util.py", line 195, in reraise_with_filtered_traceback
  File "/Users/assmuth/dsnn/.venv/lib/python3.13/site-packages/jax/_src/pjit.py", line 266, in cache_miss
  File "/Users/assmuth/dsnn/.venv/lib/python3.13/site-packages/jax/_src/pjit.py", line 142, in _run_python_pjit
  File "/Users/assmuth/dsnn/.venv/lib/python3.13/site-packages/jax/_src/pjit.py", line 1222, in _pjit_call_impl_python
  File "/Users/assmuth/dsnn/.venv/lib/python3.13/site-packages/jax/_src/profiler.py", line 420, in wrapper
  File "/Users/assmuth/dsnn/.venv/lib/python3.13/site-packages/jax/_src/interpreters/pxla.py", line 413, in __call__
  File "/Users/assmuth/dsnn/.venv/lib/python3.13/site-packages/jax/_src/callback.py", line 816, in _wrapped_callback
  File "/Users/assmuth/dsnn/.venv/lib/python3.13/site-packages/jax/_src/callback.py", line 494, in _callback
  File "/Users/assmuth/dsnn/.venv/lib/python3.13/site-packages/jax/_src/callback.py", line 440, in io_callback_impl
  File "/Users/assmuth/dsnn/.venv/lib/python3.13/site-packages/jax/_src/callback.py", line 71, in __call__
  File "/Users/assmuth/dsnn/alphagrad/src/alphagrad/approx/env.py", line 1098, in _callback
  File "/Users/assmuth/dsnn/graphax/src/graphax/core.py", line 2830, in extract_jaxpr
  File "/Users/assmuth/dsnn/.venv/lib/python3.13/site-packages/jax/_src/traceback_util.py", line 199, in reraise_with_filtered_traceback
  File "/Users/assmuth/dsnn/.venv/lib/python3.13/site-packages/jax/_src/api.py", line 2137, in make_jaxpr_f
  File "/Users/assmuth/dsnn/.venv/lib/python3.13/site-packages/jax/_src/traceback_util.py", line 199, in reraise_with_filtered_traceback
  File "/Users/assmuth/dsnn/.venv/lib/python3.13/site-packages/jax/_src/pjit.py", line 312, in jit_trace
  File "/Users/assmuth/dsnn/.venv/lib/python3.13/site-packages/jax/_src/pjit.py", line 652, in _infer_params
  File "/Users/assmuth/dsnn/.venv/lib/python3.13/site-packages/jax/_src/pjit.py", line 554, in _trace_for_jit
  File "/Users/assmuth/dsnn/.venv/lib/python3.13/site-packages/jax/_src/interpreters/partial_eval.py", line 2329, in trace_to_jaxpr
  File "/Users/assmuth/dsnn/.venv/lib/python3.13/site-packages/jax/_src/interpreters/partial_eval.py", line 2290, in trace_to_jaxpr_nocache
  File "/Users/assmuth/dsnn/graphax/src/graphax/core.py", line 2782, in eval_graph
  File "/Users/assmuth/dsnn/graphax/src/graphax/core.py", line 2584, in vertex_elimination_jaxpr
  File "/Users/assmuth/dsnn/graphax/src/graphax/core.py", line 2414, in eliminate
  File "/Users/assmuth/dsnn/graphax/src/graphax/core.py", line 1736, in _eliminate_vertex
ValueError: TRANSFORM DID NOT FIT at vertex 7: Compress(axes=(3,), kind='mean') on edge (in=Var(id=135924745066688):float32[64,64], out=Var(id=135924745814336):float32[16,64]) -> ValueError: Compress.axes entry 3 out of range for val.ndim = 3.. edge out_dims=[(16, None, None, 1), (64, 3, None, 0)] primal_dims=[(64, None, None, 2), (64, 1, None, 0)] val=(64, 16, 64). This transform was previously SKIPPED SILENTLY, which desyncs the two edges of a shared variable and makes a no-op approximation report cos=1.0. Mask invalid actions up front (see diag_mask/compress_mask) instead of discovering them by throwing. Set GRAPHAX_BEST_EFFORT_TRANSFORMS=1 to restore the legacy silent skip. [executable_name='jit_step']
[1;34mwandb[0m: 
[1;34mwandb[0m: You can sync this run to the cloud by running:
[1;34mwandb[0m: [1mwandb sync /Users/assmuth/dsnn/alphagrad/wandb/offline-run-20260724_134414-civ8rxq3[0m
[1;34mwandb[0m: Find logs at: [1;35mwandb/offline-run-20260724_134414-civ8rxq3/logs[0m
Exception ignored in atexit callback <function clean_up at 0x7ba630e2d080>:
Traceback (most recent call last):
  File "/Users/assmuth/dsnn/.venv/lib/python3.13/site-packages/jax/_src/api.py", line 2765, in clean_up
    clear_backends(_crash=True)
  File "/Users/assmuth/dsnn/.venv/lib/python3.13/site-packages/jax/_src/api.py", line 2741, in clear_backends
    effects_barrier()
  File "/Users/assmuth/dsnn/.venv/lib/python3.13/site-packages/jax/_src/api.py", line 2664, in effects_barrier
    dispatch.runtime_tokens.block_until_ready()
  File "/Users/assmuth/dsnn/.venv/lib/python3.13/site-packages/jax/_src/dispatch.py", line 171, in block_until_ready
    token.block_until_ready()
jax.errors.JaxRuntimeError: INTERNAL: CpuCallback error calling callback: Traceback (most recent call last):
  File "/Users/assmuth/dsnn/alphagrad/src/alphagrad/approx/train_lean.py", line 165, in <module>
  File "/Users/assmuth/dsnn/alphagrad/src/alphagrad/approx/train_lean.py", line 155, in main
  File "/Users/assmuth/dsnn/alphagrad/src/alphagrad/approx/train_lean.py", line 115, in rollout
  File "/Users/assmuth/dsnn/.venv/lib/python3.13/site-packages/jax/_src/traceback_util.py", line 195, in reraise_with_filtered_traceback
  File "/Users/assmuth/dsnn/.venv/lib/python3.13/site-packages/jax/_src/pjit.py", line 266, in cache_miss
  File "/Users/assmuth/dsnn/.venv/lib/python3.13/site-packages/jax/_src/pjit.py", line 142, in _run_python_pjit
  File "/Users/assmuth/dsnn/.venv/lib/python3.13/site-packages/jax/_src/pjit.py", line 1222, in _pjit_call_impl_python
  File "/Users/assmuth/dsnn/.venv/lib/python3.13/site-packages/jax/_src/profiler.py", line 420, in wrapper
  File "/Users/assmuth/dsnn/.venv/lib/python3.13/site-packages/jax/_src/interpreters/pxla.py", line 413, in __call__
  File "/Users/assmuth/dsnn/.venv/lib/python3.13/site-packages/jax/_src/callback.py", line 816, in _wrapped_callback
  File "/Users/assmuth/dsnn/.venv/lib/python3.13/site-packages/jax/_src/callback.py", line 494, in _callback
  File "/Users/assmuth/dsnn/.venv/lib/python3.13/site-packages/jax/_src/callback.py", line 440, in io_callback_impl
  File "/Users/assmuth/dsnn/.venv/lib/python3.13/site-packages/jax/_src/callback.py", line 71, in __call__
  File "/Users/assmuth/dsnn/alphagrad/src/alphagrad/approx/env.py", line 1098, in _callback
  File "/Users/assmuth/dsnn/graphax/src/graphax/core.py", line 2830, in extract_jaxpr
  File "/Users/assmuth/dsnn/.venv/lib/python3.13/site-packages/jax/_src/traceback_util.py", line 199, in reraise_with_filtered_traceback
  File "/Users/assmuth/dsnn/.venv/lib/python3.13/site-packages/jax/_src/api.py", line 2137, in make_jaxpr_f
  File "/Users/assmuth/dsnn/.venv/lib/python3.13/site-packages/jax/_src/traceback_util.py", line 199, in reraise_with_filtered_traceback
  File "/Users/assmuth/dsnn/.venv/lib/python3.13/site-packages/jax/_src/pjit.py", line 312, in jit_trace
  File "/Users/assmuth/dsnn/.venv/lib/python3.13/site-packages/jax/_src/pjit.py", line 652, in _infer_params
  File "/Users/assmuth/dsnn/.venv/lib/python3.13/site-packages/jax/_src/pjit.py", line 554, in _trace_for_jit
  File "/Users/assmuth/dsnn/.venv/lib/python3.13/site-packages/jax/_src/interpreters/partial_eval.py", line 2329, in trace_to_jaxpr
  File "/Users/assmuth/dsnn/.venv/lib/python3.13/site-packages/jax/_src/interpreters/partial_eval.py", line 2290, in trace_to_jaxpr_nocache
  File "/Users/assmuth/dsnn/graphax/src/graphax/core.py", line 2782, in eval_graph
  File "/Users/assmuth/dsnn/graphax/src/graphax/core.py", line 2584, in vertex_elimination_jaxpr
  File "/Users/assmuth/dsnn/graphax/src/graphax/core.py", line 2414, in eliminate
  File "/Users/assmuth/dsnn/graphax/src/graphax/core.py", line 1736, in _eliminate_vertex
ValueError: TRANSFORM DID NOT FIT at vertex 7: Compress(axes=(3,), kind='mean') on edge (in=Var(id=135924745066688):float32[64,64], out=Var(id=135924745814336):float32[16,64]) -> ValueError: Compress.axes entry 3 out of range for val.ndim = 3.. edge out_dims=[(16, None, None, 1), (64, 3, None, 0)] primal_dims=[(64, None, None, 2), (64, 1, None, 0)] val=(64, 16, 64). This transform was previously SKIPPED SILENTLY, which desyncs the two edges of a shared variable and makes a no-op approximation report cos=1.0. Mask invalid actions up front (see diag_mask/compress_mask) instead of discovering them by throwing. Set GRAPHAX_BEST_EFFORT_TRANSFORMS=1 to restore the legacy silent skip. [executable_name='jit_step']
=== RC=1 ===
