/Users/assmuth/dsnn/.venv/lib/python3.13/site-packages/jaxlib/plugin_support.py:92: RuntimeWarning: JAX plugin jax_cuda12_plugin version 0.10.1.dev0+selfbuilt is installed, but it is not compatible with the installed jaxlib version 0.11.0, so it will not be used.
  warnings.warn(
[train_lean] {'commit/alphagrad': '522a757', 'commit/graphax': 'eb6ad3e', 'commit/dsnn': '4cf29af'}
wandb: Loading settings from /Users/assmuth/.config/wandb/settings
wandb: Tracking run with wandb version 0.25.0
wandb: W&B syncing is set to `offline` in this directory. Run `wandb online` or set WANDB_MODE=online to enable cloud syncing.
wandb: Run data is saved locally in /Users/assmuth/dsnn/alphagrad/wandb/offline-run-20260724_105316-krgrg8x5
W0724 10:53:17.687230 3901373 text_format.cc:393] Warning parsing text-format xla.TritonGemmConfigsProto: 15:53 (N = 1): text format contains deprecated field "split_k"
W0724 10:53:17.687253 3901373 text_format.cc:393] Warning parsing text-format xla.TritonGemmConfigsProto: 16:53 (N = 2): text format contains deprecated field "split_k"
W0724 10:53:17.687260 3901373 text_format.cc:393] Warning parsing text-format xla.TritonGemmConfigsProto: 18:53 (N = 4): text format contains deprecated field "split_k"
W0724 10:53:17.687267 3901373 text_format.cc:393] Warning parsing text-format xla.TritonGemmConfigsProto: 22:53 (N = 8): text format contains deprecated field "split_k"
W0724 10:53:17.687279 3901373 text_format.cc:393] Warning parsing text-format xla.TritonGemmConfigsProto: 30:53 (N = 16): text format contains deprecated field "split_k"
W0724 10:53:17.687304 3901373 text_format.cc:393] Warning parsing text-format xla.TritonGemmConfigsProto: 16:52 (N = 32): text format contains deprecated field "split_k"
W0724 10:53:17.687347 3901373 text_format.cc:393] Warning parsing text-format xla.TritonGemmConfigsProto: 48:53 (N = 64): text format contains deprecated field "split_k"
W0724 10:53:17.687432 3901373 text_format.cc:393] Warning parsing text-format xla.TritonGemmConfigsProto: 78:53 (N = 128): text format contains deprecated field "split_k"
W0724 10:53:17.687592 3901373 text_format.cc:393] Warning parsing text-format xla.TritonGemmConfigsProto: 36:55 (N = 256): text format contains deprecated field "split_k"
jax.io_callback failed
Traceback (most recent call last):
  File "/Users/assmuth/dsnn/.venv/lib/python3.13/site-packages/jax/_src/callback.py", line 437, in io_callback_impl
    return tree_util.tree_map(np.asarray, callback(*args))
                                          ~~~~~~~~^^^^^^^
  File "/Users/assmuth/dsnn/.venv/lib/python3.13/site-packages/jax/_src/callback.py", line 71, in __call__
    return tree_util.tree_leaves(self.callback_func(*args, **kwargs))
                                 ~~~~~~~~~~~~~~~~~~^^^^^^^^^^^^^^^^^
  File "/Users/assmuth/dsnn/alphagrad/src/alphagrad/approx/env.py", line 1098, in _callback
    ve = extract_jaxpr(
        config.jaxpr,
    ...<5 lines>...
        transforms=transforms,
    )
  File "/Users/assmuth/dsnn/graphax/src/graphax/core.py", line 2819, in extract_jaxpr
    closed = jax.make_jaxpr(eval_graph)(*dummy_args)
  File "/Users/assmuth/dsnn/.venv/lib/python3.13/site-packages/jax/_src/traceback_util.py", line 195, in reraise_with_filtered_traceback
    return fun(*args, **kwargs)  # pyrefly: ignore[not-callable]
  File "/Users/assmuth/dsnn/.venv/lib/python3.13/site-packages/jax/_src/api.py", line 2137, in make_jaxpr_f
    traced = jit(fun, static_argnums=static_argnums).trace(*args, **kwargs)
  File "/Users/assmuth/dsnn/.venv/lib/python3.13/site-packages/jax/_src/traceback_util.py", line 195, in reraise_with_filtered_traceback
    return fun(*args, **kwargs)  # pyrefly: ignore[not-callable]
  File "/Users/assmuth/dsnn/.venv/lib/python3.13/site-packages/jax/_src/pjit.py", line 312, in jit_trace
    p, args_flat = _infer_params(jit_func._fun, jit_func._jit_info, args, kwargs)
                   ~~~~~~~~~~~~~^^^^^^^^^^^^^^^^^^^^^^^^^^^^^^^^^^^^^^^^^^^^^^^^^
  File "/Users/assmuth/dsnn/.venv/lib/python3.13/site-packages/jax/_src/pjit.py", line 652, in _infer_params
    p = _trace_for_jit(fun, ji, ctx_mesh, dbg_fn(), avals, args, kwargs)
  File "/Users/assmuth/dsnn/.venv/lib/python3.13/site-packages/jax/_src/pjit.py", line 554, in _trace_for_jit
    jaxpr, out_avals = pe.trace_to_jaxpr(fun, in_type, dbg, qdd_token)
                       ~~~~~~~~~~~~~~~~~^^^^^^^^^^^^^^^^^^^^^^^^^^^^^^
  File "/Users/assmuth/dsnn/.venv/lib/python3.13/site-packages/jax/_src/interpreters/partial_eval.py", line 2329, in trace_to_jaxpr
    return trace_to_jaxpr_nocache(
        fun,
    ...<5 lines>...
        requires_low=requires_low,
    )
  File "/Users/assmuth/dsnn/.venv/lib/python3.13/site-packages/jax/_src/interpreters/partial_eval.py", line 2290, in trace_to_jaxpr_nocache
    ans_pytree = fun(*args, **kwargs)
  File "/Users/assmuth/dsnn/graphax/src/graphax/core.py", line 2782, in eval_graph
    res = vertex_elimination_jaxpr(
        jaxpr,
    ...<5 lines>...
        transforms=_transforms,
    )
  File "/Users/assmuth/dsnn/graphax/src/graphax/core.py", line 2608, in vertex_elimination_jaxpr
    raise ValueError(
    ...<8 lines>...
    )
ValueError: jacve: the elimination order left 12 intermediate vertex/vertices with live edges un-eliminated — the dense Jacobian would silently drop every path through them (this typically means the numeric order was built from the non-inlined jaxpr; jacve inlines jit/pjit/custom_jvp bodies, which adds equations). Pass a full order or set GRAPHAX_ALLOW_PARTIAL_ORDER=1 to accept a partial Jacobian.
Traceback (most recent call last):
  File "/Users/assmuth/dsnn/.venv/lib/python3.13/site-packages/jax/_src/pallas/pallas_call.py", line 1352, in wrapped
    out_flat = pallas_call_p.bind(
jax._src.source_info_util.JaxStackTraceBeforeTransformation: RuntimeError: No supported GPU devices found, please specify an abstract GPU device using AbstractDevice. See jax.sharding.use_abstract_mesh method for example.

The preceding stack trace is the source of the JAX operation that, once transformed by JAX, triggered the following exception.

--------------------

The above exception was the direct cause of the following exception:

Traceback (most recent call last):
  File "/Users/assmuth/dsnn/alphagrad/src/alphagrad/approx/train_lean.py", line 127, in <module>
    main()
    ~~~~^^
  File "/Users/assmuth/dsnn/alphagrad/src/alphagrad/approx/train_lean.py", line 117, in main
    r = rollout(env, agent, tables, rk)
  File "/Users/assmuth/dsnn/alphagrad/src/alphagrad/approx/train_lean.py", line 68, in rollout
    enc_x, tok_mask = agent.encode_tokens(
                      ~~~~~~~~~~~~~~~~~~~^
        state.tokens, key=k_enc, eqn_ids=state.eqn_ids)
        ^^^^^^^^^^^^^^^^^^^^^^^^^^^^^^^^^^^^^^^^^^^^^^^
  File "/Users/assmuth/dsnn/.venv/lib/python3.13/site-packages/equinox/_module/_prebuilt.py", line 34, in __call__
    return self.__func__(self.__self__, *args, **kwargs)
           ~~~~~~~~~~~~~^^^^^^^^^^^^^^^^^^^^^^^^^^^^^^^^
  File "/Users/assmuth/dsnn/alphagrad/src/alphagrad/approx/ppo_ray_worker.py", line 342, in encode_tokens
    enc_x = self.encoder(x, eqn_ids=eqn_ids, mask=enc_mask, key=key)
  File "/Users/assmuth/dsnn/alphagrad/src/alphagrad/transformer/palimpsa_encoder.py", line 531, in __call__
    xs = layer(xs, eqn_ids=eqn_ids, mask=mask, key=jrand.fold_in(key, i))
  File "/Users/assmuth/dsnn/alphagrad/src/alphagrad/transformer/palimpsa_encoder.py", line 485, in __call__
    y = self.attn_layer(y, y, y, bias=None, mask=mask,
                        eqn_ids=eqn_ids, key=keys[0])
  File "/Users/assmuth/dsnn/alphagrad/src/alphagrad/transformer/palimpsa_encoder.py", line 210, in __call__
    out = palimpsa(
        q[None], k[None], v[None], b[None], gt[None], g, Ip,
        scale=None, chunk_size=self.chunk_size,
    )                                                    # (1, S, H, d)
  File "/Users/assmuth/dsnn/alphagrad/src/alphagrad/transformer/palimpsa_pallas.py", line 403, in palimpsa
    return palimpsa_attention(q, k, v, b, gt, g, Ip, scale, chunk_size)
  File "/Users/assmuth/dsnn/alphagrad/src/alphagrad/transformer/palimpsa_pallas.py", line 366, in palimpsa_attention
    out, _ = _palimpsa_fwd_pallas(q, k, v, b, gt, g, Ip, scale, chunk_size)
             ~~~~~~~~~~~~~~~~~~~~^^^^^^^^^^^^^^^^^^^^^^^^^^^^^^^^^^^^^^^^^^
  File "/Users/assmuth/dsnn/alphagrad/src/alphagrad/transformer/palimpsa_pallas.py", line 182, in _palimpsa_fwd_pallas
    o, state_mu, state_I = pl.pallas_call(
                           ~~~~~~~~~~~~~~~
    ...<17 lines>...
        compiler_params=_TRITON,
        ~~~~~~~~~~~~~~~~~~~~~~~~
    )(qf, kf, vf, bf, gtf, gf, Ipf)
    ~^^^^^^^^^^^^^^^^^^^^^^^^^^^^^^
  File "/Users/assmuth/dsnn/.venv/lib/python3.13/site-packages/jax/_src/pallas/pallas_call.py", line 972, in _pallas_call_lowering
    return mlir.lower_per_platform(
           ~~~~~~~~~~~~~~~~~~~~~~~^
        ctx,
        ^^^^
    ...<11 lines>...
        **params,
        ^^^^^^^^^
    )
    ^
  File "/Users/assmuth/dsnn/.venv/lib/python3.13/site-packages/jax/_src/pallas/pallas_call.py", line 911, in gpu_lowering
    return rule(ctx, *in_nodes, compiler_params=compiler_params, **params)
  File "/Users/assmuth/dsnn/.venv/lib/python3.13/site-packages/jax/_src/pallas/triton/pallas_call_registration.py", line 107, in pallas_call_lowering
    raise RuntimeError(
    ...<3 lines>...
    ) from None
RuntimeError: No supported GPU devices found, please specify an abstract GPU device using AbstractDevice. See jax.sharding.use_abstract_mesh method for example.
--------------------
For simplicity, JAX has removed its internal frames from the traceback of the following exception. Set JAX_TRACEBACK_FILTERING=off to include these.
[1;34mwandb[0m: 
[1;34mwandb[0m: You can sync this run to the cloud by running:
[1;34mwandb[0m: [1mwandb sync /Users/assmuth/dsnn/alphagrad/wandb/offline-run-20260724_105316-krgrg8x5[0m
[1;34mwandb[0m: Find logs at: [1;35mwandb/offline-run-20260724_105316-krgrg8x5/logs[0m
Exception ignored in atexit callback <function clean_up at 0x7c71860b9080>:
Traceback (most recent call last):
  File "/Users/assmuth/dsnn/.venv/lib/python3.13/site-packages/jax/_src/api.py", line 2765, in clean_up
    clear_backends(_crash=True)
  File "/Users/assmuth/dsnn/.venv/lib/python3.13/site-packages/jax/_src/api.py", line 2741, in clear_backends
    effects_barrier()
  File "/Users/assmuth/dsnn/.venv/lib/python3.13/site-packages/jax/_src/api.py", line 2664, in effects_barrier
    dispatch.runtime_tokens.block_until_ready()
  File "/Users/assmuth/dsnn/.venv/lib/python3.13/site-packages/jax/_src/dispatch.py", line 171, in block_until_ready
    token.block_until_ready()
jax.errors.JaxRuntimeError: INTERNAL: CpuCallback error calling callback: Traceback (most recent call last):
  File "/Users/assmuth/dsnn/alphagrad/src/alphagrad/approx/train_lean.py", line 127, in <module>
  File "/Users/assmuth/dsnn/alphagrad/src/alphagrad/approx/train_lean.py", line 117, in main
  File "/Users/assmuth/dsnn/alphagrad/src/alphagrad/approx/train_lean.py", line 62, in rollout
  File "/Users/assmuth/dsnn/alphagrad/src/alphagrad/approx/env.py", line 1630, in reset
  File "/Users/assmuth/dsnn/.venv/lib/python3.13/site-packages/jax/_src/callback.py", line 579, in io_callback
  File "/Users/assmuth/dsnn/.venv/lib/python3.13/site-packages/jax/_src/core.py", line 727, in bind
  File "/Users/assmuth/dsnn/.venv/lib/python3.13/site-packages/jax/_src/core.py", line 735, in bind_with_trace
  File "/Users/assmuth/dsnn/.venv/lib/python3.13/site-packages/jax/_src/core.py", line 1316, in process_primitive
  File "/Users/assmuth/dsnn/.venv/lib/python3.13/site-packages/jax/_src/dispatch.py", line 88, in apply_primitive
  File "/Users/assmuth/dsnn/.venv/lib/python3.13/site-packages/jax/_src/traceback_util.py", line 195, in reraise_with_filtered_traceback
  File "/Users/assmuth/dsnn/.venv/lib/python3.13/site-packages/jax/_src/pjit.py", line 266, in cache_miss
  File "/Users/assmuth/dsnn/.venv/lib/python3.13/site-packages/jax/_src/pjit.py", line 142, in _run_python_pjit
  File "/Users/assmuth/dsnn/.venv/lib/python3.13/site-packages/jax/_src/pjit.py", line 1222, in _pjit_call_impl_python
  File "/Users/assmuth/dsnn/.venv/lib/python3.13/site-packages/jax/_src/profiler.py", line 420, in wrapper
  File "/Users/assmuth/dsnn/.venv/lib/python3.13/site-packages/jax/_src/interpreters/pxla.py", line 413, in __call__
  File "/Users/assmuth/dsnn/.venv/lib/python3.13/site-packages/jax/_src/callback.py", line 816, in _wrapped_callback
  File "/Users/assmuth/dsnn/.venv/lib/python3.13/site-packages/jax/_src/callback.py", line 494, in _callback
  File "/Users/assmuth/dsnn/.venv/lib/python3.13/site-packages/jax/_src/callback.py", line 440, in io_callback_impl
  File "/Users/assmuth/dsnn/.venv/lib/python3.13/site-packages/jax/_src/callback.py", line 71, in __call__
  File "/Users/assmuth/dsnn/alphagrad/src/alphagrad/approx/env.py", line 1098, in _callback
  File "/Users/assmuth/dsnn/graphax/src/graphax/core.py", line 2830, in extract_jaxpr
  File "/Users/assmuth/dsnn/.venv/lib/python3.13/site-packages/jax/_src/traceback_util.py", line 199, in reraise_with_filtered_traceback
  File "/Users/assmuth/dsnn/.venv/lib/python3.13/site-packages/jax/_src/api.py", line 2137, in make_jaxpr_f
  File "/Users/assmuth/dsnn/.venv/lib/python3.13/site-packages/jax/_src/traceback_util.py", line 199, in reraise_with_filtered_traceback
  File "/Users/assmuth/dsnn/.venv/lib/python3.13/site-packages/jax/_src/pjit.py", line 312, in jit_trace
  File "/Users/assmuth/dsnn/.venv/lib/python3.13/site-packages/jax/_src/pjit.py", line 652, in _infer_params
  File "/Users/assmuth/dsnn/.venv/lib/python3.13/site-packages/jax/_src/pjit.py", line 554, in _trace_for_jit
  File "/Users/assmuth/dsnn/.venv/lib/python3.13/site-packages/jax/_src/interpreters/partial_eval.py", line 2329, in trace_to_jaxpr
  File "/Users/assmuth/dsnn/.venv/lib/python3.13/site-packages/jax/_src/interpreters/partial_eval.py", line 2290, in trace_to_jaxpr_nocache
  File "/Users/assmuth/dsnn/graphax/src/graphax/core.py", line 2782, in eval_graph
  File "/Users/assmuth/dsnn/graphax/src/graphax/core.py", line 2608, in vertex_elimination_jaxpr
ValueError: jacve: the elimination order left 12 intermediate vertex/vertices with live edges un-eliminated — the dense Jacobian would silently drop every path through them (this typically means the numeric order was built from the non-inlined jaxpr; jacve inlines jit/pjit/custom_jvp bodies, which adds equations). Pass a full order or set GRAPHAX_ALLOW_PARTIAL_ORDER=1 to accept a partial Jacobian. [executable_name='jit_io_callback']
=== RC=1 ===
