=== node=pgi15-gpu9.iff.kfa-juelich.de gpus=2 ===
/Users/assmuth/dsnn/.venv/lib/python3.13/site-packages/jaxlib/plugin_support.py:92: RuntimeWarning: JAX plugin jax_cuda12_plugin version 0.10.1.dev0+selfbuilt is installed, but it is not compatible with the installed jaxlib version 0.11.0, so it will not be used.
  warnings.warn(
[train_lean] {'commit/alphagrad': '56bd191', 'commit/graphax': 'eb6ad3e', 'commit/dsnn': '4cf29af'}
wandb: Loading settings from /Users/assmuth/.config/wandb/settings
wandb: Tracking run with wandb version 0.25.0
wandb: W&B syncing is set to `offline` in this directory. Run `wandb online` or set WANDB_MODE=online to enable cloud syncing.
wandb: Run data is saved locally in /Users/assmuth/dsnn/alphagrad/wandb/offline-run-20260724_134106-jode33mz
[train_lean] backend: gpu-kernel
W0724 13:41:07.591802  159943 text_format.cc:393] Warning parsing text-format xla.TritonGemmConfigsProto: 15:53 (N = 1): text format contains deprecated field "split_k"
W0724 13:41:07.591824  159943 text_format.cc:393] Warning parsing text-format xla.TritonGemmConfigsProto: 16:53 (N = 2): text format contains deprecated field "split_k"
W0724 13:41:07.591831  159943 text_format.cc:393] Warning parsing text-format xla.TritonGemmConfigsProto: 18:53 (N = 4): text format contains deprecated field "split_k"
W0724 13:41:07.591840  159943 text_format.cc:393] Warning parsing text-format xla.TritonGemmConfigsProto: 22:53 (N = 8): text format contains deprecated field "split_k"
W0724 13:41:07.591854  159943 text_format.cc:393] Warning parsing text-format xla.TritonGemmConfigsProto: 30:53 (N = 16): text format contains deprecated field "split_k"
W0724 13:41:07.591882  159943 text_format.cc:393] Warning parsing text-format xla.TritonGemmConfigsProto: 16:52 (N = 32): text format contains deprecated field "split_k"
W0724 13:41:07.591931  159943 text_format.cc:393] Warning parsing text-format xla.TritonGemmConfigsProto: 48:53 (N = 64): text format contains deprecated field "split_k"
W0724 13:41:07.592036  159943 text_format.cc:393] Warning parsing text-format xla.TritonGemmConfigsProto: 78:53 (N = 128): text format contains deprecated field "split_k"
W0724 13:41:07.592218  159943 text_format.cc:393] Warning parsing text-format xla.TritonGemmConfigsProto: 36:55 (N = 256): text format contains deprecated field "split_k"
Traceback (most recent call last):
  File "/Users/assmuth/dsnn/alphagrad/src/alphagrad/approx/train_lean.py", line 165, in <module>
    main()
    ~~~~^^
  File "/Users/assmuth/dsnn/alphagrad/src/alphagrad/approx/train_lean.py", line 155, in main
    r = rollout(env, agent, tables, quant_mask, rk)
  File "/Users/assmuth/dsnn/alphagrad/src/alphagrad/approx/train_lean.py", line 109, in rollout
    (actions, *_r) = agent.micro_action_policy.sample(
                     ~~~~~~~~~~~~~~~~~~~~~~~~~~~~~~~~^
        vctx[v], feats, quant_mask, tables, k_m)
        ^^^^^^^^^^^^^^^^^^^^^^^^^^^^^^^^^^^^^^^^
  File "/Users/assmuth/dsnn/.venv/lib/python3.13/site-packages/equinox/_module/_prebuilt.py", line 34, in __call__
    return self.__func__(self.__self__, *args, **kwargs)
           ~~~~~~~~~~~~~^^^^^^^^^^^^^^^^^^^^^^^^^^^^^^^^
  File "/Users/assmuth/dsnn/alphagrad/src/alphagrad/approx/heads.py", line 1290, in sample
    ) = lax.scan(step_fn, init_carry, keys)
        ~~~~~~~~^^^^^^^^^^^^^^^^^^^^^^^^^^^
  File "/Users/assmuth/dsnn/alphagrad/src/alphagrad/approx/heads.py", line 1281, in step_fn
    return self._step_sample(
           ~~~~~~~~~~~~~~~~~^
        carry, k,
        ^^^^^^^^^
        vertex_context=vertex_context, tables=tables, cap=cap,
        ^^^^^^^^^^^^^^^^^^^^^^^^^^^^^^^^^^^^^^^^^^^^^^^^^^^^^^
    )
    ^
  File "/Users/assmuth/dsnn/.venv/lib/python3.13/site-packages/equinox/_module/_prebuilt.py", line 34, in __call__
    return self.__func__(self.__self__, *args, **kwargs)
           ~~~~~~~~~~~~~^^^^^^^^^^^^^^^^^^^^^^^^^^^^^^^^
TypeError: MicroActionPolicy._step_sample() missing 1 required keyword-only argument: 'quant_legality_mask'
--------------------
For simplicity, JAX has removed its internal frames from the traceback of the following exception. Set JAX_TRACEBACK_FILTERING=off to include these.
[1;34mwandb[0m: 
[1;34mwandb[0m: You can sync this run to the cloud by running:
[1;34mwandb[0m: [1mwandb sync /Users/assmuth/dsnn/alphagrad/wandb/offline-run-20260724_134106-jode33mz[0m
[1;34mwandb[0m: Find logs at: [1;35mwandb/offline-run-20260724_134106-jode33mz/logs[0m
=== RC=1 ===
