data N=192 L=122910 NV=96 nsteps=71 faces=26159 targets=['ln_out', 'ln_prim', 'ln_maxdim', 'ln_stored', 'gain', 'ln_factor', 'n_diag', 'n_comp', 'n_paired', 'n_compressed', 'is_lowrank', 'n_dims', 'stat_ln_i', 'stat_ln_j']
faces/traj min=87 max=393 mean=136.2
chunk len: mean 314 max 2021 cap 2021 truncated 0.0%
train 160 test 32
target mu [ 7.05 10.22  6.98 12.56  4.71  1.63  0.44  2.03  1.23  0.    0.    3.16
 10.22  7.05] 
       sd [5.36 3.36 1.25 6.36 5.68 2.64 0.85 0.97 1.3  0.   0.   0.96 3.36 5.36]
buckets {32768: 92, 49152: 23, 65536: 57, 81920: 15, 98304: 2, 114688: 1, 122910: 2}
[alphagrad] positional encoding: OFF (backbone=palimpsa)
[alphagrad] policy backbone: PALIMPSA (unidirectional/causal) linear-attention encoder
arm today_sizes din=86

=== FACE BASELINES (test) R2 / R2_within ===
  const_global         ln_out:-0.000/ 0.000  ln_prim:-0.000/ 0.000  ln_maxdim:-0.001/ 0.000  ln_stored:-0.001/ 0.000  gain:-0.001/ 0.000  ln_factor:-0.001/ 0.000  n_diag:-0.000/ 0.000  n_comp:-0.001/ 0.000  n_paired:-0.000/ 0.000  n_compressed:   nan/   nan  is_lowrank:   nan/   nan  n_dims:-0.000/ 0.000  stat_ln_i:-0.000/ 0.000  stat_ln_j:-0.000/ 0.000
  const_vertex         ln_out: 0.138/ 0.000  ln_prim: 0.386/ 0.000  ln_maxdim: 0.473/ 0.000  ln_stored: 0.253/ 0.000  gain: 0.171/ 0.000  ln_factor: 0.255/ 0.000  n_diag: 0.218/ 0.000  n_comp: 0.315/ 0.000  n_paired: 0.129/ 0.000  n_compressed:   nan/   nan  is_lowrank:   nan/   nan  n_dims: 0.234/ 0.000  stat_ln_i: 0.386/ 0.000  stat_ln_j: 0.138/ 0.000
  const_facekey        ln_out: 0.857/ 0.025  ln_prim: 0.552/ 0.154  ln_maxdim: 0.806/ 0.333  ln_stored: 0.600/-0.080  gain: 0.722/ 0.079  ln_factor: 0.419/-0.224  n_diag: 0.304/-0.252  n_comp: 0.605/-0.100  n_paired: 0.664/-0.029  n_compressed:   nan/   nan  is_lowrank:   nan/   nan  n_dims: 0.890/ 0.060  stat_ln_i: 0.792/ 0.698  stat_ln_j: 0.986/ 0.904
  const_facekey_step   ln_out: 0.786/-0.210  ln_prim: 0.475/ 0.071  ln_maxdim: 0.726/ 0.242  ln_stored: 0.519/-0.237  gain: 0.691/ 0.034  ln_factor: 0.335/-0.335  n_diag: 0.215/-0.371  n_comp: 0.525/-0.260  n_paired: 0.593/-0.127  n_compressed:   nan/   nan  is_lowrank:   nan/   nan  n_dims: 0.830/-0.228  stat_ln_i: 0.722/ 0.569  stat_ln_j: 0.919/ 0.616
W0814 00:53:44.065998 3645265 text_format.cc:393] Warning parsing text-format xla.TritonGemmConfigsProto: 15:53 (N = 1): text format contains deprecated field "split_k"
W0814 00:53:44.066029 3645265 text_format.cc:393] Warning parsing text-format xla.TritonGemmConfigsProto: 16:53 (N = 2): text format contains deprecated field "split_k"
W0814 00:53:44.066036 3645265 text_format.cc:393] Warning parsing text-format xla.TritonGemmConfigsProto: 18:53 (N = 4): text format contains deprecated field "split_k"
W0814 00:53:44.066046 3645265 text_format.cc:393] Warning parsing text-format xla.TritonGemmConfigsProto: 22:53 (N = 8): text format contains deprecated field "split_k"
W0814 00:53:44.066064 3645265 text_format.cc:393] Warning parsing text-format xla.TritonGemmConfigsProto: 30:53 (N = 16): text format contains deprecated field "split_k"
W0814 00:53:44.066103 3645265 text_format.cc:393] Warning parsing text-format xla.TritonGemmConfigsProto: 16:52 (N = 32): text format contains deprecated field "split_k"
W0814 00:53:44.066174 3645265 text_format.cc:393] Warning parsing text-format xla.TritonGemmConfigsProto: 48:53 (N = 64): text format contains deprecated field "split_k"
W0814 00:53:44.066326 3645265 text_format.cc:393] Warning parsing text-format xla.TritonGemmConfigsProto: 78:53 (N = 128): text format contains deprecated field "split_k"
W0814 00:53:44.066612 3645265 text_format.cc:393] Warning parsing text-format xla.TritonGemmConfigsProto: 36:55 (N = 256): text format contains deprecated field "split_k"
step    25 loss 9.0775 wall 460s
step    50 loss 8.8634 wall 477s
step    75 loss 3.2749 wall 493s
step   100 loss 2.3950 wall 510s
--- eval @ 100  (test R2 | train R2) ---
  ln_out        test   0.818 (w  0.278)   train   0.825
  ln_prim       test   0.508 (w  0.438)   train   0.530
  ln_maxdim     test   0.680 (w  0.457)   train   0.668
  ln_stored     test   0.520 (w  0.337)   train   0.529
  gain          test   0.435 (w  0.071)   train   0.412
  ln_factor     test   0.491 (w  0.216)   train   0.480
  n_diag        test   0.436 (w  0.166)   train   0.421
  n_comp        test   0.497 (w  0.241)   train   0.496
  n_paired      test   0.512 (w  0.008)   train   0.501
  n_compressed  test     nan (w    nan)   train     nan
  is_lowrank    test     nan (w    nan)   train     nan
  n_dims        test   0.824 (w  0.175)   train   0.808
  stat_ln_i     test   0.409 (w  0.102)   train   0.420
  stat_ln_j     test   0.722 (w -0.570)   train   0.739
step   125 loss 1.2707 wall 624s
step   150 loss 6.2456 wall 757s
step   175 loss 5.3631 wall 775s
step   200 loss 1.0130 wall 790s
--- eval @ 200  (test R2 | train R2) ---
  ln_out        test   0.903 (w  0.499)   train   0.896
  ln_prim       test   0.713 (w  0.585)   train   0.697
  ln_maxdim     test   0.802 (w  0.603)   train   0.798
  ln_stored     test   0.667 (w  0.415)   train   0.664
  gain          test   0.628 (w  0.125)   train   0.603
  ln_factor     test   0.591 (w  0.286)   train   0.585
  n_diag        test   0.521 (w  0.221)   train   0.501
  n_comp        test   0.624 (w  0.285)   train   0.615
  n_paired      test   0.586 (w  0.064)   train   0.580
  n_compressed  test     nan (w    nan)   train     nan
  is_lowrank    test     nan (w    nan)   train     nan
  n_dims        test   0.907 (w  0.365)   train   0.898
  stat_ln_i     test   0.524 (w  0.189)   train   0.511
  stat_ln_j     test   0.781 (w -0.389)   train   0.793
step   225 loss 4.7516 wall 807s
step   250 loss 0.8478 wall 824s
step   275 loss 0.6088 wall 839s
step   300 loss 4.0051 wall 857s
--- eval @ 300  (test R2 | train R2) ---
  ln_out        test   0.934 (w  0.703)   train   0.926
  ln_prim       test   0.833 (w  0.753)   train   0.816
  ln_maxdim     test   0.845 (w  0.698)   train   0.849
  ln_stored     test   0.768 (w  0.461)   train   0.774
  gain          test   0.701 (w  0.202)   train   0.685
  ln_factor     test   0.657 (w  0.320)   train   0.660
  n_diag        test   0.580 (w  0.238)   train   0.570
  n_comp        test   0.733 (w  0.308)   train   0.734
  n_paired      test   0.634 (w  0.143)   train   0.619
  n_compressed  test     nan (w    nan)   train     nan
  is_lowrank    test     nan (w    nan)   train     nan
  n_dims        test   0.908 (w  0.534)   train   0.900
  stat_ln_i     test   0.601 (w  0.238)   train   0.572
  stat_ln_j     test   0.807 (w -0.270)   train   0.814
step   325 loss 0.6039 wall 876s
step   350 loss 0.5971 wall 892s
step   375 loss 3.4116 wall 908s
step   400 loss 3.4830 wall 924s
--- eval @ 400  (test R2 | train R2) ---
  ln_out        test   0.946 (w  0.742)   train   0.939
  ln_prim       test   0.868 (w  0.795)   train   0.849
  ln_maxdim     test   0.891 (w  0.770)   train   0.895
  ln_stored     test   0.796 (w  0.535)   train   0.798
  gain          test   0.760 (w  0.284)   train   0.743
  ln_factor     test   0.672 (w  0.358)   train   0.678
  n_diag        test   0.574 (w  0.270)   train   0.568
  n_comp        test   0.757 (w  0.376)   train   0.753
  n_paired      test   0.676 (w  0.209)   train   0.667
  n_compressed  test     nan (w    nan)   train     nan
  is_lowrank    test     nan (w    nan)   train     nan
  n_dims        test   0.944 (w  0.605)   train   0.937
  stat_ln_i     test   0.618 (w  0.258)   train   0.598
  stat_ln_j     test   0.823 (w -0.216)   train   0.833
step   425 loss 3.1659 wall 942s
step   450 loss 0.3314 wall 958s
step   475 loss 2.7239 wall 976s
step   500 loss 0.5720 wall 991s
--- eval @ 500  (test R2 | train R2) ---
  ln_out        test   0.957 (w  0.779)   train   0.955
  ln_prim       test   0.900 (w  0.834)   train   0.893
  ln_maxdim     test   0.907 (w  0.823)   train   0.908
  ln_stored     test   0.825 (w  0.556)   train   0.843
  gain          test   0.792 (w  0.311)   train   0.799
  ln_factor     test   0.703 (w  0.401)   train   0.721
  n_diag        test   0.613 (w  0.297)   train   0.627
  n_comp        test   0.793 (w  0.391)   train   0.804
  n_paired      test   0.737 (w  0.310)   train   0.734
  n_compressed  test     nan (w    nan)   train     nan
  is_lowrank    test     nan (w    nan)   train     nan
  n_dims        test   0.955 (w  0.675)   train   0.952
  stat_ln_i     test   0.627 (w  0.283)   train   0.611
  stat_ln_j     test   0.840 (w -0.104)   train   0.849
step   525 loss 3.2440 wall 1011s
step   550 loss 3.3949 wall 1029s
step   575 loss 2.2423 wall 1045s
step   600 loss 3.6587 wall 1061s
--- eval @ 600  (test R2 | train R2) ---
  ln_out        test   0.964 (w  0.801)   train   0.960
  ln_prim       test   0.915 (w  0.852)   train   0.907
  ln_maxdim     test   0.930 (w  0.841)   train   0.934
  ln_stored     test   0.819 (w  0.592)   train   0.833
  gain          test   0.799 (w  0.373)   train   0.801
  ln_factor     test   0.733 (w  0.439)   train   0.751
  n_diag        test   0.640 (w  0.344)   train   0.656
  n_comp        test   0.778 (w  0.437)   train   0.784
  n_paired      test   0.764 (w  0.374)   train   0.762
  n_compressed  test     nan (w    nan)   train     nan
  is_lowrank    test     nan (w    nan)   train     nan
  n_dims        test   0.959 (w  0.713)   train   0.957
  stat_ln_i     test   0.653 (w  0.327)   train   0.638
  stat_ln_j     test   0.846 (w -0.055)   train   0.858
step   625 loss 2.5415 wall 1079s
step   650 loss 0.2915 wall 1095s
step   675 loss 0.2578 wall 1112s
step   700 loss 2.0386 wall 1129s
--- eval @ 700  (test R2 | train R2) ---
  ln_out        test   0.966 (w  0.817)   train   0.963
  ln_prim       test   0.913 (w  0.870)   train   0.911
  ln_maxdim     test   0.933 (w  0.859)   train   0.939
  ln_stored     test   0.845 (w  0.585)   train   0.868
  gain          test   0.818 (w  0.369)   train   0.835
  ln_factor     test   0.744 (w  0.468)   train   0.767
  n_diag        test   0.663 (w  0.388)   train   0.690
  n_comp        test   0.813 (w  0.428)   train   0.830
  n_paired      test   0.785 (w  0.429)   train   0.786
  n_compressed  test     nan (w    nan)   train     nan
  is_lowrank    test     nan (w    nan)   train     nan
  n_dims        test   0.962 (w  0.738)   train   0.959
  stat_ln_i     test   0.661 (w  0.357)   train   0.656
  stat_ln_j     test   0.850 (w -0.018)   train   0.860
step   725 loss 3.9319 wall 1146s
step   750 loss 2.5764 wall 1164s
step   775 loss 1.7198 wall 1180s
step   800 loss 0.2377 wall 1195s
--- eval @ 800  (test R2 | train R2) ---
  ln_out        test   0.968 (w  0.823)   train   0.965
  ln_prim       test   0.919 (w  0.870)   train   0.915
  ln_maxdim     test   0.945 (w  0.874)   train   0.948
  ln_stored     test   0.830 (w  0.604)   train   0.861
  gain          test   0.804 (w  0.389)   train   0.829
  ln_factor     test   0.754 (w  0.498)   train   0.781
  n_diag        test   0.670 (w  0.413)   train   0.702
  n_comp        test   0.803 (w  0.456)   train   0.826
  n_paired      test   0.778 (w  0.444)   train   0.793
  n_compressed  test     nan (w    nan)   train     nan
  is_lowrank    test     nan (w    nan)   train     nan
  n_dims        test   0.964 (w  0.742)   train   0.960
  stat_ln_i     test   0.679 (w  0.375)   train   0.672
  stat_ln_j     test   0.854 (w  0.011)   train   0.863
step   825 loss 0.1785 wall 1211s
step   850 loss 0.1901 wall 1227s
step   875 loss 0.2344 wall 1243s
step   900 loss 1.1685 wall 1261s
--- eval @ 900  (test R2 | train R2) ---
  ln_out        test   0.967 (w  0.835)   train   0.964
  ln_prim       test   0.932 (w  0.881)   train   0.927
  ln_maxdim     test   0.948 (w  0.886)   train   0.952
  ln_stored     test   0.855 (w  0.629)   train   0.880
  gain          test   0.834 (w  0.433)   train   0.853
  ln_factor     test   0.770 (w  0.514)   train   0.790
  n_diag        test   0.678 (w  0.445)   train   0.711
  n_comp        test   0.828 (w  0.489)   train   0.847
  n_paired      test   0.791 (w  0.463)   train   0.808
  n_compressed  test     nan (w    nan)   train     nan
  is_lowrank    test     nan (w    nan)   train     nan
  n_dims        test   0.966 (w  0.761)   train   0.963
  stat_ln_i     test   0.691 (w  0.391)   train   0.692
  stat_ln_j     test   0.865 (w  0.067)   train   0.871
step   925 loss 2.0289 wall 1279s
step   950 loss 0.2536 wall 1297s
step   975 loss 3.3035 wall 1315s
step  1000 loss 0.1316 wall 1333s
--- eval @ 1000  (test R2 | train R2) ---
  ln_out        test   0.970 (w  0.849)   train   0.969
  ln_prim       test   0.931 (w  0.888)   train   0.930
  ln_maxdim     test   0.952 (w  0.892)   train   0.953
  ln_stored     test   0.859 (w  0.620)   train   0.891
  gain          test   0.837 (w  0.425)   train   0.864
  ln_factor     test   0.788 (w  0.538)   train   0.811
  n_diag        test   0.701 (w  0.451)   train   0.736
  n_comp        test   0.829 (w  0.475)   train   0.857
  n_paired      test   0.802 (w  0.468)   train   0.821
  n_compressed  test     nan (w    nan)   train     nan
  is_lowrank    test     nan (w    nan)   train     nan
  n_dims        test   0.968 (w  0.776)   train   0.965
  stat_ln_i     test   0.677 (w  0.385)   train   0.671
  stat_ln_j     test   0.865 (w  0.064)   train   0.874
step  1025 loss 0.3772 wall 1351s
step  1050 loss 0.2595 wall 1367s
step  1075 loss 0.2948 wall 1384s
step  1100 loss 2.4932 wall 1401s
--- eval @ 1100  (test R2 | train R2) ---
  ln_out        test   0.958 (w  0.818)   train   0.956
  ln_prim       test   0.910 (w  0.863)   train   0.906
  ln_maxdim     test   0.945 (w  0.892)   train   0.949
  ln_stored     test   0.861 (w  0.643)   train   0.889
  gain          test   0.828 (w  0.459)   train   0.847
  ln_factor     test   0.700 (w  0.509)   train   0.731
  n_diag        test   0.651 (w  0.445)   train   0.704
  n_comp        test   0.828 (w  0.495)   train   0.849
  n_paired      test   0.763 (w  0.460)   train   0.769
  n_compressed  test     nan (w    nan)   train     nan
  is_lowrank    test     nan (w    nan)   train     nan
  n_dims        test   0.951 (w  0.755)   train   0.949
  stat_ln_i     test   0.691 (w  0.419)   train   0.690
  stat_ln_j     test   0.853 (w  0.037)   train   0.862
step  1125 loss 2.1020 wall 1418s
step  1150 loss 0.2089 wall 1435s
step  1175 loss 0.1258 wall 1453s
step  1200 loss 1.8387 wall 1471s
--- eval @ 1200  (test R2 | train R2) ---
  ln_out        test   0.972 (w  0.858)   train   0.970
  ln_prim       test   0.935 (w  0.899)   train   0.933
  ln_maxdim     test   0.958 (w  0.910)   train   0.963
  ln_stored     test   0.867 (w  0.672)   train   0.898
  gain          test   0.845 (w  0.499)   train   0.873
  ln_factor     test   0.801 (w  0.567)   train   0.830
  n_diag        test   0.726 (w  0.504)   train   0.766
  n_comp        test   0.839 (w  0.538)   train   0.865
  n_paired      test   0.809 (w  0.493)   train   0.834
  n_compressed  test     nan (w    nan)   train     nan
  is_lowrank    test     nan (w    nan)   train     nan
  n_dims        test   0.968 (w  0.796)   train   0.966
  stat_ln_i     test   0.708 (w  0.435)   train   0.718
  stat_ln_j     test   0.870 (w  0.105)   train   0.878
step  1225 loss 0.1837 wall 1490s
step  1250 loss 0.3589 wall 1506s
step  1275 loss 2.0819 wall 1524s
step  1300 loss 2.0838 wall 1539s
--- eval @ 1300  (test R2 | train R2) ---
  ln_out        test   0.976 (w  0.864)   train   0.974
  ln_prim       test   0.943 (w  0.900)   train   0.941
  ln_maxdim     test   0.960 (w  0.909)   train   0.963
  ln_stored     test   0.875 (w  0.673)   train   0.912
  gain          test   0.854 (w  0.506)   train   0.888
  ln_factor     test   0.803 (w  0.570)   train   0.845
  n_diag        test   0.722 (w  0.505)   train   0.781
  n_comp        test   0.849 (w  0.539)   train   0.880
  n_paired      test   0.814 (w  0.513)   train   0.846
  n_compressed  test     nan (w    nan)   train     nan
  is_lowrank    test     nan (w    nan)   train     nan
  n_dims        test   0.971 (w  0.801)   train   0.968
  stat_ln_i     test   0.711 (w  0.440)   train   0.726
  stat_ln_j     test   0.876 (w  0.132)   train   0.882
step  1325 loss 1.9631 wall 1556s
step  1350 loss 0.2807 wall 1573s
step  1375 loss 1.9908 wall 1591s
step  1400 loss 0.1419 wall 1606s
--- eval @ 1400  (test R2 | train R2) ---
  ln_out        test   0.977 (w  0.867)   train   0.973
  ln_prim       test   0.944 (w  0.902)   train   0.939
  ln_maxdim     test   0.965 (w  0.914)   train   0.969
  ln_stored     test   0.861 (w  0.656)   train   0.908
  gain          test   0.838 (w  0.477)   train   0.883
  ln_factor     test   0.789 (w  0.556)   train   0.846
  n_diag        test   0.720 (w  0.508)   train   0.776
  n_comp        test   0.833 (w  0.525)   train   0.876
  n_paired      test   0.805 (w  0.491)   train   0.845
  n_compressed  test     nan (w    nan)   train     nan
  is_lowrank    test     nan (w    nan)   train     nan
  n_dims        test   0.971 (w  0.807)   train   0.968
  stat_ln_i     test   0.703 (w  0.442)   train   0.724
  stat_ln_j     test   0.877 (w  0.148)   train   0.883
step  1425 loss 2.3424 wall 1624s
step  1450 loss 0.2145 wall 1640s
step  1475 loss 0.1981 wall 1656s
step  1500 loss 0.1534 wall 1675s
--- eval @ 1500  (test R2 | train R2) ---
  ln_out        test   0.978 (w  0.867)   train   0.976
  ln_prim       test   0.940 (w  0.898)   train   0.936
  ln_maxdim     test   0.967 (w  0.917)   train   0.969
  ln_stored     test   0.864 (w  0.645)   train   0.911
  gain          test   0.842 (w  0.463)   train   0.888
  ln_factor     test   0.792 (w  0.568)   train   0.845
  n_diag        test   0.710 (w  0.496)   train   0.786
  n_comp        test   0.832 (w  0.502)   train   0.874
  n_paired      test   0.806 (w  0.500)   train   0.843
  n_compressed  test     nan (w    nan)   train     nan
  is_lowrank    test     nan (w    nan)   train     nan
  n_dims        test   0.971 (w  0.805)   train   0.970
  stat_ln_i     test   0.704 (w  0.461)   train   0.722
  stat_ln_j     test   0.876 (w  0.134)   train   0.886
step  1525 loss 1.8740 wall 1691s
step  1550 loss 0.1145 wall 1706s
step  1575 loss 1.7041 wall 1723s
step  1600 loss 1.0987 wall 1740s
--- eval @ 1600  (test R2 | train R2) ---
  ln_out        test   0.979 (w  0.866)   train   0.977
  ln_prim       test   0.947 (w  0.902)   train   0.945
  ln_maxdim     test   0.970 (w  0.930)   train   0.974
  ln_stored     test   0.880 (w  0.688)   train   0.923
  gain          test   0.858 (w  0.522)   train   0.902
  ln_factor     test   0.813 (w  0.603)   train   0.862
  n_diag        test   0.736 (w  0.523)   train   0.805
  n_comp        test   0.849 (w  0.564)   train   0.892
  n_paired      test   0.815 (w  0.524)   train   0.855
  n_compressed  test     nan (w    nan)   train     nan
  is_lowrank    test     nan (w    nan)   train     nan
  n_dims        test   0.974 (w  0.811)   train   0.970
  stat_ln_i     test   0.715 (w  0.471)   train   0.735
  stat_ln_j     test   0.880 (w  0.179)   train   0.888
step  1625 loss 1.9609 wall 1758s
step  1650 loss 0.0860 wall 1774s
step  1675 loss 2.0099 wall 1791s
step  1700 loss 0.1378 wall 1808s
--- eval @ 1700  (test R2 | train R2) ---
  ln_out        test   0.977 (w  0.875)   train   0.975
  ln_prim       test   0.946 (w  0.908)   train   0.945
  ln_maxdim     test   0.968 (w  0.926)   train   0.972
  ln_stored     test   0.878 (w  0.670)   train   0.927
  gain          test   0.857 (w  0.498)   train   0.908
  ln_factor     test   0.808 (w  0.594)   train   0.866
  n_diag        test   0.732 (w  0.521)   train   0.807
  n_comp        test   0.855 (w  0.547)   train   0.903
  n_paired      test   0.816 (w  0.512)   train   0.861
  n_compressed  test     nan (w    nan)   train     nan
  is_lowrank    test     nan (w    nan)   train     nan
  n_dims        test   0.973 (w  0.814)   train   0.971
  stat_ln_i     test   0.722 (w  0.474)   train   0.757
  stat_ln_j     test   0.880 (w  0.175)   train   0.892
step  1725 loss 0.0805 wall 1824s
step  1750 loss 0.1256 wall 1842s
step  1775 loss 1.6227 wall 1858s
step  1800 loss 1.6522 wall 1876s
--- eval @ 1800  (test R2 | train R2) ---
  ln_out        test   0.979 (w  0.876)   train   0.978
  ln_prim       test   0.949 (w  0.908)   train   0.949
  ln_maxdim     test   0.974 (w  0.933)   train   0.978
  ln_stored     test   0.882 (w  0.678)   train   0.934
  gain          test   0.862 (w  0.509)   train   0.919
  ln_factor     test   0.812 (w  0.591)   train   0.874
  n_diag        test   0.741 (w  0.523)   train   0.828
  n_comp        test   0.856 (w  0.552)   train   0.911
  n_paired      test   0.821 (w  0.522)   train   0.875
  n_compressed  test     nan (w    nan)   train     nan
  is_lowrank    test     nan (w    nan)   train     nan
  n_dims        test   0.974 (w  0.820)   train   0.971
  stat_ln_i     test   0.731 (w  0.478)   train   0.764
  stat_ln_j     test   0.880 (w  0.185)   train   0.894
step  1825 loss 0.1160 wall 1893s
step  1850 loss 0.0590 wall 1909s
step  1875 loss 1.7731 wall 1925s
step  1900 loss 0.8162 wall 1942s
--- eval @ 1900  (test R2 | train R2) ---
  ln_out        test   0.977 (w  0.874)   train   0.975
  ln_prim       test   0.934 (w  0.905)   train   0.930
  ln_maxdim     test   0.975 (w  0.934)   train   0.979
  ln_stored     test   0.881 (w  0.678)   train   0.938
  gain          test   0.862 (w  0.512)   train   0.921
  ln_factor     test   0.805 (w  0.602)   train   0.881
  n_diag        test   0.732 (w  0.520)   train   0.835
  n_comp        test   0.858 (w  0.553)   train   0.913
  n_paired      test   0.825 (w  0.530)   train   0.880
  n_compressed  test     nan (w    nan)   train     nan
  is_lowrank    test     nan (w    nan)   train     nan
  n_dims        test   0.975 (w  0.825)   train   0.972
  stat_ln_i     test   0.735 (w  0.481)   train   0.773
  stat_ln_j     test   0.883 (w  0.188)   train   0.893
step  1925 loss 1.3599 wall 1958s
step  1950 loss 0.7650 wall 1974s
step  1975 loss 2.1191 wall 1989s
step  2000 loss 0.0622 wall 2006s
--- eval @ 2000  (test R2 | train R2) ---
  ln_out        test   0.978 (w  0.881)   train   0.978
  ln_prim       test   0.937 (w  0.915)   train   0.937
  ln_maxdim     test   0.974 (w  0.935)   train   0.979
  ln_stored     test   0.865 (w  0.666)   train   0.924
  gain          test   0.849 (w  0.498)   train   0.913
  ln_factor     test   0.814 (w  0.598)   train   0.886
  n_diag        test   0.731 (w  0.505)   train   0.840
  n_comp        test   0.844 (w  0.546)   train   0.897
  n_paired      test   0.813 (w  0.499)   train   0.871
  n_compressed  test     nan (w    nan)   train     nan
  is_lowrank    test     nan (w    nan)   train     nan
  n_dims        test   0.975 (w  0.823)   train   0.972
  stat_ln_i     test   0.728 (w  0.485)   train   0.775
  stat_ln_j     test   0.884 (w  0.192)   train   0.896
step  2025 loss 0.0739 wall 2024s
step  2050 loss 0.1825 wall 2041s
step  2075 loss 1.8800 wall 2058s
step  2100 loss 1.2758 wall 2073s
--- eval @ 2100  (test R2 | train R2) ---
  ln_out        test   0.979 (w  0.874)   train   0.978
  ln_prim       test   0.950 (w  0.911)   train   0.952
  ln_maxdim     test   0.969 (w  0.934)   train   0.973
  ln_stored     test   0.869 (w  0.654)   train   0.941
  gain          test   0.848 (w  0.475)   train   0.927
  ln_factor     test   0.805 (w  0.590)   train   0.890
  n_diag        test   0.727 (w  0.500)   train   0.851
  n_comp        test   0.847 (w  0.532)   train   0.917
  n_paired      test   0.818 (w  0.508)   train   0.886
  n_compressed  test     nan (w    nan)   train     nan
  is_lowrank    test     nan (w    nan)   train     nan
  n_dims        test   0.974 (w  0.817)   train   0.972
  stat_ln_i     test   0.719 (w  0.467)   train   0.774
  stat_ln_j     test   0.881 (w  0.173)   train   0.896
step  2125 loss 0.1149 wall 2089s
step  2150 loss 0.0567 wall 2106s
step  2175 loss 0.0865 wall 2122s
step  2200 loss 0.8771 wall 2139s
--- eval @ 2200  (test R2 | train R2) ---
  ln_out        test   0.979 (w  0.876)   train   0.978
  ln_prim       test   0.950 (w  0.911)   train   0.950
  ln_maxdim     test   0.976 (w  0.939)   train   0.980
  ln_stored     test   0.877 (w  0.675)   train   0.940
  gain          test   0.856 (w  0.510)   train   0.924
  ln_factor     test   0.814 (w  0.596)   train   0.886
  n_diag        test   0.731 (w  0.507)   train   0.842
  n_comp        test   0.855 (w  0.554)   train   0.915
  n_paired      test   0.821 (w  0.513)   train   0.881
  n_compressed  test     nan (w    nan)   train     nan
  is_lowrank    test     nan (w    nan)   train     nan
  n_dims        test   0.975 (w  0.821)   train   0.971
  stat_ln_i     test   0.724 (w  0.492)   train   0.772
  stat_ln_j     test   0.888 (w  0.211)   train   0.897
step  2225 loss 0.0599 wall 2157s
step  2250 loss 1.0712 wall 2174s
step  2275 loss 0.0753 wall 2191s
step  2300 loss 0.9153 wall 2206s
--- eval @ 2300  (test R2 | train R2) ---
  ln_out        test   0.981 (w  0.885)   train   0.980
  ln_prim       test   0.954 (w  0.916)   train   0.953
  ln_maxdim     test   0.977 (w  0.942)   train   0.981
  ln_stored     test   0.875 (w  0.667)   train   0.945
  gain          test   0.854 (w  0.490)   train   0.931
  ln_factor     test   0.815 (w  0.607)   train   0.895
  n_diag        test   0.716 (w  0.497)   train   0.847
  n_comp        test   0.855 (w  0.546)   train   0.922
  n_paired      test   0.818 (w  0.512)   train   0.886
  n_compressed  test     nan (w    nan)   train     nan
  is_lowrank    test     nan (w    nan)   train     nan
  n_dims        test   0.975 (w  0.822)   train   0.972
  stat_ln_i     test   0.736 (w  0.496)   train   0.792
  stat_ln_j     test   0.887 (w  0.212)   train   0.900
step  2325 loss 0.0678 wall 2226s
step  2350 loss 0.1498 wall 2242s
step  2375 loss 0.6956 wall 2259s
step  2400 loss 1.3958 wall 2276s
--- eval @ 2400  (test R2 | train R2) ---
  ln_out        test   0.979 (w  0.884)   train   0.978
  ln_prim       test   0.951 (w  0.917)   train   0.950
  ln_maxdim     test   0.977 (w  0.940)   train   0.981
  ln_stored     test   0.874 (w  0.682)   train   0.944
  gain          test   0.854 (w  0.516)   train   0.931
  ln_factor     test   0.806 (w  0.603)   train   0.901
  n_diag        test   0.724 (w  0.506)   train   0.854
  n_comp        test   0.851 (w  0.570)   train   0.919
  n_paired      test   0.814 (w  0.514)   train   0.894
  n_compressed  test     nan (w    nan)   train     nan
  is_lowrank    test     nan (w    nan)   train     nan
  n_dims        test   0.974 (w  0.825)   train   0.970
  stat_ln_i     test   0.732 (w  0.499)   train   0.800
  stat_ln_j     test   0.864 (w  0.189)   train   0.876
step  2425 loss 0.0946 wall 2293s
step  2450 loss 1.2943 wall 2310s
step  2475 loss 1.1440 wall 2326s
step  2500 loss 1.1642 wall 2344s
--- eval @ 2500  (test R2 | train R2) ---
  ln_out        test   0.978 (w  0.885)   train   0.979
  ln_prim       test   0.951 (w  0.915)   train   0.954
  ln_maxdim     test   0.973 (w  0.942)   train   0.975
  ln_stored     test   0.872 (w  0.665)   train   0.952
  gain          test   0.852 (w  0.490)   train   0.940
  ln_factor     test   0.808 (w  0.596)   train   0.910
  n_diag        test   0.721 (w  0.498)   train   0.880
  n_comp        test   0.848 (w  0.545)   train   0.929
  n_paired      test   0.813 (w  0.505)   train   0.898
  n_compressed  test     nan (w    nan)   train     nan
  is_lowrank    test     nan (w    nan)   train     nan
  n_dims        test   0.971 (w  0.813)   train   0.967
  stat_ln_i     test   0.737 (w  0.503)   train   0.806
  stat_ln_j     test   0.876 (w  0.219)   train   0.891
step  2525 loss 1.1497 wall 2361s
step  2550 loss 0.0904 wall 2379s
step  2575 loss 0.8163 wall 2396s
step  2600 loss 0.1072 wall 2413s
--- eval @ 2600  (test R2 | train R2) ---
  ln_out        test   0.981 (w  0.888)   train   0.981
  ln_prim       test   0.955 (w  0.919)   train   0.958
  ln_maxdim     test   0.977 (w  0.944)   train   0.981
  ln_stored     test   0.877 (w  0.675)   train   0.956
  gain          test   0.857 (w  0.509)   train   0.945
  ln_factor     test   0.798 (w  0.584)   train   0.916
  n_diag        test   0.717 (w  0.495)   train   0.886
  n_comp        test   0.853 (w  0.556)   train   0.935
  n_paired      test   0.812 (w  0.498)   train   0.906
  n_compressed  test     nan (w    nan)   train     nan
  is_lowrank    test     nan (w    nan)   train     nan
  n_dims        test   0.977 (w  0.831)   train   0.975
  stat_ln_i     test   0.748 (w  0.510)   train   0.817
  stat_ln_j     test   0.891 (w  0.243)   train   0.905
step  2625 loss 1.3225 wall 2432s
step  2650 loss 1.4919 wall 2449s
step  2675 loss 0.0458 wall 2464s
step  2700 loss 0.0682 wall 2480s
--- eval @ 2700  (test R2 | train R2) ---
  ln_out        test   0.981 (w  0.884)   train   0.982
  ln_prim       test   0.957 (w  0.921)   train   0.960
  ln_maxdim     test   0.978 (w  0.947)   train   0.982
  ln_stored     test   0.878 (w  0.671)   train   0.962
  gain          test   0.853 (w  0.495)   train   0.951
  ln_factor     test   0.809 (w  0.602)   train   0.926
  n_diag        test   0.718 (w  0.494)   train   0.895
  n_comp        test   0.852 (w  0.552)   train   0.939
  n_paired      test   0.814 (w  0.502)   train   0.913
  n_compressed  test     nan (w    nan)   train     nan
  is_lowrank    test     nan (w    nan)   train     nan
  n_dims        test   0.976 (w  0.826)   train   0.975
  stat_ln_i     test   0.742 (w  0.514)   train   0.822
  stat_ln_j     test   0.890 (w  0.232)   train   0.909
step  2725 loss 0.6760 wall 2498s
step  2750 loss 0.9321 wall 2514s
step  2775 loss 1.0786 wall 2531s
step  2800 loss 0.0510 wall 2549s
--- eval @ 2800  (test R2 | train R2) ---
  ln_out        test   0.980 (w  0.887)   train   0.980
  ln_prim       test   0.957 (w  0.921)   train   0.957
  ln_maxdim     test   0.978 (w  0.945)   train   0.982
  ln_stored     test   0.873 (w  0.666)   train   0.961
  gain          test   0.852 (w  0.489)   train   0.952
  ln_factor     test   0.808 (w  0.601)   train   0.928
  n_diag        test   0.704 (w  0.466)   train   0.899
  n_comp        test   0.852 (w  0.547)   train   0.940
  n_paired      test   0.808 (w  0.481)   train   0.917
  n_compressed  test     nan (w    nan)   train     nan
  is_lowrank    test     nan (w    nan)   train     nan
  n_dims        test   0.974 (w  0.828)   train   0.973
  stat_ln_i     test   0.746 (w  0.525)   train   0.826
  stat_ln_j     test   0.893 (w  0.267)   train   0.909
step  2825 loss 0.8056 wall 2565s
step  2850 loss 0.0601 wall 2580s
step  2875 loss 0.0380 wall 2597s
step  2900 loss 0.0276 wall 2612s
--- eval @ 2900  (test R2 | train R2) ---
  ln_out        test   0.982 (w  0.895)   train   0.983
  ln_prim       test   0.957 (w  0.925)   train   0.959
  ln_maxdim     test   0.980 (w  0.948)   train   0.984
  ln_stored     test   0.876 (w  0.668)   train   0.961
  gain          test   0.853 (w  0.497)   train   0.951
  ln_factor     test   0.810 (w  0.602)   train   0.931
  n_diag        test   0.709 (w  0.484)   train   0.898
  n_comp        test   0.849 (w  0.554)   train   0.939
  n_paired      test   0.811 (w  0.490)   train   0.916
  n_compressed  test     nan (w    nan)   train     nan
  is_lowrank    test     nan (w    nan)   train     nan
  n_dims        test   0.976 (w  0.832)   train   0.976
  stat_ln_i     test   0.759 (w  0.540)   train   0.841
  stat_ln_j     test   0.894 (w  0.276)   train   0.912
step  2925 loss 0.4546 wall 2630s
step  2950 loss 0.8653 wall 2649s
step  2975 loss 0.0845 wall 2664s
step  3000 loss 2.0624 wall 2682s
--- eval @ 3000  (test R2 | train R2) ---
  ln_out        test   0.977 (w  0.894)   train   0.979
  ln_prim       test   0.947 (w  0.920)   train   0.952
  ln_maxdim     test   0.975 (w  0.945)   train   0.979
  ln_stored     test   0.872 (w  0.671)   train   0.960
  gain          test   0.852 (w  0.501)   train   0.949
  ln_factor     test   0.801 (w  0.600)   train   0.923
  n_diag        test   0.703 (w  0.477)   train   0.891
  n_comp        test   0.851 (w  0.557)   train   0.940
  n_paired      test   0.804 (w  0.498)   train   0.902
  n_compressed  test     nan (w    nan)   train     nan
  is_lowrank    test     nan (w    nan)   train     nan
  n_dims        test   0.964 (w  0.832)   train   0.962
  stat_ln_i     test   0.757 (w  0.542)   train   0.848
  stat_ln_j     test   0.891 (w  0.305)   train   0.907
done 2682.500440120697
